Component: ARM Compiler 5.05 update 2 (build 169) Tool: armlink [4d0f33]

==============================================================================

Section Cross References

    startup_stm32f10x_hd.o(RESET) refers to startup_stm32f10x_hd.o(STACK) for __initial_sp
    startup_stm32f10x_hd.o(RESET) refers to startup_stm32f10x_hd.o(.text) for Reset_Handler
    startup_stm32f10x_hd.o(RESET) refers to stm32f10x_it.o(i.NMI_Handler) for NMI_Handler
    startup_stm32f10x_hd.o(RESET) refers to stm32f10x_it.o(i.HardFault_Handler) for HardFault_Handler
    startup_stm32f10x_hd.o(RESET) refers to stm32f10x_it.o(i.MemManage_Handler) for MemManage_Handler
    startup_stm32f10x_hd.o(RESET) refers to stm32f10x_it.o(i.BusFault_Handler) for BusFault_Handler
    startup_stm32f10x_hd.o(RESET) refers to stm32f10x_it.o(i.UsageFault_Handler) for UsageFault_Handler
    startup_stm32f10x_hd.o(RESET) refers to stm32f10x_it.o(i.SVC_Handler) for SVC_Handler
    startup_stm32f10x_hd.o(RESET) refers to stm32f10x_it.o(i.DebugMon_Handler) for DebugMon_Handler
    startup_stm32f10x_hd.o(RESET) refers to os_cpu_a.o(CODE) for OS_CPU_PendSVHandler
    startup_stm32f10x_hd.o(RESET) refers to os_cpu_c.o(i.OS_CPU_SysTickHandler) for OS_CPU_SysTickHandler
    startup_stm32f10x_hd.o(RESET) refers to stm32f10x_it.o(i.EXTI4_IRQHandler) for EXTI4_IRQHandler
    startup_stm32f10x_hd.o(RESET) refers to stm32f10x_it.o(i.USART1_IRQHandler) for USART1_IRQHandler
    startup_stm32f10x_hd.o(.text) refers to system_stm32f10x.o(i.SystemInit) for SystemInit
    startup_stm32f10x_hd.o(.text) refers to entry.o(.ARM.Collect$$$$00000000) for __main
    system_stm32f10x.o(i.SetSysClock) refers to system_stm32f10x.o(i.SetSysClockTo72) for SetSysClockTo72
    system_stm32f10x.o(i.SystemCoreClockUpdate) refers to system_stm32f10x.o(.data) for SystemCoreClock
    system_stm32f10x.o(i.SystemInit) refers to system_stm32f10x.o(i.SetSysClock) for SetSysClock
    stm32f10x_adc.o(i.ADC_DeInit) refers to stm32f10x_rcc.o(i.RCC_APB2PeriphResetCmd) for RCC_APB2PeriphResetCmd
    stm32f10x_bkp.o(i.BKP_DeInit) refers to stm32f10x_rcc.o(i.RCC_BackupResetCmd) for RCC_BackupResetCmd
    stm32f10x_can.o(i.CAN_DeInit) refers to stm32f10x_rcc.o(i.RCC_APB1PeriphResetCmd) for RCC_APB1PeriphResetCmd
    stm32f10x_can.o(i.CAN_GetITStatus) refers to stm32f10x_can.o(i.CheckITStatus) for CheckITStatus
    stm32f10x_cec.o(i.CEC_DeInit) refers to stm32f10x_rcc.o(i.RCC_APB1PeriphResetCmd) for RCC_APB1PeriphResetCmd
    stm32f10x_dac.o(i.DAC_DeInit) refers to stm32f10x_rcc.o(i.RCC_APB1PeriphResetCmd) for RCC_APB1PeriphResetCmd
    stm32f10x_flash.o(i.FLASH_EnableWriteProtection) refers to stm32f10x_flash.o(i.FLASH_WaitForLastOperation) for FLASH_WaitForLastOperation
    stm32f10x_flash.o(i.FLASH_EraseAllBank1Pages) refers to stm32f10x_flash.o(i.FLASH_WaitForLastBank1Operation) for FLASH_WaitForLastBank1Operation
    stm32f10x_flash.o(i.FLASH_EraseAllPages) refers to stm32f10x_flash.o(i.FLASH_WaitForLastOperation) for FLASH_WaitForLastOperation
    stm32f10x_flash.o(i.FLASH_EraseOptionBytes) refers to stm32f10x_flash.o(i.FLASH_GetReadOutProtectionStatus) for FLASH_GetReadOutProtectionStatus
    stm32f10x_flash.o(i.FLASH_EraseOptionBytes) refers to stm32f10x_flash.o(i.FLASH_WaitForLastOperation) for FLASH_WaitForLastOperation
    stm32f10x_flash.o(i.FLASH_ErasePage) refers to stm32f10x_flash.o(i.FLASH_WaitForLastOperation) for FLASH_WaitForLastOperation
    stm32f10x_flash.o(i.FLASH_ProgramHalfWord) refers to stm32f10x_flash.o(i.FLASH_WaitForLastOperation) for FLASH_WaitForLastOperation
    stm32f10x_flash.o(i.FLASH_ProgramOptionByteData) refers to stm32f10x_flash.o(i.FLASH_WaitForLastOperation) for FLASH_WaitForLastOperation
    stm32f10x_flash.o(i.FLASH_ProgramWord) refers to stm32f10x_flash.o(i.FLASH_WaitForLastOperation) for FLASH_WaitForLastOperation
    stm32f10x_flash.o(i.FLASH_ReadOutProtection) refers to stm32f10x_flash.o(i.FLASH_WaitForLastOperation) for FLASH_WaitForLastOperation
    stm32f10x_flash.o(i.FLASH_UserOptionByteConfig) refers to stm32f10x_flash.o(i.FLASH_WaitForLastOperation) for FLASH_WaitForLastOperation
    stm32f10x_flash.o(i.FLASH_WaitForLastBank1Operation) refers to stm32f10x_flash.o(i.FLASH_GetBank1Status) for FLASH_GetBank1Status
    stm32f10x_flash.o(i.FLASH_WaitForLastOperation) refers to stm32f10x_flash.o(i.FLASH_GetBank1Status) for FLASH_GetBank1Status
    stm32f10x_gpio.o(i.GPIO_AFIODeInit) refers to stm32f10x_rcc.o(i.RCC_APB2PeriphResetCmd) for RCC_APB2PeriphResetCmd
    stm32f10x_gpio.o(i.GPIO_DeInit) refers to stm32f10x_rcc.o(i.RCC_APB2PeriphResetCmd) for RCC_APB2PeriphResetCmd
    stm32f10x_i2c.o(i.I2C_DeInit) refers to stm32f10x_rcc.o(i.RCC_APB1PeriphResetCmd) for RCC_APB1PeriphResetCmd
    stm32f10x_i2c.o(i.I2C_Init) refers to stm32f10x_rcc.o(i.RCC_GetClocksFreq) for RCC_GetClocksFreq
    stm32f10x_pwr.o(i.PWR_DeInit) refers to stm32f10x_rcc.o(i.RCC_APB1PeriphResetCmd) for RCC_APB1PeriphResetCmd
[...]
    CPU_Init                                 0x08000dd5   Thumb Code    16  cpu_core.o(i.CPU_Init)
    CPU_IntDisMeasMaxCurGet                  0x08000e85   Thumb Code    40  cpu_core.o(i.CPU_IntDisMeasMaxCurGet)
    CPU_IntDisMeasMaxCurReset                0x08000eb1   Thumb Code    40  cpu_core.o(i.CPU_IntDisMeasMaxCurReset)
    CPU_IntDisMeasMaxGet                     0x08000edd   Thumb Code    40  cpu_core.o(i.CPU_IntDisMeasMaxGet)
    CPU_IntDisMeasStart                      0x08000f09   Thumb Code    38  cpu_core.o(i.CPU_IntDisMeasStart)
    CPU_IntDisMeasStop                       0x08000f3d   Thumb Code    62  cpu_core.o(i.CPU_IntDisMeasStop)
    CPU_NameClr                              0x08000f91   Thumb Code    50  cpu_core.o(i.CPU_NameClr)
    CPU_TS_TmrFreqSet                        0x08000fe5   Thumb Code     6  cpu_core.o(i.CPU_TS_TmrFreqSet)
    CPU_TS_TmrInit                           0x08000ff1   Thumb Code    44  bsp.o(i.CPU_TS_TmrInit)
    CPU_TS_TmrRd                             0x08001025   Thumb Code     6  bsp.o(i.CPU_TS_TmrRd)
    CRC8_Check                               0x08001031   Thumb Code    72  bsp_crc8.o(i.CRC8_Check)
    Check_Device_Cmd_Buffer                  0x08001079   Thumb Code    48  bsp_usart1.o(i.Check_Device_Cmd_Buffer)
    Check_Node_Statues_Process               0x080010a9   Thumb Code   260  bsp_list.o(i.Check_Node_Statues_Process)
    Check_Node_Status                        0x080011b1   Thumb Code    38  bsp_list.o(i.Check_Node_Status)
    Cmd_Write_Device                         0x080011dd   Thumb Code   164  bsp_cjosn.o(i.Cmd_Write_Device)
    Creat_Cjson_Heartbeat                    0x080012a9   Thumb Code   134  bsp_cjosn.o(i.Creat_Cjson_Heartbeat)
    Creat_Cjson_Offline                      0x08001361   Thumb Code   124  bsp_cjosn.o(i.Creat_Cjson_Offline)
    DebugMon_Handler                         0x08001409   Thumb Code     2  stm32f10x_it.o(i.DebugMon_Handler)
    Delete_Node                              0x0800140d   Thumb Code   100  bsp_list.o(i.Delete_Node)
    Detect_Gateway                           0x0800147d   Thumb Code   220  w5500.o(i.Detect_Gateway)
    Discovery_Cjson                          0x0800155d   Thumb Code   168  bsp_cjosn.o(i.Discovery_Cjson)
    EXTI4_IRQHandler                         0x08001639   Thumb Code    24  stm32f10x_it.o(i.EXTI4_IRQHandler)
    EXTI_ClearITPendingBit                   0x08001655   Thumb Code     6  stm32f10x_exti.o(i.EXTI_ClearITPendingBit)
    EXTI_GetITStatus                         0x08001661   Thumb Code    34  stm32f10x_exti.o(i.EXTI_GetITStatus)
    EXTI_Init                                0x08001689   Thumb Code   142  stm32f10x_exti.o(i.EXTI_Init)
    Find_Node                                0x0800171d   Thumb Code    56  bsp_list.o(i.Find_Node)
    Find_Node_Process                        0x08001759   Thumb Code    30  bsp_list.o(i.Find_Node_Process)
    GPIO_EXTILineConfig                      0x0800177d   Thumb Code    60  stm32f10x_gpio.o(i.GPIO_EXTILineConfig)
    GPIO_Init                                0x080017bd   Thumb Code   278  stm32f10x_gpio.o(i.GPIO_Init)
    GPIO_ResetBits                           0x080018d3   Thumb Code     4  stm32f10x_gpio.o(i.GPIO_ResetBits)
    GPIO_SetBits                             0x080018d7   Thumb Code     4  stm32f10x_gpio.o(i.GPIO_SetBits)
    Generate_Multiple_IO_String              0x080018dd   Thumb Code   178  bsp_cjosn.o(i.Generate_Multiple_IO_String)
    Generate_Multiple_Relay_String           0x080019c1   Thumb Code   166  bsp_cjosn.o(i.Generate_Multiple_Relay_String)
    Generate_Single_IO_String                0x08001a91   Thumb Code   146  bsp_cjosn.o(i.Generate_Single_IO_String)
    Generate_Single_Relay_String             0x08001b51   Thumb Code   138  bsp_cjosn.o(i.Generate_Single_Relay_String)
    HardFault_Handler                        0x08001c01   Thumb Code     4  stm32f10x_it.o(i.HardFault_Handler)
    Insert_Node                              0x08001c05   Thumb Code    38  bsp_list.o(i.Insert_Node)
    Insert_Node_Process                      0x08001c31   Thumb Code    78  bsp_list.o(i.Insert_Node_Process)
    Insert_Report                            0x08001c85   Thumb Code   106  bsp_list.o(i.Insert_Report)
    Join_Cjson                               0x08001cf1   Thumb Code   124  bsp_cjosn.o(i.Join_Cjson)
    Key_Initial                              0x08001de5   Thumb Code    12  bsp_key.o(i.Key_Initial)
    LED_Init                                 0x08001e4d   Thumb Code    34  bsp_led.o(i.LED_Init)
    Leave_Cjson                              0x08001e79   Thumb Code   168  bsp_cjosn.o(i.Leave_Cjson)
    Load_Net_Parameters                      0x08001f51   Thumb Code    92  w5500.o(i.Load_Net_Parameters)
    MemManage_Handler                        0x08001fc5   Thumb Code     4  stm32f10x_it.o(i.MemManage_Handler)
    Mem_Clr                                  0x08001fc9   Thumb Code    18  lib_mem.o(i.Mem_Clr)
    Mem_Init                                 0x08001fdd   Thumb Code    54  lib_mem.o(i.Mem_Init)
    Mem_Set                                  0x08002025   Thumb Code    98  lib_mem.o(i.Mem_Set)
    NMI_Handler                              0x08002087   Thumb Code     2  stm32f10x_it.o(i.NMI_Handler)
    NVIC_Init                                0x08002089   Thumb Code   100  misc.o(i.NVIC_Init)
    NVIC_PriorityGroupConfig                 0x080020f9   Thumb Code    10  misc.o(i.NVIC_PriorityGroupConfig)
    NodeCreat                                0x0800210d   Thumb Code    92  bsp_list.o(i.NodeCreat)
    OSCfg_Init                               0x08002175   Thumb Code     2  os_cfg_app.o(i.OSCfg_Init)
    OSIdleTaskHook                           0x08002179   Thumb Code    16  os_cpu_c.o(i.OSIdleTaskHook)
    OSInit                                   0x0800218d   Thumb Code   300  os_core.o(i.OSInit)
    OSInitHook                               0x08002319   Thumb Code    42  os_cpu_c.o(i.OSInitHook)
    OSIntExit                                0x08002351   Thumb Code   192  os_core.o(i.OSIntExit)
    OSMutexCreate                            0x08002435   Thumb Code   216  os_mutex.o(i.OSMutexCreate)
    OSMutexPend                              0x0800251d   Thumb Code   788  os_mutex.o(i.OSMutexPend)
    OSMutexPost                              0x08002845   Thumb Code   646  os_mutex.o(i.OSMutexPost)
    OSSched                                  0x08002ae5   Thumb Code   134  os_core.o(i.OSSched)
    OSSchedLock                              0x08002b8d   Thumb Code   112  os_core.o(i.OSSchedLock)
    OSSchedRoundRobinCfg                     0x08002c09   Thumb Code    96  os_core.o(i.OSSchedRoundRobinCfg)
    OSSchedUnlock                            0x08002c75   Thumb Code   148  os_core.o(i.OSSchedUnlock)
    OSStart                                  0x08002d15   Thumb Code    78  os_core.o(i.OSStart)
    OSStatReset                              0x08002d7d   Thumb Code   316  os_stat.o(i.OSStatReset)
    OSStatTaskCPUUsageInit                   0x08002ee5   Thumb Code   228  os_stat.o(i.OSStatTaskCPUUsageInit)
    OSStatTaskHook                           0x08002fe5   Thumb Code    16  os_cpu_c.o(i.OSStatTaskHook)
    OSTaskCreate                             0x08002ff9   Thumb Code   624  os_task.o(i.OSTaskCreate)
    OSTaskCreateHook                         0x0800328d   Thumb Code    20  os_cpu_c.o(i.OSTaskCreateHook)
    OSTaskDel                                0x080032a5   Thumb Code   490  os_task.o(i.OSTaskDel)
    OSTaskDelHook                            0x080034ad   Thumb Code    20  os_cpu_c.o(i.OSTaskDelHook)
    OSTaskResume                             0x080034c5   Thumb Code   124  os_task.o(i.OSTaskResume)
    OSTaskReturnHook                         0x0800354d   Thumb Code    20  os_cpu_c.o(i.OSTaskReturnHook)
    OSTaskSemPend                            0x08003565   Thumb Code   578  os_task.o(i.OSTaskSemPend)
    OSTaskSemPost                            0x080037b5   Thumb Code    98  os_task.o(i.OSTaskSemPost)
    OSTaskStkChk                             0x08003821   Thumb Code   220  os_task.o(i.OSTaskStkChk)
    OSTaskStkInit                            0x08003905   Thumb Code   188  os_cpu_c.o(i.OSTaskStkInit)
    OSTaskSuspend                            0x080039c5   Thumb Code    78  os_task.o(i.OSTaskSuspend)
    OSTaskSwHook                             0x08003a25   Thumb Code   146  os_cpu_c.o(i.OSTaskSwHook)
    OSTimeDly                                0x08003ac9   Thumb Code   322  os_time.o(i.OSTimeDly)
    OSTimeDlyHMSM                            0x08003c19   Thumb Code   538  os_time.o(i.OSTimeDlyHMSM)
    OSTimeTick                               0x08003e45   Thumb Code    54  os_time.o(i.OSTimeTick)
    OSTimeTickHook                           0x08003e89   Thumb Code    16  os_cpu_c.o(i.OSTimeTickHook)
    OS_CPU_SysTickHandler                    0x08003e9d   Thumb Code    60  os_cpu_c.o(i.OS_CPU_SysTickHandler)
    OS_CPU_SysTickInit                       0x08003edd   Thumb Code    44  os_cpu_c.o(i.OS_CPU_SysTickInit)
    OS_Dbg_Init                              0x08003f0d   Thumb Code   150  os_dbg.o(i.OS_Dbg_Init)
    OS_FlagInit                              0x080040c1   Thumb Code    14  os_flag.o(i.OS_FlagInit)
    OS_FlagPost                              0x080040d9   Thumb Code   626  os_flag.o(i.OS_FlagPost)
    OS_FlagTaskRdy                           0x08004355   Thumb Code    86  os_flag.o(i.OS_FlagTaskRdy)
    OS_IdleTask                              0x080043ad   Thumb Code    68  os_core.o(i.OS_IdleTask)
    OS_IdleTaskInit                          0x080043f9   Thumb Code    66  os_core.o(i.OS_IdleTaskInit)
    OS_IntQPost                              0x08004469   Thumb Code   224  os_int.o(i.OS_IntQPost)
    OS_IntQRePost                            0x0800456d   Thumb Code   360  os_int.o(i.OS_IntQRePost)
    OS_IntQTask                              0x08004711   Thumb Code   182  os_int.o(i.OS_IntQTask)
    OS_IntQTaskInit                          0x080047d9   Thumb Code   206  os_int.o(i.OS_IntQTaskInit)
    OS_MemInit                               0x08004901   Thumb Code    14  os_mem.o(i.OS_MemInit)
    OS_MsgPoolInit                           0x08004919   Thumb Code   110  os_msg.o(i.OS_MsgPoolInit)
    OS_MsgQFreeAll                           0x08004995   Thumb Code    62  os_msg.o(i.OS_MsgQFreeAll)
    OS_MsgQInit                              0x080049d9   Thumb Code    14  os_msg.o(i.OS_MsgQInit)
    OS_MsgQPut                               0x080049e9   Thumb Code   254  os_msg.o(i.OS_MsgQPut)
    OS_MutexDbgListAdd                       0x08004aed   Thumb Code    38  os_mutex.o(i.OS_MutexDbgListAdd)
    OS_MutexInit                             0x08004b1d   Thumb Code    14  os_mutex.o(i.OS_MutexInit)
    OS_Pend                                  0x08004b35   Thumb Code    98  os_core.o(i.OS_Pend)
    OS_PendDataInit                          0x08004b9d   Thumb Code    38  os_core.o(i.OS_PendDataInit)
    OS_PendDbgNameAdd                        0x08004bc5   Thumb Code    66  os_core.o(i.OS_PendDbgNameAdd)
    OS_PendDbgNameRemove                     0x08004c21   Thumb Code    30  os_core.o(i.OS_PendDbgNameRemove)
    OS_PendListChangePrio                    0x08004c45   Thumb Code    70  os_core.o(i.OS_PendListChangePrio)
    OS_PendListInit                          0x08004c8b   Thumb Code    10  os_core.o(i.OS_PendListInit)
    OS_PendListInsertPrio                    0x08004c95   Thumb Code   102  os_core.o(i.OS_PendListInsertPrio)
    OS_PendListRemove                        0x08004cfb   Thumb Code    48  os_core.o(i.OS_PendListRemove)
    OS_PendListRemove1                       0x08004d2b   Thumb Code    66  os_core.o(i.OS_PendListRemove1)
    OS_Post                                  0x08004d6d   Thumb Code   192  os_core.o(i.OS_Post)
    OS_Post1                                 0x08004e2d   Thumb Code    42  os_core.o(i.OS_Post1)
    OS_PrioGetHighest                        0x08004e59   Thumb Code    36  os_prio.o(i.OS_PrioGetHighest)
    OS_PrioInit                              0x08004e81   Thumb Code    20  os_prio.o(i.OS_PrioInit)
    OS_PrioInsert                            0x08004e99   Thumb Code    32  os_prio.o(i.OS_PrioInsert)
    OS_PrioRemove                            0x08004ebd   Thumb Code    32  os_prio.o(i.OS_PrioRemove)
    OS_QInit                                 0x08004ee1   Thumb Code    14  os_q.o(i.OS_QInit)
    OS_QPost                                 0x08004ef9   Thumb Code   382  os_q.o(i.OS_QPost)
    OS_RdyListInit                           0x08005081   Thumb Code    32  os_core.o(i.OS_RdyListInit)
    OS_RdyListInsert                         0x080050a5   Thumb Code    40  os_core.o(i.OS_RdyListInsert)
    OS_RdyListInsertHead                     0x080050d1   Thumb Code    58  os_core.o(i.OS_RdyListInsertHead)
    OS_RdyListInsertTail                     0x08005111   Thumb Code    56  os_core.o(i.OS_RdyListInsertTail)
    OS_RdyListMoveHeadToTail                 0x0800514d   Thumb Code    68  os_core.o(i.OS_RdyListMoveHeadToTail)
    OS_RdyListRemove                         0x08005191   Thumb Code    86  os_core.o(i.OS_RdyListRemove)
    OS_Sched0                                0x080051ed   Thumb Code    72  os_core.o(i.OS_Sched0)
    OS_SchedLockTimeMeasStart                0x08005249   Thumb Code    20  os_core.o(i.OS_SchedLockTimeMeasStart)
    OS_SchedLockTimeMeasStop                 0x08005265   Thumb Code    44  os_core.o(i.OS_SchedLockTimeMeasStop)
    OS_SchedRoundRobin                       0x080052a1   Thumb Code   218  os_core.o(i.OS_SchedRoundRobin)
    OS_SemInit                               0x0800538d   Thumb Code    14  os_sem.o(i.OS_SemInit)
    OS_SemPost                               0x080053a5   Thumb Code   404  os_sem.o(i.OS_SemPost)
    OS_StatTask                              0x0800553d   Thumb Code   878  os_stat.o(i.OS_StatTask)
    OS_StatTaskInit                          0x080058f5   Thumb Code   136  os_stat.o(i.OS_StatTaskInit)
    OS_TaskBlock                             0x080059c1   Thumb Code    56  os_core.o(i.OS_TaskBlock)
    OS_TaskDbgListAdd                        0x080059f9   Thumb Code    42  os_task.o(i.OS_TaskDbgListAdd)
    OS_TaskDbgListRemove                     0x08005a29   Thumb Code    64  os_task.o(i.OS_TaskDbgListRemove)
    OS_TaskInit                              0x08005a6d   Thumb Code    18  os_task.o(i.OS_TaskInit)
    OS_TaskInitTCB                           0x08005a8d   Thumb Code   194  os_task.o(i.OS_TaskInitTCB)
    OS_TaskQPost                             0x08005b5d   Thumb Code   606  os_task.o(i.OS_TaskQPost)
    OS_TaskRdy                               0x08005dc9   Thumb Code    28  os_core.o(i.OS_TaskRdy)
    OS_TaskResume                            0x08005de5   Thumb Code   374  os_task.o(i.OS_TaskResume)
    OS_TaskReturn                            0x08005f61   Thumb Code    20  os_task.o(i.OS_TaskReturn)
    OS_TaskSemPost                           0x08005f79   Thumb Code  1438  os_task.o(i.OS_TaskSemPost)
    OS_TaskSuspend                           0x08006521   Thumb Code   392  os_task.o(i.OS_TaskSuspend)
    OS_TickListInit                          0x080066b1   Thumb Code    32  os_tick.o(i.OS_TickListInit)
    OS_TickListInsert                        0x080066d9   Thumb Code   430  os_tick.o(i.OS_TickListInsert)
    OS_TickListRemove                        0x08006895   Thumb Code    56  os_tick.o(i.OS_TickListRemove)
    OS_TickListResetPeak                     0x080068cd   Thumb Code    28  os_tick.o(i.OS_TickListResetPeak)
    OS_TickListUpdate                        0x080068f1   Thumb Code   520  os_tick.o(i.OS_TickListUpdate)
    OS_TickTask                              0x08006b11   Thumb Code    38  os_tick.o(i.OS_TickTask)
    OS_TickTaskInit                          0x08006b3d   Thumb Code   128  os_tick.o(i.OS_TickTaskInit)
    OS_TmrInit                               0x08006bf5   Thumb Code   206  os_tmr.o(i.OS_TmrInit)
    OS_TmrLink                               0x08006d1d   Thumb Code   196  os_tmr.o(i.OS_TmrLink)
    OS_TmrResetPeak                          0x08006ded   Thumb Code    28  os_tmr.o(i.OS_TmrResetPeak)
    OS_TmrTask                               0x08006e11   Thumb Code   176  os_tmr.o(i.OS_TmrTask)
    OS_TmrUnlink                             0x08006ed1   Thumb Code    72  os_tmr.o(i.OS_TmrUnlink)
    Process_Socket_Recive_Data               0x08006f21   Thumb Code    32  w5500.o(i.Process_Socket_Recive_Data)
    Process_Socket_Send_Data                 0x08006f45   Thumb Code    60  w5500.o(i.Process_Socket_Send_Data)
    Query_Node                               0x08006f8d   Thumb Code    38  bsp_list.o(i.Query_Node)
    Query_Node_Process                       0x08006fb9   Thumb Code   142  bsp_list.o(i.Query_Node_Process)
    RCC_APB2PeriphClockCmd                   0x0800704d   Thumb Code    26  stm32f10x_rcc.o(i.RCC_APB2PeriphClockCmd)
    RCC_GetClocksFreq                        0x0800706d   Thumb Code   192  stm32f10x_rcc.o(i.RCC_GetClocksFreq)
    Read_SOCK_Data_Buffer                    0x08007141   Thumb Code   288  w5500.o(i.Read_SOCK_Data_Buffer)
    Read_W5500_1Byte                         0x08007269   Thumb Code    58  w5500.o(i.Read_W5500_1Byte)
    Read_W5500_SOCK_1Byte                    0x080072ad   Thumb Code    70  w5500.o(i.Read_W5500_SOCK_1Byte)
    Read_W5500_SOCK_2Byte                    0x080072fd   Thumb Code    94  w5500.o(i.Read_W5500_SOCK_2Byte)
    Reort_Cjson                              0x08007365   Thumb Code   212  bsp_cjosn.o(i.Reort_Cjson)
    SPI1_Send_Byte                           0x08007471   Thumb Code    28  w5500.o(i.SPI1_Send_Byte)
    SPI1_Send_Short                          0x08007491   Thumb Code    28  w5500.o(i.SPI1_Send_Short)
    SPI_Cmd                                  0x080074ad   Thumb Code    24  stm32f10x_spi.o(i.SPI_Cmd)
    SPI_Configuration                        0x080074c5   Thumb Code   146  w5500.o(i.SPI_Configuration)
    SPI_I2S_GetFlagStatus                    0x08007565   Thumb Code    18  stm32f10x_spi.o(i.SPI_I2S_GetFlagStatus)
    SPI_I2S_ReceiveData                      0x08007577   Thumb Code     6  stm32f10x_spi.o(i.SPI_I2S_ReceiveData)
    SPI_I2S_SendData                         0x0800757d   Thumb Code     4  stm32f10x_spi.o(i.SPI_I2S_SendData)
    SPI_Init                                 0x08007581   Thumb Code    60  stm32f10x_spi.o(i.SPI_Init)
    SVC_Handler                              0x080075bd   Thumb Code     2  stm32f10x_it.o(i.SVC_Handler)
    Socket_Connect                           0x080076a9   Thumb Code    82  w5500.o(i.Socket_Connect)
    Socket_Init                              0x080076fd   Thumb Code    74  w5500.o(i.Socket_Init)
    Socket_Listen                            0x0800774d   Thumb Code   126  w5500.o(i.Socket_Listen)
    Socket_UDP                               0x080077cb   Thumb Code    72  w5500.o(i.Socket_UDP)
    SystemInit                               0x08007815   Thumb Code    78  system_stm32f10x.o(i.SystemInit)
    TCP_Cmd_Cjson_Analyze                    0x08007875   Thumb Code   188  bsp_cjosn.o(i.TCP_Cmd_Cjson_Analyze)
    TCP_Cmd_Control_Device                   0x08007975   Thumb Code   136  bsp_usart1.o(i.TCP_Cmd_Control_Device)
    USART1_IRQHandler                        0x080079fd   Thumb Code   176  stm32f10x_it.o(i.USART1_IRQHandler)
    USART1_Send_Data                         0x08007ac5   Thumb Code   118  bsp_usart1.o(i.USART1_Send_Data)
    USART_Cmd                                0x08007b49   Thumb Code    24  stm32f10x_usart.o(i.USART_Cmd)
    USART_GetFlagStatus                      0x08007b61   Thumb Code    26  stm32f10x_usart.o(i.USART_GetFlagStatus)
    USART_GetITStatus                        0x08007b7b   Thumb Code    84  stm32f10x_usart.o(i.USART_GetITStatus)
    USART_ITConfig                           0x08007bcf   Thumb Code    74  stm32f10x_usart.o(i.USART_ITConfig)
    USART_Init                               0x08007c19   Thumb Code   210  stm32f10x_usart.o(i.USART_Init)
    USART_ReceiveData                        0x08007cf1   Thumb Code    10  stm32f10x_usart.o(i.USART_ReceiveData)
    USART_SendData                           0x08007cfb   Thumb Code     8  stm32f10x_usart.o(i.USART_SendData)
    USARTx_Config                            0x08007d05   Thumb Code   210  bsp_usart1.o(i.USARTx_Config)
    Updata_Cjson                             0x08007de5   Thumb Code   228  bsp_cjosn.o(i.Updata_Cjson)
    UsageFault_Handler                       0x08007f09   Thumb Code     4  stm32f10x_it.o(i.UsageFault_Handler)
    W5500_GPIOInit                           0x08007f0d   Thumb Code    40  w5500.o(i.W5500_GPIOInit)
    W5500_GPIO_Configuration                 0x08007f35   Thumb Code   100  w5500.o(i.W5500_GPIO_Configuration)
    W5500_Hardware_Reset                     0x08007fa1   Thumb Code    72  w5500.o(i.W5500_Hardware_Reset)
    W5500_Init                               0x08007fed   Thumb Code   148  w5500.o(i.W5500_Init)
    W5500_Initialization                     0x08008091   Thumb Code    18  w5500.o(i.W5500_Initialization)
    W5500_Interrupt_Process                  0x080080a5   Thumb Code   180  w5500.o(i.W5500_Interrupt_Process)
    W5500_NVIC_Configuration                 0x08008165   Thumb Code    32  w5500.o(i.W5500_NVIC_Configuration)
    W5500_Socket_Set                         0x08008185   Thumb Code   100  w5500.o(i.W5500_Socket_Set)
    Write_Check_Node_Relay_Status_Process    0x080081f1   Thumb Code    84  bsp_list.o(i.Write_Check_Node_Relay_Status_Process)
    Write_SOCK_Data_Buffer                   0x08008249   Thumb Code   256  w5500.o(i.Write_SOCK_Data_Buffer)
    Write_W5500_1Byte                        0x08008355   Thumb Code    42  w5500.o(i.Write_W5500_1Byte)
    Write_W5500_2Byte                        0x08008385   Thumb Code    42  w5500.o(i.Write_W5500_2Byte)
    Write_W5500_SOCK_1Byte                   0x080083b5   Thumb Code    54  w5500.o(i.Write_W5500_SOCK_1Byte)
    Write_W5500_SOCK_2Byte                   0x080083f1   Thumb Code    54  w5500.o(i.Write_W5500_SOCK_2Byte)
    Write_W5500_SOCK_4Byte                   0x0800842d   Thumb Code    80  w5500.o(i.Write_W5500_SOCK_4Byte)
    Write_W5500_nByte                        0x08008481   Thumb Code    62  w5500.o(i.Write_W5500_nByte)
    __0printf                                0x080084c5   Thumb Code    22  printfa.o(i.__0printf)
    __1printf                                0x080084c5   Thumb Code     0  printfa.o(i.__0printf)
    __2printf                                0x080084c5   Thumb Code     0  printfa.o(i.__0printf)
    __c89printf                              0x080084c5   Thumb Code     0  printfa.o(i.__0printf)
    printf                                   0x080084c5   Thumb Code     0  printfa.o(i.__0printf)
    __0sprintf                               0x080084e5   Thumb Code    34  printfa.o(i.__0sprintf)
    __1sprintf                               0x080084e5   Thumb Code     0  printfa.o(i.__0sprintf)
    __2sprintf                               0x080084e5   Thumb Code     0  printfa.o(i.__0sprintf)
    __c89sprintf                             0x080084e5   Thumb Code     0  printfa.o(i.__0sprintf)
    sprintf                                  0x080084e5   Thumb Code     0  printfa.o(i.__0sprintf)
    __ARM_fpclassify                         0x0800850d   Thumb Code    40  fpclassify.o(i.__ARM_fpclassify)
    __kernel_poly                            0x08008535   Thumb Code   170  poly.o(i.__kernel_poly)
    __mathlib_dbl_divzero                    0x080085e1   Thumb Code    12  dunder.o(i.__mathlib_dbl_divzero)
    __mathlib_dbl_infnan2                    0x080085f1   Thumb Code     4  dunder.o(i.__mathlib_dbl_infnan2)
    __mathlib_dbl_invalid                    0x080085f5   Thumb Code    12  dunder.o(i.__mathlib_dbl_invalid)
    __mathlib_dbl_overflow                   0x08008601   Thumb Code    14  dunder.o(i.__mathlib_dbl_overflow)
    __mathlib_dbl_underflow                  0x08008611   Thumb Code    10  dunder.o(i.__mathlib_dbl_underflow)
    __scatterload_copy                       0x08008621   Thumb Code    14  handlers.o(i.__scatterload_copy)
    __scatterload_null                       0x0800862f   Thumb Code     2  handlers.o(i.__scatterload_null)
    __scatterload_zeroinit                   0x08008631   Thumb Code    14  handlers.o(i.__scatterload_zeroinit)
    __set_errno                              0x08008641   Thumb Code     6  errno.o(i.__set_errno)
    cJSON_AddItemToArray                     0x08008ee9   Thumb Code    42  cjson.o(i.cJSON_AddItemToArray)
    cJSON_AddItemToObject                    0x08008f15   Thumb Code    44  cjson.o(i.cJSON_AddItemToObject)
    cJSON_CreateNumber                       0x08008f45   Thumb Code    36  cjson.o(i.cJSON_CreateNumber)
    cJSON_CreateObject                       0x08008f69   Thumb Code    18  cjson.o(i.cJSON_CreateObject)
    cJSON_CreateString                       0x08008f7b   Thumb Code    28  cjson.o(i.cJSON_CreateString)
    cJSON_Delete                             0x08008f99   Thumb Code    74  cjson.o(i.cJSON_Delete)
    cJSON_GetErrorPtr                        0x08008fe9   Thumb Code     6  cjson.o(i.cJSON_GetErrorPtr)
    cJSON_GetObjectItem                      0x08008ff5   Thumb Code    30  cjson.o(i.cJSON_GetObjectItem)
    cJSON_Parse                              0x08009035   Thumb Code    16  cjson.o(i.cJSON_Parse)
    cJSON_ParseWithOpts                      0x08009045   Thumb Code    96  cjson.o(i.cJSON_ParseWithOpts)
    cJSON_Print                              0x080090a9   Thumb Code    16  cjson.o(i.cJSON_Print)
    floor                                    0x08009131   Thumb Code   204  floor.o(i.floor)
    fputc                                    0x0800920d   Thumb Code    62  bsp_usart1.o(i.fputc)
    free                                     0x08009255   Thumb Code    76  malloc.o(i.free)
    main                                     0x080092a5   Thumb Code    68  app.o(i.main)
    malloc                                   0x08009305   Thumb Code    92  malloc.o(i.malloc)
    mem_free                                 0x08009371   Thumb Code    66  malloc.o(i.mem_free)
    mem_init                                 0x080093b9   Thumb Code    38  malloc.o(i.mem_init)
    mem_malloc                               0x080093e5   Thumb Code   116  malloc.o(i.mem_malloc)
    mem_perused                              0x0800945d   Thumb Code    36  malloc.o(i.mem_perused)
    myfree                                   0x08009485   Thumb Code    24  malloc.o(i.myfree)
    mymalloc                                 0x080094a1   Thumb Code    28  malloc.o(i.mymalloc)
    mymemset                                 0x080094c1   Thumb Code    20  malloc.o(i.mymemset)
    pow                                      0x08009bed   Thumb Code  2478  pow.o(i.pow)
    sqrt                                     0x0800ac93   Thumb Code    76  sqrt.o(i.sqrt)
    OSCfg_IdleTaskStkBasePtr                 0x0800acec   Data           4  os_cfg_app.o(.constdata)
    OSCfg_IdleTaskStkLimit                   0x0800acf0   Data           4  os_cfg_app.o(.constdata)
    OSCfg_IdleTaskStkSize                    0x0800acf4   Data           4  os_cfg_app.o(.constdata)
    OSCfg_IdleTaskStkSizeRAM                 0x0800acf8   Data           4  os_cfg_app.o(.constdata)
    OSCfg_IntQBasePtr                        0x0800acfc   Data           4  os_cfg_app.o(.constdata)
    OSCfg_IntQSize                           0x0800ad00   Data           2  os_cfg_app.o(.constdata)
    OSCfg_IntQSizeRAM                        0x0800ad04   Data           4  os_cfg_app.o(.constdata)
    OSCfg_IntQTaskStkBasePtr                 0x0800ad08   Data           4  os_cfg_app.o(.constdata)
    OSCfg_IntQTaskStkLimit                   0x0800ad0c   Data           4  os_cfg_app.o(.constdata)
    OSCfg_IntQTaskStkSize                    0x0800ad10   Data           4  os_cfg_app.o(.constdata)
    OSCfg_IntQTaskStkSizeRAM                 0x0800ad14   Data           4  os_cfg_app.o(.constdata)
    OSCfg_ISRStkBasePtr                      0x0800ad18   Data           4  os_cfg_app.o(.constdata)
    OSCfg_ISRStkSize                         0x0800ad1c   Data           4  os_cfg_app.o(.constdata)
    OSCfg_ISRStkSizeRAM                      0x0800ad20   Data           4  os_cfg_app.o(.constdata)
    OSCfg_MsgPoolSize                        0x0800ad24   Data           2  os_cfg_app.o(.constdata)
    OSCfg_MsgPoolSizeRAM                     0x0800ad28   Data           4  os_cfg_app.o(.constdata)
    OSCfg_MsgPoolBasePtr                     0x0800ad2c   Data           4  os_cfg_app.o(.constdata)
    OSCfg_StatTaskPrio                       0x0800ad30   Data           1  os_cfg_app.o(.constdata)
    OSCfg_StatTaskRate_Hz                    0x0800ad34   Data           4  os_cfg_app.o(.constdata)
    OSCfg_StatTaskStkBasePtr                 0x0800ad38   Data           4  os_cfg_app.o(.constdata)
    OSCfg_StatTaskStkLimit                   0x0800ad3c   Data           4  os_cfg_app.o(.constdata)
    OSCfg_StatTaskStkSize                    0x0800ad40   Data           4  os_cfg_app.o(.constdata)
    OSCfg_StatTaskStkSizeRAM                 0x0800ad44   Data           4  os_cfg_app.o(.constdata)
    OSCfg_StkSizeMin                         0x0800ad48   Data           4  os_cfg_app.o(.constdata)
    OSCfg_TickRate_Hz                        0x0800ad4c   Data           4  os_cfg_app.o(.constdata)
    OSCfg_TickTaskPrio                       0x0800ad50   Data           1  os_cfg_app.o(.constdata)
    OSCfg_TickTaskStkBasePtr                 0x0800ad54   Data           4  os_cfg_app.o(.constdata)
    OSCfg_TickTaskStkLimit                   0x0800ad58   Data           4  os_cfg_app.o(.constdata)
    OSCfg_TickTaskStkSize                    0x0800ad5c   Data           4  os_cfg_app.o(.constdata)
    OSCfg_TickTaskStkSizeRAM                 0x0800ad60   Data           4  os_cfg_app.o(.constdata)
    OSCfg_TickWheelSize                      0x0800ad64   Data           2  os_cfg_app.o(.constdata)
    OSCfg_TickWheelSizeRAM                   0x0800ad68   Data           4  os_cfg_app.o(.constdata)
    OSCfg_TmrTaskPrio                        0x0800ad6c   Data           1  os_cfg_app.o(.constdata)
    OSCfg_TmrTaskRate_Hz                     0x0800ad70   Data           4  os_cfg_app.o(.constdata)
    OSCfg_TmrTaskStkBasePtr                  0x0800ad74   Data           4  os_cfg_app.o(.constdata)
    OSCfg_TmrTaskStkLimit                    0x0800ad78   Data           4  os_cfg_app.o(.constdata)
    OSCfg_TmrTaskStkSize                     0x0800ad7c   Data           4  os_cfg_app.o(.constdata)
    OSCfg_TmrTaskStkSizeRAM                  0x0800ad80   Data           4  os_cfg_app.o(.constdata)
    OSCfg_TmrWheelSize                       0x0800ad84   Data           2  os_cfg_app.o(.constdata)
    OSCfg_TmrWheelSizeRAM                    0x0800ad88   Data           4  os_cfg_app.o(.constdata)
    OSCfg_DataSizeRAM                        0x0800ad8c   Data           4  os_cfg_app.o(.constdata)
    OSDbg_DbgEn                              0x0800ad90   Data           1  os_dbg.o(.constdata)
    OSDbg_ArgChkEn                           0x0800ad91   Data           1  os_dbg.o(.constdata)
    OSDbg_AppHooksEn                         0x0800ad92   Data           1  os_dbg.o(.constdata)
    OSDbg_EndiannessTest                     0x0800ad94   Data           4  os_dbg.o(.constdata)
    OSDbg_CalledFromISRChkEn                 0x0800ad98   Data           1  os_dbg.o(.constdata)
    OSDbg_FlagEn                             0x0800ad99   Data           1  os_dbg.o(.constdata)
    OSDbg_FlagGrp                            0x0800ad9c   Data          40  os_dbg.o(.constdata)
    OSDbg_FlagDelEn                          0x0800adc4   Data           1  os_dbg.o(.constdata)
    OSDbg_FlagModeClrEn                      0x0800adc5   Data           1  os_dbg.o(.constdata)
    OSDbg_FlagPendAbortEn                    0x0800adc6   Data           1  os_dbg.o(.constdata)
    OSDbg_FlagGrpSize                        0x0800adc8   Data           2  os_dbg.o(.constdata)
    OSDbg_FlagWidth                          0x0800adca   Data           2  os_dbg.o(.constdata)
    OSDbg_IntQ                               0x0800adcc   Data           2  os_dbg.o(.constdata)
    OSDbg_ISRPostDeferredEn                  0x0800adce   Data           1  os_dbg.o(.constdata)
    OSDbg_Mem                                0x0800add0   Data          32  os_dbg.o(.constdata)
    OSDbg_MemEn                              0x0800adf0   Data           1  os_dbg.o(.constdata)
    OSDbg_MemSize                            0x0800adf2   Data           2  os_dbg.o(.constdata)
    OSDbg_MsgEn                              0x0800adf4   Data           1  os_dbg.o(.constdata)
    OSDbg_MsgSize                            0x0800adf6   Data           2  os_dbg.o(.constdata)
    OSDbg_MsgPoolSize                        0x0800adf8   Data           2  os_dbg.o(.constdata)
    OSDbg_MsgQSize                           0x0800adfa   Data           2  os_dbg.o(.constdata)
    OSDbg_Mutex                              0x0800adfc   Data          44  os_dbg.o(.constdata)
    OSDbg_MutexEn                            0x0800ae28   Data           1  os_dbg.o(.constdata)
    OSDbg_MutexDelEn                         0x0800ae29   Data           1  os_dbg.o(.constdata)
    OSDbg_MutexPendAbortEn                   0x0800ae2a   Data           1  os_dbg.o(.constdata)
    OSDbg_MutexSize                          0x0800ae2c   Data           2  os_dbg.o(.constdata)
    OSDbg_ObjTypeChkEn                       0x0800ae2e   Data           1  os_dbg.o(.constdata)
    OSDbg_PendMultiEn                        0x0800ae2f   Data           1  os_dbg.o(.constdata)
    OSDbg_PendDataSize                       0x0800ae30   Data           2  os_dbg.o(.constdata)
    OSDbg_PendListSize                       0x0800ae32   Data           2  os_dbg.o(.constdata)
    OSDbg_PendObjSize                        0x0800ae34   Data           2  os_dbg.o(.constdata)
    OSDbg_PrioMax                            0x0800ae36   Data           2  os_dbg.o(.constdata)
    OSDbg_PrioTblSize                        0x0800ae38   Data           2  os_dbg.o(.constdata)
    OSDbg_PtrSize                            0x0800ae3a   Data           2  os_dbg.o(.constdata)
    OSDbg_Q                                  0x0800ae3c   Data          48  os_dbg.o(.constdata)
    OSDbg_QEn                                0x0800ae6c   Data           1  os_dbg.o(.constdata)
    OSDbg_QDelEn                             0x0800ae6d   Data           1  os_dbg.o(.constdata)
    OSDbg_QFlushEn                           0x0800ae6e   Data           1  os_dbg.o(.constdata)
    OSDbg_QPendAbortEn                       0x0800ae6f   Data           1  os_dbg.o(.constdata)
    OSDbg_QSize                              0x0800ae70   Data           2  os_dbg.o(.constdata)
    OSDbg_SchedRoundRobinEn                  0x0800ae72   Data           1  os_dbg.o(.constdata)
    OSDbg_Sem                                0x0800ae74   Data          40  os_dbg.o(.constdata)
    OSDbg_SemEn                              0x0800ae9c   Data           1  os_dbg.o(.constdata)
    OSDbg_SemDelEn                           0x0800ae9d   Data           1  os_dbg.o(.constdata)
    OSDbg_SemPendAbortEn                     0x0800ae9e   Data           1  os_dbg.o(.constdata)
    OSDbg_SemSetEn                           0x0800ae9f   Data           1  os_dbg.o(.constdata)
    OSDbg_SemSize                            0x0800aea0   Data           2  os_dbg.o(.constdata)
    OSDbg_RdyList                            0x0800aea2   Data           2  os_dbg.o(.constdata)
    OSDbg_RdyListSize                        0x0800aea4   Data           4  os_dbg.o(.constdata)
    OSDbg_StkWidth                           0x0800aea8   Data           1  os_dbg.o(.constdata)
    OSDbg_StatTaskEn                         0x0800aea9   Data           1  os_dbg.o(.constdata)
    OSDbg_StatTaskStkChkEn                   0x0800aeaa   Data           1  os_dbg.o(.constdata)
    OSDbg_TaskChangePrioEn                   0x0800aeab   Data           1  os_dbg.o(.constdata)
    OSDbg_TaskDelEn                          0x0800aeac   Data           1  os_dbg.o(.constdata)
    OSDbg_TaskQEn                            0x0800aead   Data           1  os_dbg.o(.constdata)
    OSDbg_TaskQPendAbortEn                   0x0800aeae   Data           1  os_dbg.o(.constdata)
    OSDbg_TaskProfileEn                      0x0800aeaf   Data           1  os_dbg.o(.constdata)
    OSDbg_TaskRegTblSize                     0x0800aeb0   Data           2  os_dbg.o(.constdata)
    OSDbg_TaskSemPendAbortEn                 0x0800aeb2   Data           1  os_dbg.o(.constdata)
    OSDbg_TaskSuspendEn                      0x0800aeb3   Data           1  os_dbg.o(.constdata)
    OSDbg_TCBSize                            0x0800aeb4   Data           2  os_dbg.o(.constdata)
    OSDbg_TickSpokeSize                      0x0800aeb6   Data           2  os_dbg.o(.constdata)
    OSDbg_TimeDlyHMSMEn                      0x0800aeb8   Data           1  os_dbg.o(.constdata)
    OSDbg_TimeDlyResumeEn                    0x0800aeb9   Data           1  os_dbg.o(.constdata)
    OSDbg_TLS_TblSize                        0x0800aeba   Data           2  os_dbg.o(.constdata)
    OSDbg_Tmr                                0x0800aebc   Data          52  os_dbg.o(.constdata)
    OSDbg_TmrEn                              0x0800aef0   Data           1  os_dbg.o(.constdata)
    OSDbg_TmrDelEn                           0x0800aef1   Data           1  os_dbg.o(.constdata)
    OSDbg_TmrSize                            0x0800aef2   Data           2  os_dbg.o(.constdata)
    OSDbg_TmrSpokeSize                       0x0800aef4   Data           2  os_dbg.o(.constdata)
    OSDbg_VersionNbr                         0x0800aef6   Data           2  os_dbg.o(.constdata)
    OSDbg_DataSize                           0x0800aef8   Data           4  os_dbg.o(.constdata)
    __mathlib_zero                           0x0800af88   Data           8  qnan.o(.constdata)
    Region$$Table$$Base                      0x0800af90   Number         0  anon$$obj.o(Region$$Table)
    Region$$Table$$Limit                     0x0800afb0   Number         0  anon$$obj.o(Region$$Table)
    Re_Cnt                                   0x20000014   Data           1  stm32f10x_it.o(.data)
    Head                                     0x20000018   Data           4  app.o(.data)
    Device_Exist                             0x2000001c   Data           1  app.o(.data)
    Find_Device                              0x2000001d   Data           1  app.o(.data)
    USART_Rx_Finsh                           0x2000001e   Data           1  bsp_usart1.o(.data)
    USART_Rx_Count                           0x2000001f   Data           1  bsp_usart1.o(.data)
    test1                                    0x20000020   Data           1  bsp_list.o(.data)
    test2                                    0x20000021   Data           1  bsp_list.o(.data)
    test3                                    0x20000022   Data           1  bsp_list.o(.data)
    tat1                                     0x20000023   Data           6  bsp_list.o(.data)
    tat2                                     0x20000029   Data           6  bsp_list.o(.data)
    tat3                                     0x2000002f   Data           4  bsp_list.o(.data)
    tat4                                     0x20000033   Data           6  bsp_list.o(.data)
    tat5                                     0x20000039   Data           6  bsp_list.o(.data)
    tat6                                     0x2000003f   Data           4  bsp_list.o(.data)
    repeat                                   0x20000043   Data           1  bsp_list.o(.data)
    mallco_dev                               0x20000050   Data          20  malloc.o(.data)
    CPU_TS_TmrFreq_Hz                        0x20000064   Data           4  cpu_core.o(.data)
    CPU_IntDisMeasCtr                        0x20000068   Data           2  cpu_core.o(.data)
    CPU_IntDisNestCtr                        0x2000006a   Data           2  cpu_core.o(.data)
    CPU_IntDisMeasStart_cnts                 0x2000006c   Data           4  cpu_core.o(.data)
    CPU_IntDisMeasStop_cnts                  0x20000070   Data           4  cpu_core.o(.data)
    CPU_IntDisMeasOvrhd_cnts                 0x20000074   Data           4  cpu_core.o(.data)
    CPU_IntDisMeasMaxCur_cnts                0x20000078   Data           4  cpu_core.o(.data)
    CPU_IntDisMeasMax_cnts                   0x2000007c   Data           4  cpu_core.o(.data)
    Mem_PoolTbl                              0x20000080   Data           4  lib_mem.o(.data)
    OSPrioTbl                                0x20000084   Data           4  os_prio.o(.data)
    OS_AppTaskCreateHookPtr                  0x20000088   Data           4  os_var.o(.data)
    OS_AppTaskDelHookPtr                     0x2000008c   Data           4  os_var.o(.data)
    OS_AppTaskReturnHookPtr                  0x20000090   Data           4  os_var.o(.data)
    OS_AppIdleTaskHookPtr                    0x20000094   Data           4  os_var.o(.data)
    OS_AppStatTaskHookPtr                    0x20000098   Data           4  os_var.o(.data)
    OS_AppTaskSwHookPtr                      0x2000009c   Data           4  os_var.o(.data)
    OS_AppTimeTickHookPtr                    0x200000a0   Data           4  os_var.o(.data)
    OSIdleTaskCtr                            0x200000a4   Data           4  os_var.o(.data)
    OSIntNestingCtr                          0x200000a8   Data           1  os_var.o(.data)
    OSIntDisTimeMax                          0x200000ac   Data           4  os_var.o(.data)
    OSRunning                                0x200000b0   Data           1  os_var.o(.data)
    OSIntQInPtr                              0x200000b4   Data           4  os_var.o(.data)
    OSIntQOutPtr                             0x200000b8   Data           4  os_var.o(.data)
    OSIntQNbrEntries                         0x200000bc   Data           2  os_var.o(.data)
    OSIntQNbrEntriesMax                      0x200000be   Data           2  os_var.o(.data)
    OSIntQOvfCtr                             0x200000c0   Data           2  os_var.o(.data)
    OSIntQTaskTimeMax                        0x200000c4   Data           4  os_var.o(.data)
    OSFlagDbgListPtr                         0x200000c8   Data           4  os_var.o(.data)
    OSFlagQty                                0x200000cc   Data           2  os_var.o(.data)
    OSMemDbgListPtr                          0x200000d0   Data           4  os_var.o(.data)
    OSMemQty                                 0x200000d4   Data           2  os_var.o(.data)
    OSMutexDbgListPtr                        0x200000d8   Data           4  os_var.o(.data)
    OSMutexQty                               0x200000dc   Data           2  os_var.o(.data)
    OSPrioCur                                0x200000de   Data           1  os_var.o(.data)
    OSPrioHighRdy                            0x200000df   Data           1  os_var.o(.data)
    OSPrioSaved                              0x200000e0   Data           1  os_var.o(.data)
    OSQDbgListPtr                            0x200000e4   Data           4  os_var.o(.data)
    OSQQty                                   0x200000e8   Data           2  os_var.o(.data)
    OSSchedLockTimeBegin                     0x200000ec   Data           4  os_var.o(.data)
    OSSchedLockTimeMax                       0x200000f0   Data           4  os_var.o(.data)
    OSSchedLockTimeMaxCur                    0x200000f4   Data           4  os_var.o(.data)
    OSSchedLockNestingCtr                    0x200000f8   Data           1  os_var.o(.data)
    OSSchedRoundRobinDfltTimeQuanta          0x200000fc   Data           4  os_var.o(.data)
    OSSchedRoundRobinEn                      0x20000100   Data           1  os_var.o(.data)
    OSSemDbgListPtr                          0x20000104   Data           4  os_var.o(.data)
    OSSemQty                                 0x20000108   Data           2  os_var.o(.data)
    OSStatResetFlag                          0x2000010a   Data           1  os_var.o(.data)
    OSStatTaskCPUUsage                       0x2000010c   Data           2  os_var.o(.data)
    OSStatTaskCPUUsageMax                    0x2000010e   Data           2  os_var.o(.data)
    OSStatTaskCtr                            0x20000110   Data           4  os_var.o(.data)
    OSStatTaskCtrMax                         0x20000114   Data           4  os_var.o(.data)
    OSStatTaskCtrRun                         0x20000118   Data           4  os_var.o(.data)
    OSStatTaskRdy                            0x2000011c   Data           1  os_var.o(.data)
    OSStatTaskTimeMax                        0x20000120   Data           4  os_var.o(.data)
    OSTaskCtxSwCtr                           0x20000124   Data           4  os_var.o(.data)
    OSTaskDbgListPtr                         0x20000128   Data           4  os_var.o(.data)
    OSTaskQty                                0x2000012c   Data           2  os_var.o(.data)
    OSTaskRegNextAvailID                     0x2000012e   Data           1  os_var.o(.data)
    OSTickCtr                                0x20000130   Data           4  os_var.o(.data)
    OSTickTaskTimeMax                        0x20000134   Data           4  os_var.o(.data)
    OSTmrDbgListPtr                          0x20000138   Data           4  os_var.o(.data)
    OSTmrQty                                 0x2000013c   Data           2  os_var.o(.data)
    OSTmrTaskTimeMax                         0x20000140   Data           4  os_var.o(.data)
    OSTmrTickCtr                             0x20000144   Data           4  os_var.o(.data)
    OSTmrUpdateCnt                           0x20000148   Data           4  os_var.o(.data)
    OSTmrUpdateCtr                           0x2000014c   Data           4  os_var.o(.data)
    OSTCBCurPtr                              0x20000150   Data           4  os_var.o(.data)
    OSTCBHighRdyPtr                          0x20000154   Data           4  os_var.o(.data)
    OS_CPU_ExceptStkBase                     0x20000158   Data           4  os_cpu_c.o(.data)
    Gateway_IP                               0x2000015c   Data           4  w5500.o(.data)
    Sub_Mask                                 0x20000160   Data           4  w5500.o(.data)
    Phy_Addr                                 0x20000164   Data           6  w5500.o(.data)
    IP_Addr                                  0x2000016a   Data           4  w5500.o(.data)
    S0_Port                                  0x2000016e   Data           2  w5500.o(.data)
    S0_DIP                                   0x20000170   Data           4  w5500.o(.data)
    S0_DPort                                 0x20000174   Data           2  w5500.o(.data)
    UDP_DIPR                                 0x20000176   Data           4  w5500.o(.data)
    UDP_DPORT                                0x2000017a   Data           2  w5500.o(.data)
    S0_Mode                                  0x2000017c   Data           1  w5500.o(.data)
    S0_State                                 0x2000017d   Data           1  w5500.o(.data)
    S0_Data                                  0x2000017e   Data           1  w5500.o(.data)
    Tx_Buffer_Size                           0x20000180   Data           2  w5500.o(.data)
    W5500_Interrupt                          0x20000182   Data           1  w5500.o(.data)
    __stdout                                 0x20000184   Data           4  stdout.o(.data)
    __microlib_freelist                      0x20000188   Data           4  mvars.o(.data)
    __microlib_freelist_initialised          0x2000018c   Data           4  mvars.o(.data)
    Re_Temp                                  0x20000194   Data          20  stm32f10x_it.o(.bss)
    List                                     0x200001a8   Data          44  app.o(.bss)
    Usart                                    0x200001d4   Data          44  app.o(.bss)
    Socket                                   0x20000200   Data          44  app.o(.bss)
    SemOfPoll                                0x2000022c   Data          40  app.o(.bss)
    AppTaskUSART1CheckTCB                    0x2000031c   Data         200  app.o(.bss)
    AppTaskPollDeviceTCB                     0x200004ac   Data         200  app.o(.bss)
    USART_Rx_Buffer                          0x20001f74   Data          20  bsp_usart1.o(.bss)
    membase                                  0x20001f88   Data       16384  malloc.o(.bss)
    memmapbase                               0x20005f88   Data        1024  malloc.o(.bss)
    CPU_Name                                 0x20006388   Data          16  cpu_core.o(.bss)
    Mem_PoolHeap                             0x20006398   Data          72  lib_mem.o(.bss)
    Mem_Heap                                 0x200063e0   Data       27648  lib_mem.o(.bss)
    OSCfg_IdleTaskStk                        0x2000cfe0   Data         512  os_cfg_app.o(.bss)
    OSCfg_IntQ                               0x2000d1e0   Data         320  os_cfg_app.o(.bss)
    OSCfg_IntQTaskStk                        0x2000d320   Data         512  os_cfg_app.o(.bss)
    OSCfg_ISRStk                             0x2000d520   Data         512  os_cfg_app.o(.bss)
    OSCfg_MsgPool                            0x2000d720   Data        1600  os_cfg_app.o(.bss)
    OSCfg_StatTaskStk                        0x2000dd60   Data         512  os_cfg_app.o(.bss)
    OSCfg_TickTaskStk                        0x2000df60   Data         512  os_cfg_app.o(.bss)
    OSCfg_TickWheel                          0x2000e160   Data         136  os_cfg_app.o(.bss)
    OSCfg_TmrTaskStk                         0x2000e1e8   Data         512  os_cfg_app.o(.bss)
    OSCfg_TmrWheel                           0x2000e3e8   Data         136  os_cfg_app.o(.bss)
    OSIdleTaskTCB                            0x2000e470   Data         200  os_var.o(.bss)
    OSIntQTaskTCB                            0x2000e538   Data         200  os_var.o(.bss)
    OSMsgPool                                0x2000e600   Data          12  os_var.o(.bss)
    OSRdyList                                0x2000e60c   Data         384  os_var.o(.bss)
    OSStatTaskTCB                            0x2000e78c   Data         200  os_var.o(.bss)
    OSTickTaskTCB                            0x2000e854   Data         200  os_var.o(.bss)
    OSTmrTaskTCB                             0x2000e91c   Data         200  os_var.o(.bss)
    Rx_Buffer                                0x2000e9e4   Data         500  w5500.o(.bss)
    Tx_Buffer                                0x2000ebd8   Data         500  w5500.o(.bss)
    __heap_base                              0x2000edd0   Data           0  startup_stm32f10x_hd.o(HEAP)
    __heap_limit                             0x2000efd0   Data           0  startup_stm32f10x_hd.o(HEAP)
    __initial_sp                             0x2000f3d0   Data           0  startup_stm32f10x_hd.o(STACK)



==============================================================================

Memory Map of the image

  Image Entry point : 0x08000131

  Load Region LR_IROM1 (Base: 0x08000000, Size: 0x0000b144, Max: 0x00080000, ABSOLUTE, COMPRESSED[0x0000afe0])

    Execution Region ER_IROM1 (Base: 0x08000000, Size: 0x0000afb0, Max: 0x00080000, ABSOLUTE)

    Base Addr    Size         Type   Attr      Idx    E Section Name        Object

    0x08000000   0x00000130   Data   RO            3    RESET               startup_stm32f10x_hd.o
    0x08000130   0x00000000   Code   RO         6257  * .ARM.Collect$$$$00000000  mc_w.l(entry.o)
    0x08000130   0x00000004   Code   RO         6612    .ARM.Collect$$$$00000001  mc_w.l(entry2.o)
    0x08000134   0x00000004   Code   RO         6615    .ARM.Collect$$$$00000004  mc_w.l(entry5.o)
    0x08000138   0x00000000   Code   RO         6617    .ARM.Collect$$$$00000008  mc_w.l(entry7b.o)
    0x08000138   0x00000000   Code   RO         6619    .ARM.Collect$$$$0000000A  mc_w.l(entry8b.o)
    0x08000138   0x00000008   Code   RO         6620    .ARM.Collect$$$$0000000B  mc_w.l(entry9a.o)
    0x08000140   0x00000000   Code   RO         6622    .ARM.Collect$$$$0000000D  mc_w.l(entry10a.o)
    0x08000140   0x00000000   Code   RO         6624    .ARM.Collect$$$$0000000F  mc_w.l(entry11a.o)
    0x08000140   0x00000004   Code   RO         6613    .ARM.Collect$$$$00002712  mc_w.l(entry2.o)
    0x08000144   0x00000024   Code   RO            4    .text               startup_stm32f10x_hd.o
    0x08000168   0x00000034   Code   RO         4365    .text               cpu_a.o
    0x0800019c   0x0000000c   Code   RO         6260    .text               mc_w.l(tolower.o)
    0x080001a8   0x00000024   Code   RO         6262    .text               mc_w.l(memcpya.o)
    0x080001cc   0x00000024   Code   RO         6264    .text               mc_w.l(memseta.o)
    0x080001f0   0x00000018   Code   RO         6266    .text               mc_w.l(strcat.o)
    0x08000208   0x00000014   Code   RO         6268    .text               mc_w.l(strchr.o)
    0x0800021c   0x0000000e   Code   RO         6270    .text               mc_w.l(strlen.o)
    0x0800022a   0x0000001c   Code   RO         6272    .text               mc_w.l(strcmp.o)
    0x08000246   0x00000012   Code   RO         6274    .text               mc_w.l(strcpy.o)
    0x08000258   0x0000001e   Code   RO         6276    .text               mc_w.l(strncmp.o)
    0x08000276   0x0000014e   Code   RO         6569    .text               mf_w.l(dadd.o)
    0x080003c4   0x000000e4   Code   RO         6571    .text               mf_w.l(dmul.o)
    0x080004a8   0x00000022   Code   RO         6573    .text               mf_w.l(dflti.o)
    0x080004ca   0x0000001a   Code   RO         6575    .text               mf_w.l(dfltui.o)
    0x080004e4   0x0000003e   Code   RO         6577    .text               mf_w.l(dfixi.o)
    0x08000522   0x00000002   PAD
    0x08000524   0x00000030   Code   RO         6581    .text               mf_w.l(cdcmple.o)
    0x08000554   0x00000030   Code   RO         6583    .text               mf_w.l(cdrcmple.o)
    0x08000584   0x0000002c   Code   RO         6627    .text               mc_w.l(uidiv.o)
    0x080005b0   0x00000062   Code   RO         6629    .text               mc_w.l(uldiv.o)
    0x08000612   0x0000001e   Code   RO         6631    .text               mc_w.l(llshl.o)
    0x08000630   0x00000020   Code   RO         6633    .text               mc_w.l(llushr.o)
    0x08000650   0x00000024   Code   RO         6635    .text               mc_w.l(llsshr.o)
    0x08000674   0x00000000   Code   RO         6646    .text               mc_w.l(iusefp.o)
    0x08000674   0x000000ba   Code   RO         6647    .text               mf_w.l(depilogue.o)
    0x0800072e   0x000000de   Code   RO         6649    .text               mf_w.l(ddiv.o)
    0x0800080c   0x0000002e   Code   RO         6651    .text               mf_w.l(dscalb.o)
    0x0800083a   0x00000030   Code   RO         6653    .text               mf_w.l(dfixul.o)
    0x0800086a   0x00000002   PAD
    0x0800086c   0x00000024   Code   RO         6655    .text               mc_w.l(init.o)
    0x08000890   0x000000a2   Code   RO         6657    .text               mf_w.l(dsqrt.o)
    0x08000932   0x00000056   Code   RO         6667    .text               mc_w.l(__dczerorl2.o)
    0x08000988   0x00000084   Code   RO         5964    CODE                os_cpu_a.o
    0x08000a0c   0x00000130   Code   RO         3284    i.AppTaskStart      app.o
    0x08000b3c   0x00000140   Code   RO         3285    i.AppTaskTCPPollDevice  app.o
    0x08000c7c   0x00000058   Code   RO         3286    i.AppTaskTCPServer  app.o
    0x08000cd4   0x000000ca   Code   RO         3562    i.Array_to_structure  bsp_list.o
    0x08000d9e   0x00000010   Code   RO         3425    i.BSP_CPU_ClkFreq   bsp.o
    0x08000dae   0x00000002   PAD
    0x08000db0   0x00000020   Code   RO         3426    i.BSP_Init          bsp.o
    0x08000dd0   0x00000004   Code   RO         3108    i.BusFault_Handler  stm32f10x_it.o
    0x08000dd4   0x00000010   Code   RO         4201    i.CPU_Init          cpu_core.o
    0x08000de4   0x00000084   Code   RO         4202    i.CPU_IntDisMeasInit  cpu_core.o
    0x08000e68   0x0000001c   Code   RO         4203    i.CPU_IntDisMeasMaxCalc  cpu_core.o
    0x08000e84   0x0000002c   Code   RO         4204    i.CPU_IntDisMeasMaxCurGet  cpu_core.o
    0x08000eb0   0x0000002c   Code   RO         4205    i.CPU_IntDisMeasMaxCurReset  cpu_core.o
    0x08000edc   0x0000002c   Code   RO         4206    i.CPU_IntDisMeasMaxGet  cpu_core.o
    0x08000f08   0x00000034   Code   RO         4207    i.CPU_IntDisMeasStart  cpu_core.o
    0x08000f3c   0x00000054   Code   RO         4208    i.CPU_IntDisMeasStop  cpu_core.o
    0x08000f90   0x00000038   Code   RO         4209    i.CPU_NameClr       cpu_core.o
    0x08000fc8   0x00000008   Code   RO         4211    i.CPU_NameInit      cpu_core.o
    0x08000fd0   0x00000014   Code   RO         4215    i.CPU_TS_Init       cpu_core.o
    0x08000fe4   0x0000000c   Code   RO         4217    i.CPU_TS_TmrFreqSet  cpu_core.o
    0x08000ff0   0x00000034   Code   RO         3427    i.CPU_TS_TmrInit    bsp.o
    0x08001024   0x0000000c   Code   RO         3428    i.CPU_TS_TmrRd      bsp.o
    0x08001030   0x00000048   Code   RO         4181    i.CRC8_Check        bsp_crc8.o
    0x08001078   0x00000030   Code   RO         3478    i.Check_Device_Cmd_Buffer  bsp_usart1.o
    0x080010a8   0x00000108   Code   RO         3563    i.Check_Node_Statues_Process  bsp_list.o
    0x080011b0   0x0000002c   Code   RO         3564    i.Check_Node_Status  bsp_list.o
    0x080011dc   0x000000cc   Code   RO         3666    i.Cmd_Write_Device  bsp_cjosn.o
    0x080012a8   0x000000b8   Code   RO         3667    i.Creat_Cjson_Heartbeat  bsp_cjosn.o
    0x08001360   0x000000a8   Code   RO         3668    i.Creat_Cjson_Offline  bsp_cjosn.o
    0x08001408   0x00000002   Code   RO         3109    i.DebugMon_Handler  stm32f10x_it.o
    0x0800140a   0x00000002   PAD
    0x0800140c   0x00000070   Code   RO         3565    i.Delete_Node       bsp_list.o
    0x0800147c   0x000000e0   Code   RO         6045    i.Detect_Gateway    w5500.o
    0x0800155c   0x000000dc   Code   RO         3669    i.Discovery_Cjson   bsp_cjosn.o
    0x08001638   0x0000001c   Code   RO         3110    i.EXTI4_IRQHandler  stm32f10x_it.o
    0x08001654   0x0000000c   Code   RO          939    i.EXTI_ClearITPendingBit  stm32f10x_exti.o
    0x08001660   0x00000028   Code   RO          943    i.EXTI_GetITStatus  stm32f10x_exti.o
    0x08001688   0x00000094   Code   RO          944    i.EXTI_Init         stm32f10x_exti.o
    0x0800171c   0x0000003c   Code   RO         3566    i.Find_Node         bsp_list.o
    0x08001758   0x00000024   Code   RO         3567    i.Find_Node_Process  bsp_list.o
    0x0800177c   0x00000040   Code   RO         1289    i.GPIO_EXTILineConfig  stm32f10x_gpio.o
    0x080017bc   0x00000116   Code   RO         1292    i.GPIO_Init         stm32f10x_gpio.o
    0x080018d2   0x00000004   Code   RO         1299    i.GPIO_ResetBits    stm32f10x_gpio.o
    0x080018d6   0x00000004   Code   RO         1300    i.GPIO_SetBits      stm32f10x_gpio.o
    0x080018da   0x00000002   PAD
    0x080018dc   0x000000e4   Code   RO         3670    i.Generate_Multiple_IO_String  bsp_cjosn.o
    0x080019c0   0x000000d0   Code   RO         3671    i.Generate_Multiple_Relay_String  bsp_cjosn.o
    0x08001a90   0x000000c0   Code   RO         3672    i.Generate_Single_IO_String  bsp_cjosn.o
    0x08001b50   0x000000b0   Code   RO         3673    i.Generate_Single_Relay_String  bsp_cjosn.o
    0x08001c00   0x00000004   Code   RO         3111    i.HardFault_Handler  stm32f10x_it.o
    0x08001c04   0x0000002c   Code   RO         3568    i.Insert_Node       bsp_list.o
    0x08001c30   0x00000054   Code   RO         3569    i.Insert_Node_Process  bsp_list.o
    0x08001c84   0x0000006a   Code   RO         3570    i.Insert_Report     bsp_list.o
    0x08001cee   0x00000002   PAD
    0x08001cf0   0x000000a8   Code   RO         3674    i.Join_Cjson        bsp_cjosn.o
    0x08001d98   0x00000024   Code   RO         3528    i.Key1_Config       bsp_key.o
    0x08001dbc   0x00000028   Code   RO         3529    i.Key2_Config       bsp_key.o
    0x08001de4   0x0000000c   Code   RO         3530    i.Key_Initial       bsp_key.o
    0x08001df0   0x0000005c   Code   RO         3461    i.LED_GPIO_Config   bsp_led.o
    0x08001e4c   0x0000002c   Code   RO         3462    i.LED_Init          bsp_led.o
    0x08001e78   0x000000d8   Code   RO         3675    i.Leave_Cjson       bsp_cjosn.o
    0x08001f50   0x00000074   Code   RO         6046    i.Load_Net_Parameters  w5500.o
    0x08001fc4   0x00000004   Code   RO         3112    i.MemManage_Handler  stm32f10x_it.o
    0x08001fc8   0x00000012   Code   RO         4557    i.Mem_Clr           lib_mem.o
    0x08001fda   0x00000002   PAD
    0x08001fdc   0x00000048   Code   RO         4561    i.Mem_Init          lib_mem.o
    0x08002024   0x00000062   Code   RO         4574    i.Mem_Set           lib_mem.o
    0x08002086   0x00000002   Code   RO         3113    i.NMI_Handler       stm32f10x_it.o
    0x08002088   0x00000070   Code   RO          137    i.NVIC_Init         misc.o
    0x080020f8   0x00000014   Code   RO          138    i.NVIC_PriorityGroupConfig  misc.o
    0x0800210c   0x00000068   Code   RO         3571    i.NodeCreat         bsp_list.o
    0x08002174   0x00000002   Code   RO         4831    i.OSCfg_Init        os_cfg_app.o
    0x08002176   0x00000002   PAD
    0x08002178   0x00000014   Code   RO         5967    i.OSIdleTaskHook    os_cpu_c.o
    0x0800218c   0x0000018c   Code   RO         4854    i.OSInit            os_core.o
    0x08002318   0x00000038   Code   RO         5968    i.OSInitHook        os_cpu_c.o
    0x08002350   0x000000e4   Code   RO         4856    i.OSIntExit         os_core.o
    0x08002434   0x000000e8   Code   RO         5301    i.OSMutexCreate     os_mutex.o
    0x0800251c   0x00000328   Code   RO         5303    i.OSMutexPend       os_mutex.o
    0x08002844   0x000002a0   Code   RO         5305    i.OSMutexPost       os_mutex.o
    0x08002ae4   0x000000a8   Code   RO         4857    i.OSSched           os_core.o
    0x08002b8c   0x0000007c   Code   RO         4858    i.OSSchedLock       os_core.o
    0x08002c08   0x0000006c   Code   RO         4859    i.OSSchedRoundRobinCfg  os_core.o
    0x08002c74   0x000000a0   Code   RO         4861    i.OSSchedUnlock     os_core.o
    0x08002d14   0x00000068   Code   RO         4862    i.OSStart           os_core.o
    0x08002d7c   0x00000168   Code   RO         5572    i.OSStatReset       os_stat.o
    0x08002ee4   0x00000100   Code   RO         5573    i.OSStatTaskCPUUsageInit  os_stat.o
    0x08002fe4   0x00000014   Code   RO         5969    i.OSStatTaskHook    os_cpu_c.o
    0x08002ff8   0x00000294   Code   RO         5603    i.OSTaskCreate      os_task.o
    0x0800328c   0x00000018   Code   RO         5970    i.OSTaskCreateHook  os_cpu_c.o
    0x080032a4   0x00000208   Code   RO         5604    i.OSTaskDel         os_task.o
    0x080034ac   0x00000018   Code   RO         5971    i.OSTaskDelHook     os_cpu_c.o
    0x080034c4   0x00000088   Code   RO         5612    i.OSTaskResume      os_task.o
    0x0800354c   0x00000018   Code   RO         5972    i.OSTaskReturnHook  os_cpu_c.o
    0x08003564   0x00000250   Code   RO         5613    i.OSTaskSemPend     os_task.o
    0x080037b4   0x0000006c   Code   RO         5615    i.OSTaskSemPost     os_task.o
    0x08003820   0x000000e4   Code   RO         5617    i.OSTaskStkChk      os_task.o
    0x08003904   0x000000c0   Code   RO         5973    i.OSTaskStkInit     os_cpu_c.o
    0x080039c4   0x00000060   Code   RO         5618    i.OSTaskSuspend     os_task.o
    0x08003a24   0x000000a4   Code   RO         5974    i.OSTaskSwHook      os_cpu_c.o
    0x08003ac8   0x00000150   Code   RO         5818    i.OSTimeDly         os_time.o
    0x08003c18   0x0000022c   Code   RO         5819    i.OSTimeDlyHMSM     os_time.o
    0x08003e44   0x00000044   Code   RO         5823    i.OSTimeTick        os_time.o
    0x08003e88   0x00000014   Code   RO         5975    i.OSTimeTickHook    os_cpu_c.o
    0x08003e9c   0x00000040   Code   RO         5976    i.OS_CPU_SysTickHandler  os_cpu_c.o
    0x08003edc   0x00000030   Code   RO         5977    i.OS_CPU_SysTickInit  os_cpu_c.o
    0x08003f0c   0x000001b4   Code   RO         5100    i.OS_Dbg_Init       os_dbg.o
    0x080040c0   0x00000018   Code   RO         5125    i.OS_FlagInit       os_flag.o
    0x080040d8   0x0000027c   Code   RO         5126    i.OS_FlagPost       os_flag.o
    0x08004354   0x00000056   Code   RO         5127    i.OS_FlagTaskRdy    os_flag.o
    0x080043aa   0x00000002   PAD
    0x080043ac   0x0000004c   Code   RO         4864    i.OS_IdleTask       os_core.o
    0x080043f8   0x00000070   Code   RO         4865    i.OS_IdleTaskInit   os_core.o
    0x08004468   0x00000104   Code   RO         5199    i.OS_IntQPost       os_int.o
    0x0800456c   0x000001a4   Code   RO         5200    i.OS_IntQRePost     os_int.o
    0x08004710   0x000000c8   Code   RO         5201    i.OS_IntQTask       os_int.o
    0x080047d8   0x00000128   Code   RO         5202    i.OS_IntQTaskInit   os_int.o
    0x08004900   0x00000018   Code   RO         5233    i.OS_MemInit        os_mem.o
    0x08004918   0x0000007c   Code   RO         5265    i.OS_MsgPoolInit    os_msg.o
    0x08004994   0x00000044   Code   RO         5266    i.OS_MsgQFreeAll    os_msg.o
    0x080049d8   0x0000000e   Code   RO         5268    i.OS_MsgQInit       os_msg.o
    0x080049e6   0x00000002   PAD
    0x080049e8   0x00000104   Code   RO         5269    i.OS_MsgQPut        os_msg.o
    0x08004aec   0x00000030   Code   RO         5307    i.OS_MutexDbgListAdd  os_mutex.o
    0x08004b1c   0x00000018   Code   RO         5309    i.OS_MutexInit      os_mutex.o
    0x08004b34   0x00000068   Code   RO         4866    i.OS_Pend           os_core.o
    0x08004b9c   0x00000026   Code   RO         4869    i.OS_PendDataInit   os_core.o
    0x08004bc2   0x00000002   PAD
    0x08004bc4   0x0000005c   Code   RO         4870    i.OS_PendDbgNameAdd  os_core.o
    0x08004c20   0x00000024   Code   RO         4871    i.OS_PendDbgNameRemove  os_core.o
    0x08004c44   0x00000046   Code   RO         4872    i.OS_PendListChangePrio  os_core.o
    0x08004c8a   0x0000000a   Code   RO         4873    i.OS_PendListInit   os_core.o
    0x08004c94   0x00000066   Code   RO         4875    i.OS_PendListInsertPrio  os_core.o
    0x08004cfa   0x00000030   Code   RO         4876    i.OS_PendListRemove  os_core.o
    0x08004d2a   0x00000042   Code   RO         4877    i.OS_PendListRemove1  os_core.o
    0x08004d6c   0x000000c0   Code   RO         4880    i.OS_Post           os_core.o
    0x08004e2c   0x0000002a   Code   RO         4881    i.OS_Post1          os_core.o
    0x08004e56   0x00000002   PAD
    0x08004e58   0x00000028   Code   RO         5391    i.OS_PrioGetHighest  os_prio.o
    0x08004e80   0x00000018   Code   RO         5392    i.OS_PrioInit       os_prio.o
    0x08004e98   0x00000024   Code   RO         5393    i.OS_PrioInsert     os_prio.o
    0x08004ebc   0x00000024   Code   RO         5394    i.OS_PrioRemove     os_prio.o
    0x08004ee0   0x00000018   Code   RO         5437    i.OS_QInit          os_q.o
    0x08004ef8   0x00000188   Code   RO         5438    i.OS_QPost          os_q.o
    0x08005080   0x00000024   Code   RO         4882    i.OS_RdyListInit    os_core.o
    0x080050a4   0x0000002c   Code   RO         4883    i.OS_RdyListInsert  os_core.o
    0x080050d0   0x00000040   Code   RO         4884    i.OS_RdyListInsertHead  os_core.o
    0x08005110   0x0000003c   Code   RO         4885    i.OS_RdyListInsertTail  os_core.o
    0x0800514c   0x00000044   Code   RO         4886    i.OS_RdyListMoveHeadToTail  os_core.o
    0x08005190   0x0000005c   Code   RO         4887    i.OS_RdyListRemove  os_core.o
    0x080051ec   0x0000005c   Code   RO         4888    i.OS_Sched0         os_core.o
    0x08005248   0x0000001c   Code   RO         4889    i.OS_SchedLockTimeMeasStart  os_core.o
    0x08005264   0x0000003c   Code   RO         4890    i.OS_SchedLockTimeMeasStop  os_core.o
    0x080052a0   0x000000ec   Code   RO         4891    i.OS_SchedRoundRobin  os_core.o
    0x0800538c   0x00000018   Code   RO         5509    i.OS_SemInit        os_sem.o
    0x080053a4   0x00000198   Code   RO         5510    i.OS_SemPost        os_sem.o
    0x0800553c   0x000003b8   Code   RO         5574    i.OS_StatTask       os_stat.o
    0x080058f4   0x000000cc   Code   RO         5575    i.OS_StatTaskInit   os_stat.o
    0x080059c0   0x00000038   Code   RO         4892    i.OS_TaskBlock      os_core.o
    0x080059f8   0x00000030   Code   RO         5620    i.OS_TaskDbgListAdd  os_task.o
    0x08005a28   0x00000044   Code   RO         5621    i.OS_TaskDbgListRemove  os_task.o
    0x08005a6c   0x00000020   Code   RO         5622    i.OS_TaskInit       os_task.o
    0x08005a8c   0x000000d0   Code   RO         5623    i.OS_TaskInitTCB    os_task.o
    0x08005b5c   0x0000026c   Code   RO         5624    i.OS_TaskQPost      os_task.o
    0x08005dc8   0x0000001c   Code   RO         4893    i.OS_TaskRdy        os_core.o
    0x08005de4   0x0000017c   Code   RO         5625    i.OS_TaskResume     os_task.o
    0x08005f60   0x00000018   Code   RO         5626    i.OS_TaskReturn     os_task.o
    0x08005f78   0x000005a8   Code   RO         5627    i.OS_TaskSemPost    os_task.o
    0x08006520   0x00000190   Code   RO         5628    i.OS_TaskSuspend    os_task.o
    0x080066b0   0x00000028   Code   RO         5770    i.OS_TickListInit   os_tick.o
    0x080066d8   0x000001bc   Code   RO         5771    i.OS_TickListInsert  os_tick.o
    0x08006894   0x00000038   Code   RO         5772    i.OS_TickListRemove  os_tick.o
    0x080068cc   0x00000024   Code   RO         5773    i.OS_TickListResetPeak  os_tick.o
    0x080068f0   0x00000220   Code   RO         5774    i.OS_TickListUpdate  os_tick.o
    0x08006b10   0x0000002c   Code   RO         5775    i.OS_TickTask       os_tick.o
    0x08006b3c   0x000000b8   Code   RO         5776    i.OS_TickTaskInit   os_tick.o
    0x08006bf4   0x00000128   Code   RO         5869    i.OS_TmrInit        os_tmr.o
    0x08006d1c   0x000000d0   Code   RO         5870    i.OS_TmrLink        os_tmr.o
    0x08006dec   0x00000024   Code   RO         5871    i.OS_TmrResetPeak   os_tmr.o
    0x08006e10   0x000000c0   Code   RO         5872    i.OS_TmrTask        os_tmr.o
    0x08006ed0   0x00000050   Code   RO         5873    i.OS_TmrUnlink      os_tmr.o
    0x08006f20   0x00000024   Code   RO         6047    i.Process_Socket_Recive_Data  w5500.o
    0x08006f44   0x00000048   Code   RO         6048    i.Process_Socket_Send_Data  w5500.o
    0x08006f8c   0x0000002c   Code   RO         3573    i.Query_Node        bsp_list.o
    0x08006fb8   0x00000094   Code   RO         3574    i.Query_Node_Process  bsp_list.o
    0x0800704c   0x00000020   Code   RO         1710    i.RCC_APB2PeriphClockCmd  stm32f10x_rcc.o
    0x0800706c   0x000000d4   Code   RO         1718    i.RCC_GetClocksFreq  stm32f10x_rcc.o
    0x08007140   0x00000128   Code   RO         6049    i.Read_SOCK_Data_Buffer  w5500.o
    0x08007268   0x00000044   Code   RO         6050    i.Read_W5500_1Byte  w5500.o
    0x080072ac   0x00000050   Code   RO         6051    i.Read_W5500_SOCK_1Byte  w5500.o
    0x080072fc   0x00000068   Code   RO         6052    i.Read_W5500_SOCK_2Byte  w5500.o
    0x08007364   0x0000010c   Code   RO         3676    i.Reort_Cjson       bsp_cjosn.o
    0x08007470   0x00000020   Code   RO         6053    i.SPI1_Send_Byte    w5500.o
    0x08007490   0x0000001c   Code   RO         6054    i.SPI1_Send_Short   w5500.o
    0x080074ac   0x00000018   Code   RO         2187    i.SPI_Cmd           stm32f10x_spi.o
    0x080074c4   0x000000a0   Code   RO         6055    i.SPI_Configuration  w5500.o
    0x08007564   0x00000012   Code   RO         2195    i.SPI_I2S_GetFlagStatus  stm32f10x_spi.o
    0x08007576   0x00000006   Code   RO         2198    i.SPI_I2S_ReceiveData  stm32f10x_spi.o
    0x0800757c   0x00000004   Code   RO         2199    i.SPI_I2S_SendData  stm32f10x_spi.o
    0x08007580   0x0000003c   Code   RO         2200    i.SPI_Init          stm32f10x_spi.o
    0x080075bc   0x00000002   Code   RO         3115    i.SVC_Handler       stm32f10x_it.o
    0x080075be   0x00000008   Code   RO           24    i.SetSysClock       system_stm32f10x.o
    0x080075c6   0x00000002   PAD
    0x080075c8   0x000000e0   Code   RO           25    i.SetSysClockTo72   system_stm32f10x.o
    0x080076a8   0x00000052   Code   RO         6056    i.Socket_Connect    w5500.o
    0x080076fa   0x00000002   PAD
    0x080076fc   0x00000050   Code   RO         6057    i.Socket_Init       w5500.o
    0x0800774c   0x0000007e   Code   RO         6058    i.Socket_Listen     w5500.o
    0x080077ca   0x00000048   Code   RO         6059    i.Socket_UDP        w5500.o
    0x08007812   0x00000002   PAD
    0x08007814   0x00000060   Code   RO           27    i.SystemInit        system_stm32f10x.o
    0x08007874   0x00000100   Code   RO         3677    i.TCP_Cmd_Cjson_Analyze  bsp_cjosn.o
    0x08007974   0x00000088   Code   RO         3479    i.TCP_Cmd_Control_Device  bsp_usart1.o
    0x080079fc   0x000000c8   Code   RO         3117    i.USART1_IRQHandler  stm32f10x_it.o
    0x08007ac4   0x00000084   Code   RO         3480    i.USART1_Send_Data  bsp_usart1.o
    0x08007b48   0x00000018   Code   RO         2878    i.USART_Cmd         stm32f10x_usart.o
    0x08007b60   0x0000001a   Code   RO         2881    i.USART_GetFlagStatus  stm32f10x_usart.o
    0x08007b7a   0x00000054   Code   RO         2882    i.USART_GetITStatus  stm32f10x_usart.o
    0x08007bce   0x0000004a   Code   RO         2884    i.USART_ITConfig    stm32f10x_usart.o
    0x08007c18   0x000000d8   Code   RO         2885    i.USART_Init        stm32f10x_usart.o
    0x08007cf0   0x0000000a   Code   RO         2892    i.USART_ReceiveData  stm32f10x_usart.o
    0x08007cfa   0x00000008   Code   RO         2895    i.USART_SendData    stm32f10x_usart.o
    0x08007d02   0x00000002   PAD
    0x08007d04   0x000000e0   Code   RO         3481    i.USARTx_Config     bsp_usart1.o
    0x08007de4   0x00000124   Code   RO         3678    i.Updata_Cjson      bsp_cjosn.o
    0x08007f08   0x00000004   Code   RO         3118    i.UsageFault_Handler  stm32f10x_it.o
    0x08007f0c   0x00000028   Code   RO         6060    i.W5500_GPIOInit    w5500.o
    0x08007f34   0x0000006c   Code   RO         6061    i.W5500_GPIO_Configuration  w5500.o
    0x08007fa0   0x0000004c   Code   RO         6062    i.W5500_Hardware_Reset  w5500.o
    0x08007fec   0x000000a4   Code   RO         6063    i.W5500_Init        w5500.o
    0x08008090   0x00000012   Code   RO         6064    i.W5500_Initialization  w5500.o
    0x080080a2   0x00000002   PAD
    0x080080a4   0x000000c0   Code   RO         6065    i.W5500_Interrupt_Process  w5500.o
    0x08008164   0x00000020   Code   RO         6066    i.W5500_NVIC_Configuration  w5500.o
    0x08008184   0x0000006c   Code   RO         6067    i.W5500_Socket_Set  w5500.o
    0x080081f0   0x00000058   Code   RO         3576    i.Write_Check_Node_Relay_Status_Process  bsp_list.o
    0x08008248   0x0000010c   Code   RO         6068    i.Write_SOCK_Data_Buffer  w5500.o
    0x08008354   0x00000030   Code   RO         6069    i.Write_W5500_1Byte  w5500.o
    0x08008384   0x00000030   Code   RO         6070    i.Write_W5500_2Byte  w5500.o
    0x080083b4   0x0000003c   Code   RO         6071    i.Write_W5500_SOCK_1Byte  w5500.o
    0x080083f0   0x0000003c   Code   RO         6072    i.Write_W5500_SOCK_2Byte  w5500.o
    0x0800842c   0x00000054   Code   RO         6073    i.Write_W5500_SOCK_4Byte  w5500.o
    0x08008480   0x00000044   Code   RO         6074    i.Write_W5500_nByte  w5500.o
    0x080084c4   0x00000020   Code   RO         6513    i.__0printf         mc_w.l(printfa.o)
    0x080084e4   0x00000028   Code   RO         6515    i.__0sprintf        mc_w.l(printfa.o)
    0x0800850c   0x00000028   Code   RO         6599    i.__ARM_fpclassify  m_ws.l(fpclassify.o)
    0x08008534   0x000000aa   Code   RO         6601    i.__kernel_poly     m_ws.l(poly.o)
    0x080085de   0x00000002   PAD
    0x080085e0   0x00000010   Code   RO         6585    i.__mathlib_dbl_divzero  m_ws.l(dunder.o)
    0x080085f0   0x00000004   Code   RO         6587    i.__mathlib_dbl_infnan2  m_ws.l(dunder.o)
    0x080085f4   0x0000000c   Code   RO         6588    i.__mathlib_dbl_invalid  m_ws.l(dunder.o)
    0x08008600   0x0000000e   Code   RO         6589    i.__mathlib_dbl_overflow  m_ws.l(dunder.o)
    0x0800860e   0x00000002   PAD
    0x08008610   0x00000010   Code   RO         6591    i.__mathlib_dbl_underflow  m_ws.l(dunder.o)
    0x08008620   0x0000000e   Code   RO         6661    i.__scatterload_copy  mc_w.l(handlers.o)
    0x0800862e   0x00000002   Code   RO         6662    i.__scatterload_null  mc_w.l(handlers.o)
    0x08008630   0x0000000e   Code   RO         6663    i.__scatterload_zeroinit  mc_w.l(handlers.o)
    0x0800863e   0x00000002   PAD
    0x08008640   0x0000000c   Code   RO         6641    i.__set_errno       mc_w.l(errno.o)
    0x0800864c   0x00000164   Code   RO         6520    i._fp_digits        mc_w.l(printfa.o)
    0x080087b0   0x000006dc   Code   RO         6521    i._printf_core      mc_w.l(printfa.o)
    0x08008e8c   0x00000024   Code   RO         6522    i._printf_post_padding  mc_w.l(printfa.o)
    0x08008eb0   0x0000002e   Code   RO         6523    i._printf_pre_padding  mc_w.l(printfa.o)
    0x08008ede   0x0000000a   Code   RO         6525    i._sputc            mc_w.l(printfa.o)
    0x08008ee8   0x0000002a   Code   RO         3782    i.cJSON_AddItemToArray  cjson.o
    0x08008f12   0x00000002   PAD
    0x08008f14   0x00000030   Code   RO         3783    i.cJSON_AddItemToObject  cjson.o
    0x08008f44   0x00000024   Code   RO         3791    i.cJSON_CreateNumber  cjson.o
    0x08008f68   0x00000012   Code   RO         3792    i.cJSON_CreateObject  cjson.o
    0x08008f7a   0x0000001c   Code   RO         3793    i.cJSON_CreateString  cjson.o
    0x08008f96   0x00000002   PAD
    0x08008f98   0x00000050   Code   RO         3796    i.cJSON_Delete      cjson.o
    0x08008fe8   0x0000000c   Code   RO         3804    i.cJSON_GetErrorPtr  cjson.o
    0x08008ff4   0x0000001e   Code   RO         3805    i.cJSON_GetObjectItem  cjson.o
    0x08009012   0x00000002   PAD
    0x08009014   0x00000020   Code   RO         3808    i.cJSON_New_Item    cjson.o
    0x08009034   0x00000010   Code   RO         3809    i.cJSON_Parse       cjson.o
    0x08009044   0x00000064   Code   RO         3810    i.cJSON_ParseWithOpts  cjson.o
    0x080090a8   0x00000010   Code   RO         3811    i.cJSON_Print       cjson.o
    0x080090b8   0x0000004c   Code   RO         3815    i.cJSON_strcasecmp  cjson.o
    0x08009104   0x0000002c   Code   RO         3816    i.cJSON_strdup      cjson.o
    0x08009130   0x000000dc   Code   RO         6244    i.floor             m_ws.l(floor.o)
    0x0800920c   0x00000048   Code   RO         3483    i.fputc             bsp_usart1.o
    0x08009254   0x00000050   Code   RO         6541    i.free              mc_w.l(malloc.o)
    0x080092a4   0x00000060   Code   RO         3288    i.main              app.o
    0x08009304   0x0000006c   Code   RO         6542    i.malloc            mc_w.l(malloc.o)
    0x08009370   0x00000048   Code   RO         4113    i.mem_free          malloc.o
    0x080093b8   0x0000002c   Code   RO         4114    i.mem_init          malloc.o
    0x080093e4   0x00000078   Code   RO         4115    i.mem_malloc        malloc.o
    0x0800945c   0x00000028   Code   RO         4116    i.mem_perused       malloc.o
    0x08009484   0x0000001c   Code   RO         4117    i.myfree            malloc.o
    0x080094a0   0x00000020   Code   RO         4118    i.mymalloc          malloc.o
    0x080094c0   0x00000014   Code   RO         4120    i.mymemset          malloc.o
    0x080094d4   0x000000ac   Code   RO         3818    i.parse_array       cjson.o
    0x08009580   0x00000114   Code   RO         3819    i.parse_hex4        cjson.o
    0x08009694   0x000001bc   Code   RO         3820    i.parse_number      cjson.o
    0x08009850   0x00000114   Code   RO         3821    i.parse_object      cjson.o
    0x08009964   0x000001cc   Code   RO         3822    i.parse_string      cjson.o
    0x08009b30   0x000000bc   Code   RO         3823    i.parse_value       cjson.o
    0x08009bec   0x000009b8   Code   RO         6248    i.pow               m_ws.l(pow.o)
    0x0800a5a4   0x0000016c   Code   RO         3824    i.print_array       cjson.o
    0x0800a710   0x00000134   Code   RO         3825    i.print_number      cjson.o
    0x0800a844   0x00000274   Code   RO         3826    i.print_object      cjson.o
    0x0800aab8   0x0000000c   Code   RO         3827    i.print_string      cjson.o
    0x0800aac4   0x00000128   Code   RO         3828    i.print_string_ptr  cjson.o
    0x0800abec   0x00000094   Code   RO         3829    i.print_value       cjson.o
    0x0800ac80   0x00000012   Code   RO         3830    i.skip              cjson.o
    0x0800ac92   0x0000004c   Code   RO         6605    i.sqrt              m_ws.l(sqrt.o)
    0x0800acde   0x00000006   Code   RO         3831    i.suffix_object     cjson.o
    0x0800ace4   0x00000007   Data   RO         3832    .constdata          cjson.o
    0x0800aceb   0x00000001   PAD
    0x0800acec   0x000000a4   Data   RO         4833    .constdata          os_cfg_app.o
    0x0800ad90   0x0000016c   Data   RO         5101    .constdata          os_dbg.o
    0x0800aefc   0x00000004   PAD
    0x0800af00   0x00000088   Data   RO         6249    .constdata          m_ws.l(pow.o)
    0x0800af88   0x00000008   Data   RO         6603    .constdata          m_ws.l(qnan.o)
    0x0800af90   0x00000020   Data   RO         6659    Region$$Table       anon$$obj.o


    Execution Region RW_IRAM1 (Base: 0x20000000, Size: 0x0000f3d0, Max: 0x00010000, ABSOLUTE, COMPRESSED[0x00000030])

    Base Addr    Size         Type   Attr      Idx    E Section Name        Object

    0x20000000   0x00000014   Data   RW         1738    .data               stm32f10x_rcc.o
    0x20000014   0x00000001   Data   RW         3120    .data               stm32f10x_it.o
    0x20000015   0x00000003   PAD
    0x20000018   0x00000006   Data   RW         3290    .data               app.o
    0x2000001e   0x00000002   Data   RW         3485    .data               bsp_usart1.o
    0x20000020   0x00000024   Data   RW         3577    .data               bsp_list.o
    0x20000044   0x0000000c   Data   RW         3833    .data               cjson.o
    0x20000050   0x00000014   Data   RW         4124    .data               malloc.o
    0x20000064   0x0000001c   Data   RW         4221    .data               cpu_core.o
    0x20000080   0x00000004   Data   RW         4576    .data               lib_mem.o
    0x20000084   0x00000004   Data   RW         5395    .data               os_prio.o
    0x20000088   0x000000d0   Data   RW         5951    .data               os_var.o
    0x20000158   0x00000004   Data   RW         5978    .data               os_cpu_c.o
    0x2000015c   0x00000027   Data   RW         6076    .data               w5500.o
    0x20000183   0x00000001   PAD
    0x20000184   0x00000004   Data   RW         6626    .data               mc_w.l(stdout.o)
    0x20000188   0x00000004   Data   RW         6637    .data               mc_w.l(mvars.o)
    0x2000018c   0x00000004   Data   RW         6638    .data               mc_w.l(mvars.o)
    0x20000190   0x00000004   Data   RW         6642    .data               mc_w.l(errno.o)
    0x20000194   0x00000014   Zero   RW         3119    .bss                stm32f10x_it.o
    0x200001a8   0x00001dcc   Zero   RW         3289    .bss                app.o
    0x20001f74   0x00000014   Zero   RW         3484    .bss                bsp_usart1.o
    0x20001f88   0x00004400   Zero   RW         4122    .bss                malloc.o
    0x20006388   0x00000010   Zero   RW         4219    .bss                cpu_core.o
    0x20006398   0x00006c48   Zero   RW         4575    .bss                lib_mem.o
    0x2000cfe0   0x00001490   Zero   RW         4832    .bss                os_cfg_app.o
    0x2000e470   0x00000574   Zero   RW         5950    .bss                os_var.o
    0x2000e9e4   0x000003e8   Zero   RW         6075    .bss                w5500.o
    0x2000edcc   0x00000004   PAD
    0x2000edd0   0x00000200   Zero   RW            2    HEAP                startup_stm32f10x_hd.o
    0x2000efd0   0x00000400   Zero   RW            1    STACK               startup_stm32f10x_hd.o


==============================================================================

Image component sizes


      Code (inc. data)   RO Data    RW Data    ZI Data      Debug   Object Name

       808        164          0          6       7628      33277   app.o
       112         18          0          0          0       1941   bsp.o
      2780        642          0          0          0      12713   bsp_cjosn.o
        72          0          0          0          0       1009   bsp_crc8.o
        88         10          0          0          0       1414   bsp_key.o
       136         18          0          0          0        975   bsp_led.o
      1336         72          0         36          0      10617   bsp_list.o
       612         38          0          2         20       4178   bsp_usart1.o
      4174        238          7         12          0      23265   cjson.o
         0          0          0          0          0       4528   core_cm3.o
        52          0          0          0          0        348   cpu_a.o
       540         98          0         28         16      16397   cpu_core.o
       188         18          0          4      27720      13535   lib_mem.o
       356         28          0         20      17408       5674   malloc.o
       132         22          0          0          0       1567   misc.o
         2          0        164          0       5264      20958   os_cfg_app.o
      3140        414          0          0          0      21069   os_core.o
       132         32          0          0          0        392   os_cpu_a.o
       656         68          0          4          0       8117   os_cpu_c.o
       436        286        364          0          0       4805   os_dbg.o
       746         28          0          0          0       3021   os_flag.o
      1176        204          0          0          0       3414   os_int.o
        24         10          0          0          0        873   os_mem.o
       466         26          0          0          0       3189   os_msg.o
      1784         90          0          0          0       4664   os_mutex.o
       136         16          0          4          0       2826   os_prio.o
       416         20          0          0          0       2162   os_q.o
       432         14          0          0          0       2186   os_sem.o
      1772        214          0          0          0       4011   os_stat.o
      5568        270          0          0          0      14300   os_task.o
      1348        124          0          0          0       5397   os_tick.o
       960         46          0          0          0       3037   os_time.o
       812        134          0          0          0       4100   os_tmr.o
         0          0          0        208       1396      19489   os_var.o
        36          8        304          0       1536        884   startup_stm32f10x_hd.o
       200         18          0          0          0       2140   stm32f10x_exti.o
       350          4          0          0          0       3694   stm32f10x_gpio.o
       250         28          0          1         20      47603   stm32f10x_it.o
       244         26          0         20          0       3905   stm32f10x_rcc.o
       112          0          0          0          0       3874   stm32f10x_spi.o
       442          6          0          0          0       6193   stm32f10x_usart.o
       328         28          0          0          0     239249   system_stm32f10x.o
      2950        208          0         39       1000      23183   w5500.o

    ----------------------------------------------------------------------
     36340       3688        876        388      62012     590173   Object Totals
         0          0         32          0          0          0   (incl. Generated)
        36          0          5          4          4          0   (incl. Padding)

    ----------------------------------------------------------------------

      Code (inc. data)   RO Data    RW Data    ZI Data      Debug   Library Member Name

        62         10          0          0          0        340   dunder.o
       220         16          0          0          0         84   floor.o
        40          0          0          0          0         68   fpclassify.o
       170          0          0          0          0         96   poly.o
      2488        190        136          0          0        300   pow.o
         0          0          8          0          0          0   qnan.o
        76          0          0          0          0         84   sqrt.o
        86          0          0          0          0          0   __dczerorl2.o
         0          0          0          0          0          0   entry.o
         0          0          0          0          0          0   entry10a.o
         0          0          0          0          0          0   entry11a.o
         8          4          0          0          0          0   entry2.o
         4          0          0          0          0          0   entry5.o
         0          0          0          0          0          0   entry7b.o
         0          0          0          0          0          0   entry8b.o
         8          4          0          0          0          0   entry9a.o
        12          6          0          4          0         68   errno.o
        30          0          0          0          0          0   handlers.o
        36          8          0          0          0         68   init.o
         0          0          0          0          0          0   iusefp.o
        30          0          0          0          0         68   llshl.o
        36          0          0          0          0         68   llsshr.o
        32          0          0          0          0         68   llushr.o
       188         20          0          0          0        160   malloc.o
        36          0          0          0          0         68   memcpya.o
        36          0          0          0          0        108   memseta.o
         0          0          0          8          0          0   mvars.o
      2276         96          0          0          0        596   printfa.o
         0          0          0          4          0          0   stdout.o
        24          0          0          0          0         68   strcat.o
        20          0          0          0          0         68   strchr.o
        28          0          0          0          0         76   strcmp.o
        18          0          0          0          0         68   strcpy.o
        14          0          0          0          0         68   strlen.o
        30          0          0          0          0         80   strncmp.o
        12          0          0          0          0         68   tolower.o
        44          0          0          0          0         80   uidiv.o
        98          0          0          0          0         92   uldiv.o
        48          0          0          0          0         68   cdcmple.o
        48          0          0          0          0         68   cdrcmple.o
       334          0          0          0          0        148   dadd.o
       222          0          0          0          0        100   ddiv.o
       186          0          0          0          0        176   depilogue.o
        62          0          0          0          0         80   dfixi.o
        48          0          0          0          0         68   dfixul.o
        34          0          0          0          0         76   dflti.o
        26          0          0          0          0         76   dfltui.o
       228          0          0          0          0         96   dmul.o
        46          0          0          0          0         80   dscalb.o
       162          0          0          0          0        100   dsqrt.o

    ----------------------------------------------------------------------
      7616        354        144         16          0       4048   Library Totals
        10          0          0          0          0          0   (incl. Padding)

    ----------------------------------------------------------------------

      Code (inc. data)   RO Data    RW Data    ZI Data      Debug   Library Name

      3056        216        144          0          0        972   m_ws.l
      3106        138          0         16          0       1940   mc_w.l
      1444          0          0          0          0       1136   mf_w.l

    ----------------------------------------------------------------------
      7616        354        144         16          0       4048   Library Totals

    ----------------------------------------------------------------------

==============================================================================


      Code (inc. data)   RO Data    RW Data    ZI Data      Debug   

     43956       4042       1020        404      62012     578645   Grand Totals
     43956       4042       1020         48      62012     578645   ELF Image Totals (compressed)
     43956       4042       1020         48          0          0   ROM Totals

==============================================================================

    Total RO  Size (Code + RO Data)                44976 (  43.92kB)
    Total RW  Size (RW Data + ZI Data)             62416 (  60.95kB)
    Total ROM Size (Code + RO Data + RW Data)      45024 (  43.97kB)

==============================================================================

