Component: ARM Compiler 5.05 update 2 (build 169) Tool: armlink [4d0f33]

==============================================================================

Section Cross References

    startup_stm32f10x_hd.o(RESET) refers to startup_stm32f10x_hd.o(STACK) for __initial_sp
    startup_stm32f10x_hd.o(RESET) refers to startup_stm32f10x_hd.o(.text) for Reset_Handler
    startup_stm32f10x_hd.o(RESET) refers to stm32f10x_it.o(i.NMI_Handler) for NMI_Handler
    startup_stm32f10x_hd.o(RESET) refers to stm32f10x_it.o(i.HardFault_Handler) for HardFault_Handler
    startup_stm32f10x_hd.o(RESET) refers to stm32f10x_it.o(i.MemManage_Handler) for MemManage_Handler
    startup_stm32f10x_hd.o(RESET) refers to stm32f10x_it.o(i.BusFault_Handler) for BusFault_Handler
    startup_stm32f10x_hd.o(RESET) refers to stm32f10x_it.o(i.UsageFault_Handler) for UsageFault_Handler
    startup_stm32f10x_hd.o(RESET) refers to stm32f10x_it.o(i.SVC_Handler) for SVC_Handler
    startup_stm32f10x_hd.o(RESET) refers to stm32f10x_it.o(i.DebugMon_Handler) for DebugMon_Handler
    startup_stm32f10x_hd.o(RESET) refers to os_cpu_a.o(CODE) for OS_CPU_PendSVHandler
    startup_stm32f10x_hd.o(RESET) refers to os_cpu_c.o(i.OS_CPU_SysTickHandler) for OS_CPU_SysTickHandler
    startup_stm32f10x_hd.o(RESET) refers to stm32f10x_it.o(i.USART1_IRQHandler) for USART1_IRQHandler
    startup_stm32f10x_hd.o(.text) refers to system_stm32f10x.o(i.SystemInit) for SystemInit
    startup_stm32f10x_hd.o(.text) refers to entry.o(.ARM.Collect$$$$00000000) for __main
    system_stm32f10x.o(i.SetSysClock) refers to system_stm32f10x.o(i.SetSysClockTo72) for SetSysClockTo72
    system_stm32f10x.o(i.SystemCoreClockUpdate) refers to system_stm32f10x.o(.data) for SystemCoreClock
    system_stm32f10x.o(i.SystemInit) refers to system_stm32f10x.o(i.SetSysClock) for SetSysClock
    stm32f10x_adc.o(i.ADC_DeInit) refers to stm32f10x_rcc.o(i.RCC_APB2PeriphResetCmd) for RCC_APB2PeriphResetCmd
    stm32f10x_bkp.o(i.BKP_DeInit) refers to stm32f10x_rcc.o(i.RCC_BackupResetCmd) for RCC_BackupResetCmd
    stm32f10x_can.o(i.CAN_DeInit) refers to stm32f10x_rcc.o(i.RCC_APB1PeriphResetCmd) for RCC_APB1PeriphResetCmd
    stm32f10x_can.o(i.CAN_GetITStatus) refers to stm32f10x_can.o(i.CheckITStatus) for CheckITStatus
    stm32f10x_cec.o(i.CEC_DeInit) refers to stm32f10x_rcc.o(i.RCC_APB1PeriphResetCmd) for RCC_APB1PeriphResetCmd
    stm32f10x_dac.o(i.DAC_DeInit) refers to stm32f10x_rcc.o(i.RCC_APB1PeriphResetCmd) for RCC_APB1PeriphResetCmd
    stm32f10x_flash.o(i.FLASH_EnableWriteProtection) refers to stm32f10x_flash.o(i.FLASH_WaitForLastOperation) for FLASH_WaitForLastOperation
    stm32f10x_flash.o(i.FLASH_EraseAllBank1Pages) refers to stm32f10x_flash.o(i.FLASH_WaitForLastBank1Operation) for FLASH_WaitForLastBank1Operation
    stm32f10x_flash.o(i.FLASH_EraseAllPages) refers to stm32f10x_flash.o(i.FLASH_WaitForLastOperation) for FLASH_WaitForLastOperation
    stm32f10x_flash.o(i.FLASH_EraseOptionBytes) refers to stm32f10x_flash.o(i.FLASH_GetReadOutProtectionStatus) for FLASH_GetReadOutProtectionStatus
    stm32f10x_flash.o(i.FLASH_EraseOptionBytes) refers to stm32f10x_flash.o(i.FLASH_WaitForLastOperation) for FLASH_WaitForLastOperation
    stm32f10x_flash.o(i.FLASH_ErasePage) refers to stm32f10x_flash.o(i.FLASH_WaitForLastOperation) for FLASH_WaitForLastOperation
    stm32f10x_flash.o(i.FLASH_ProgramHalfWord) refers to stm32f10x_flash.o(i.FLASH_WaitForLastOperation) for FLASH_WaitForLastOperation
    stm32f10x_flash.o(i.FLASH_ProgramOptionByteData) refers to stm32f10x_flash.o(i.FLASH_WaitForLastOperation) for FLASH_WaitForLastOperation
    stm32f10x_flash.o(i.FLASH_ProgramWord) refers to stm32f10x_flash.o(i.FLASH_WaitForLastOperation) for FLASH_WaitForLastOperation
    stm32f10x_flash.o(i.FLASH_ReadOutProtection) refers to stm32f10x_flash.o(i.FLASH_WaitForLastOperation) for FLASH_WaitForLastOperation
    stm32f10x_flash.o(i.FLASH_UserOptionByteConfig) refers to stm32f10x_flash.o(i.FLASH_WaitForLastOperation) for FLASH_WaitForLastOperation
    stm32f10x_flash.o(i.FLASH_WaitForLastBank1Operation) refers to stm32f10x_flash.o(i.FLASH_GetBank1Status) for FLASH_GetBank1Status
    stm32f10x_flash.o(i.FLASH_WaitForLastOperation) refers to stm32f10x_flash.o(i.FLASH_GetBank1Status) for FLASH_GetBank1Status
    stm32f10x_gpio.o(i.GPIO_AFIODeInit) refers to stm32f10x_rcc.o(i.RCC_APB2PeriphResetCmd) for RCC_APB2PeriphResetCmd
    stm32f10x_gpio.o(i.GPIO_DeInit) refers to stm32f10x_rcc.o(i.RCC_APB2PeriphResetCmd) for RCC_APB2PeriphResetCmd
    stm32f10x_i2c.o(i.I2C_DeInit) refers to stm32f10x_rcc.o(i.RCC_APB1PeriphResetCmd) for RCC_APB1PeriphResetCmd
    stm32f10x_i2c.o(i.I2C_Init) refers to stm32f10x_rcc.o(i.RCC_GetClocksFreq) for RCC_GetClocksFreq
    stm32f10x_pwr.o(i.PWR_DeInit) refers to stm32f10x_rcc.o(i.RCC_APB1PeriphResetCmd) for RCC_APB1PeriphResetCmd
    stm32f10x_rcc.o(i.RCC_GetClocksFreq) refers to stm32f10x_rcc.o(.data) for APBAHBPrescTable
[...]
    i.OS_RdyListMoveHeadToTail               0x08004714   Section        0  os_core.o(i.OS_RdyListMoveHeadToTail)
    i.OS_RdyListRemove                       0x08004758   Section        0  os_core.o(i.OS_RdyListRemove)
    i.OS_Sched0                              0x080047b4   Section        0  os_core.o(i.OS_Sched0)
    i.OS_SchedLockTimeMeasStart              0x08004810   Section        0  os_core.o(i.OS_SchedLockTimeMeasStart)
    i.OS_SchedLockTimeMeasStop               0x0800482c   Section        0  os_core.o(i.OS_SchedLockTimeMeasStop)
    i.OS_SchedRoundRobin                     0x08004868   Section        0  os_core.o(i.OS_SchedRoundRobin)
    i.OS_SemInit                             0x08004954   Section        0  os_sem.o(i.OS_SemInit)
    i.OS_SemPost                             0x0800496c   Section        0  os_sem.o(i.OS_SemPost)
    i.OS_StatTask                            0x08004b04   Section        0  os_stat.o(i.OS_StatTask)
    i.OS_StatTaskInit                        0x08004ebc   Section        0  os_stat.o(i.OS_StatTaskInit)
    i.OS_TaskBlock                           0x08004f88   Section        0  os_core.o(i.OS_TaskBlock)
    i.OS_TaskDbgListAdd                      0x08004fc0   Section        0  os_task.o(i.OS_TaskDbgListAdd)
    i.OS_TaskDbgListRemove                   0x08004ff0   Section        0  os_task.o(i.OS_TaskDbgListRemove)
    i.OS_TaskInit                            0x08005034   Section        0  os_task.o(i.OS_TaskInit)
    i.OS_TaskInitTCB                         0x08005054   Section        0  os_task.o(i.OS_TaskInitTCB)
    i.OS_TaskQPost                           0x08005124   Section        0  os_task.o(i.OS_TaskQPost)
    i.OS_TaskRdy                             0x08005390   Section        0  os_core.o(i.OS_TaskRdy)
    i.OS_TaskResume                          0x080053ac   Section        0  os_task.o(i.OS_TaskResume)
    i.OS_TaskReturn                          0x08005528   Section        0  os_task.o(i.OS_TaskReturn)
    i.OS_TaskSemPost                         0x08005540   Section        0  os_task.o(i.OS_TaskSemPost)
    i.OS_TaskSuspend                         0x08005ae8   Section        0  os_task.o(i.OS_TaskSuspend)
    i.OS_TickListInit                        0x08005c78   Section        0  os_tick.o(i.OS_TickListInit)
    i.OS_TickListInsert                      0x08005ca0   Section        0  os_tick.o(i.OS_TickListInsert)
    i.OS_TickListRemove                      0x08005e5c   Section        0  os_tick.o(i.OS_TickListRemove)
    i.OS_TickListResetPeak                   0x08005e94   Section        0  os_tick.o(i.OS_TickListResetPeak)
    i.OS_TickListUpdate                      0x08005eb8   Section        0  os_tick.o(i.OS_TickListUpdate)
    i.OS_TickTask                            0x080060d8   Section        0  os_tick.o(i.OS_TickTask)
    i.OS_TickTaskInit                        0x08006104   Section        0  os_tick.o(i.OS_TickTaskInit)
    i.OS_TmrInit                             0x080061bc   Section        0  os_tmr.o(i.OS_TmrInit)
    i.OS_TmrLink                             0x080062e4   Section        0  os_tmr.o(i.OS_TmrLink)
    i.OS_TmrResetPeak                        0x080063b4   Section        0  os_tmr.o(i.OS_TmrResetPeak)
    i.OS_TmrTask                             0x080063d8   Section        0  os_tmr.o(i.OS_TmrTask)
    i.OS_TmrUnlink                           0x08006498   Section        0  os_tmr.o(i.OS_TmrUnlink)
    i.RCC_APB2PeriphClockCmd                 0x080064e8   Section        0  stm32f10x_rcc.o(i.RCC_APB2PeriphClockCmd)
    i.RCC_GetClocksFreq                      0x08006508   Section        0  stm32f10x_rcc.o(i.RCC_GetClocksFreq)
    i.SVC_Handler                            0x080065dc   Section        0  stm32f10x_it.o(i.SVC_Handler)
    i.SetSysClock                            0x080065de   Section        0  system_stm32f10x.o(i.SetSysClock)
    SetSysClock                              0x080065df   Thumb Code     8  system_stm32f10x.o(i.SetSysClock)
    i.SetSysClockTo72                        0x080065e8   Section        0  system_stm32f10x.o(i.SetSysClockTo72)
    SetSysClockTo72                          0x080065e9   Thumb Code   214  system_stm32f10x.o(i.SetSysClockTo72)
    i.SystemInit                             0x080066c8   Section        0  system_stm32f10x.o(i.SystemInit)
    i.USART1_IRQHandler                      0x08006728   Section        0  stm32f10x_it.o(i.USART1_IRQHandler)
    i.USART1_Send_Data                       0x08006810   Section        0  bsp_usart1.o(i.USART1_Send_Data)
    i.USART_Cmd                              0x08006850   Section        0  stm32f10x_usart.o(i.USART_Cmd)
    i.USART_GetFlagStatus                    0x08006868   Section        0  stm32f10x_usart.o(i.USART_GetFlagStatus)
    i.USART_GetITStatus                      0x08006882   Section        0  stm32f10x_usart.o(i.USART_GetITStatus)
    i.USART_ITConfig                         0x080068d6   Section        0  stm32f10x_usart.o(i.USART_ITConfig)
    i.USART_Init                             0x08006920   Section        0  stm32f10x_usart.o(i.USART_Init)
    i.USART_ReceiveData                      0x080069f8   Section        0  stm32f10x_usart.o(i.USART_ReceiveData)
    i.USART_SendData                         0x08006a02   Section        0  stm32f10x_usart.o(i.USART_SendData)
    i.USARTx_Config                          0x08006a0c   Section        0  bsp_usart1.o(i.USARTx_Config)
    i.Updata_Node                            0x08006abc   Section        0  bsp_list.o(i.Updata_Node)
    i.UsageFault_Handler                     0x08006b68   Section        0  stm32f10x_it.o(i.UsageFault_Handler)
    i.__0printf                              0x08006b6c   Section        0  printfa.o(i.__0printf)
    i.__scatterload_copy                     0x08006b8c   Section       14  handlers.o(i.__scatterload_copy)
    i.__scatterload_null                     0x08006b9a   Section        2  handlers.o(i.__scatterload_null)
    i.__scatterload_zeroinit                 0x08006b9c   Section       14  handlers.o(i.__scatterload_zeroinit)
    i._fp_digits                             0x08006bac   Section        0  printfa.o(i._fp_digits)
    _fp_digits                               0x08006bad   Thumb Code   334  printfa.o(i._fp_digits)
    i._printf_core                           0x08006d10   Section        0  printfa.o(i._printf_core)
    _printf_core                             0x08006d11   Thumb Code  1744  printfa.o(i._printf_core)
    i._printf_post_padding                   0x080073ec   Section        0  printfa.o(i._printf_post_padding)
    _printf_post_padding                     0x080073ed   Thumb Code    36  printfa.o(i._printf_post_padding)
    i._printf_pre_padding                    0x08007410   Section        0  printfa.o(i._printf_pre_padding)
    _printf_pre_padding                      0x08007411   Thumb Code    46  printfa.o(i._printf_pre_padding)
    i.fputc                                  0x08007440   Section        0  bsp_usart1.o(i.fputc)
    i.free                                   0x08007464   Section        0  malloc.o(i.free)
    i.main                                   0x080074b4   Section        0  app.o(i.main)
    i.malloc                                 0x08007514   Section        0  malloc.o(i.malloc)
    .constdata                               0x08007580   Section      164  os_cfg_app.o(.constdata)
    .constdata                               0x08007624   Section      364  os_dbg.o(.constdata)
    .data                                    0x20000000   Section       20  stm32f10x_rcc.o(.data)
    APBAHBPrescTable                         0x20000000   Data          16  stm32f10x_rcc.o(.data)
    ADCPrescTable                            0x20000010   Data           4  stm32f10x_rcc.o(.data)
    .data                                    0x20000014   Section        5  stm32f10x_it.o(.data)
    .data                                    0x2000001c   Section        8  app.o(.data)
    .data                                    0x20000024   Section       28  cpu_core.o(.data)
    .data                                    0x20000040   Section        4  lib_mem.o(.data)
    .data                                    0x20000044   Section        4  os_prio.o(.data)
    .data                                    0x20000048   Section      208  os_var.o(.data)
    .data                                    0x20000118   Section        4  os_cpu_c.o(.data)
    .data                                    0x2000011c   Section        4  stdout.o(.data)
    .data                                    0x20000120   Section        4  mvars.o(.data)
    .data                                    0x20000124   Section        4  mvars.o(.data)
    .bss                                     0x20000128   Section       20  stm32f10x_it.o(.bss)
    .bss                                     0x2000013c   Section     5644  app.o(.bss)
    AppTaskStartTCB                          0x200002f0   Data         200  app.o(.bss)
    AppTaskListTCB                           0x20000480   Data         200  app.o(.bss)
    AppTaskStartStk                          0x20000548   Data         512  app.o(.bss)
    AppTaskCheckDeviceStk                    0x20000748   Data        2048  app.o(.bss)
    AppTaskListStk                           0x20000f48   Data        2048  app.o(.bss)
    .bss                                     0x20001748   Section       16  cpu_core.o(.bss)
    .bss                                     0x20001758   Section    27720  lib_mem.o(.bss)
    .bss                                     0x200083a0   Section     5264  os_cfg_app.o(.bss)
    .bss                                     0x20009830   Section     1396  os_var.o(.bss)
    HEAP                                     0x20009da8   Section      512  startup_stm32f10x_hd.o(HEAP)
    STACK                                    0x20009fa8   Section     1024  startup_stm32f10x_hd.o(STACK)

    Global Symbols

    Symbol Name                              Value     Ov Type        Size  Object(Section)

    BuildAttributes$$THM_ISAv4$P$D$K$B$S$PE$A:L22UL41UL21$X:L11$S22US41US21$IEEE1$IW$USESV6$~STKCKD$USESV7$~SHL$OTIME$ROPI$IEEEX$EBA8$MICROLIB$REQ8$PRES8$EABIv2 0x00000000   Number         0  anon$$obj.o ABSOLUTE
    __ARM_use_no_argv                        0x00000000   Number         0  app.o ABSOLUTE
    _printf_a                                0x00000000   Number         0  stubs.o ABSOLUTE
    _printf_c                                0x00000000   Number         0  stubs.o ABSOLUTE
    _printf_charcount                        0x00000000   Number         0  stubs.o ABSOLUTE
    _printf_d                                0x00000000   Number         0  stubs.o ABSOLUTE
    _printf_e                                0x00000000   Number         0  stubs.o ABSOLUTE
    _printf_f                                0x00000000   Number         0  stubs.o ABSOLUTE
    _printf_flags                            0x00000000   Number         0  stubs.o ABSOLUTE
    _printf_fp_dec                           0x00000000   Number         0  stubs.o ABSOLUTE
    _printf_fp_hex                           0x00000000   Number         0  stubs.o ABSOLUTE
    _printf_g                                0x00000000   Number         0  stubs.o ABSOLUTE
    _printf_i                                0x00000000   Number         0  stubs.o ABSOLUTE
    _printf_int_dec                          0x00000000   Number         0  stubs.o ABSOLUTE
    _printf_l                                0x00000000   Number         0  stubs.o ABSOLUTE
    _printf_lc                               0x00000000   Number         0  stubs.o ABSOLUTE
    _printf_ll                               0x00000000   Number         0  stubs.o ABSOLUTE
    _printf_lld                              0x00000000   Number         0  stubs.o ABSOLUTE
    _printf_lli                              0x00000000   Number         0  stubs.o ABSOLUTE
    _printf_llo                              0x00000000   Number         0  stubs.o ABSOLUTE
    _printf_llu                              0x00000000   Number         0  stubs.o ABSOLUTE
    _printf_llx                              0x00000000   Number         0  stubs.o ABSOLUTE
    _printf_longlong_dec                     0x00000000   Number         0  stubs.o ABSOLUTE
    _printf_longlong_hex                     0x00000000   Number         0  stubs.o ABSOLUTE
    _printf_longlong_oct                     0x00000000   Number         0  stubs.o ABSOLUTE
    _printf_ls                               0x00000000   Number         0  stubs.o ABSOLUTE
    _printf_mbtowc                           0x00000000   Number         0  stubs.o ABSOLUTE
    _printf_n                                0x00000000   Number         0  stubs.o ABSOLUTE
    _printf_o                                0x00000000   Number         0  stubs.o ABSOLUTE
    _printf_p                                0x00000000   Number         0  stubs.o ABSOLUTE
    _printf_percent                          0x00000000   Number         0  stubs.o ABSOLUTE
    _printf_pre_padding                      0x00000000   Number         0  stubs.o ABSOLUTE
    _printf_return_value                     0x00000000   Number         0  stubs.o ABSOLUTE
    _printf_s                                0x00000000   Number         0  stubs.o ABSOLUTE
    _printf_sizespec                         0x00000000   Number         0  stubs.o ABSOLUTE
    _printf_str                              0x00000000   Number         0  stubs.o ABSOLUTE
    _printf_truncate_signed                  0x00000000   Number         0  stubs.o ABSOLUTE
    _printf_truncate_unsigned                0x00000000   Number         0  stubs.o ABSOLUTE
    _printf_u                                0x00000000   Number         0  stubs.o ABSOLUTE
    _printf_wc                               0x00000000   Number         0  stubs.o ABSOLUTE
    _printf_wctomb                           0x00000000   Number         0  stubs.o ABSOLUTE
    _printf_widthprec                        0x00000000   Number         0  stubs.o ABSOLUTE
    _printf_x                                0x00000000   Number         0  stubs.o ABSOLUTE
    __cpp_initialize__aeabi_                  - Undefined Weak Reference
    __cxa_finalize                            - Undefined Weak Reference
    __decompress                              - Undefined Weak Reference
    _clock_init                               - Undefined Weak Reference
    _microlib_exit                            - Undefined Weak Reference
    __Vectors_Size                           0x00000130   Number         0  startup_stm32f10x_hd.o ABSOLUTE
    __Vectors                                0x08000000   Data           4  startup_stm32f10x_hd.o(RESET)
    __Vectors_End                            0x08000130   Data           0  startup_stm32f10x_hd.o(RESET)
    __main                                   0x08000131   Thumb Code     0  entry.o(.ARM.Collect$$$$00000000)
    _main_stk                                0x08000131   Thumb Code     0  entry2.o(.ARM.Collect$$$$00000001)
    _main_scatterload                        0x08000135   Thumb Code     0  entry5.o(.ARM.Collect$$$$00000004)
    __main_after_scatterload                 0x08000139   Thumb Code     0  entry5.o(.ARM.Collect$$$$00000004)
    _main_clock                              0x08000139   Thumb Code     0  entry7b.o(.ARM.Collect$$$$00000008)
    _main_cpp_init                           0x08000139   Thumb Code     0  entry8b.o(.ARM.Collect$$$$0000000A)
    _main_init                               0x08000139   Thumb Code     0  entry9a.o(.ARM.Collect$$$$0000000B)
    __rt_final_cpp                           0x08000141   Thumb Code     0  entry10a.o(.ARM.Collect$$$$0000000D)
    __rt_final_exit                          0x08000141   Thumb Code     0  entry11a.o(.ARM.Collect$$$$0000000F)
    Reset_Handler                            0x08000145   Thumb Code     8  startup_stm32f10x_hd.o(.text)
    ADC1_2_IRQHandler                        0x0800015f   Thumb Code     0  startup_stm32f10x_hd.o(.text)
    ADC3_IRQHandler                          0x0800015f   Thumb Code     0  startup_stm32f10x_hd.o(.text)
    CAN1_RX1_IRQHandler                      0x0800015f   Thumb Code     0  startup_stm32f10x_hd.o(.text)
    CAN1_SCE_IRQHandler                      0x0800015f   Thumb Code     0  startup_stm32f10x_hd.o(.text)
    DMA1_Channel1_IRQHandler                 0x0800015f   Thumb Code     0  startup_stm32f10x_hd.o(.text)
    DMA1_Channel2_IRQHandler                 0x0800015f   Thumb Code     0  startup_stm32f10x_hd.o(.text)
    DMA1_Channel3_IRQHandler                 0x0800015f   Thumb Code     0  startup_stm32f10x_hd.o(.text)
    DMA1_Channel4_IRQHandler                 0x0800015f   Thumb Code     0  startup_stm32f10x_hd.o(.text)
    DMA1_Channel5_IRQHandler                 0x0800015f   Thumb Code     0  startup_stm32f10x_hd.o(.text)
    DMA1_Channel6_IRQHandler                 0x0800015f   Thumb Code     0  startup_stm32f10x_hd.o(.text)
    DMA1_Channel7_IRQHandler                 0x0800015f   Thumb Code     0  startup_stm32f10x_hd.o(.text)
    DMA2_Channel1_IRQHandler                 0x0800015f   Thumb Code     0  startup_stm32f10x_hd.o(.text)
    DMA2_Channel2_IRQHandler                 0x0800015f   Thumb Code     0  startup_stm32f10x_hd.o(.text)
    DMA2_Channel3_IRQHandler                 0x0800015f   Thumb Code     0  startup_stm32f10x_hd.o(.text)
    DMA2_Channel4_5_IRQHandler               0x0800015f   Thumb Code     0  startup_stm32f10x_hd.o(.text)
    EXTI0_IRQHandler                         0x0800015f   Thumb Code     0  startup_stm32f10x_hd.o(.text)
    EXTI15_10_IRQHandler                     0x0800015f   Thumb Code     0  startup_stm32f10x_hd.o(.text)
    EXTI1_IRQHandler                         0x0800015f   Thumb Code     0  startup_stm32f10x_hd.o(.text)
    EXTI2_IRQHandler                         0x0800015f   Thumb Code     0  startup_stm32f10x_hd.o(.text)
    EXTI3_IRQHandler                         0x0800015f   Thumb Code     0  startup_stm32f10x_hd.o(.text)
    EXTI4_IRQHandler                         0x0800015f   Thumb Code     0  startup_stm32f10x_hd.o(.text)
    EXTI9_5_IRQHandler                       0x0800015f   Thumb Code     0  startup_stm32f10x_hd.o(.text)
    FLASH_IRQHandler                         0x0800015f   Thumb Code     0  startup_stm32f10x_hd.o(.text)
    FSMC_IRQHandler                          0x0800015f   Thumb Code     0  startup_stm32f10x_hd.o(.text)
    I2C1_ER_IRQHandler                       0x0800015f   Thumb Code     0  startup_stm32f10x_hd.o(.text)
    I2C1_EV_IRQHandler                       0x0800015f   Thumb Code     0  startup_stm32f10x_hd.o(.text)
    I2C2_ER_IRQHandler                       0x0800015f   Thumb Code     0  startup_stm32f10x_hd.o(.text)
    I2C2_EV_IRQHandler                       0x0800015f   Thumb Code     0  startup_stm32f10x_hd.o(.text)
    PVD_IRQHandler                           0x0800015f   Thumb Code     0  startup_stm32f10x_hd.o(.text)
    RCC_IRQHandler                           0x0800015f   Thumb Code     0  startup_stm32f10x_hd.o(.text)
    RTCAlarm_IRQHandler                      0x0800015f   Thumb Code     0  startup_stm32f10x_hd.o(.text)
    RTC_IRQHandler                           0x0800015f   Thumb Code     0  startup_stm32f10x_hd.o(.text)
    SDIO_IRQHandler                          0x0800015f   Thumb Code     0  startup_stm32f10x_hd.o(.text)
    SPI1_IRQHandler                          0x0800015f   Thumb Code     0  startup_stm32f10x_hd.o(.text)
    SPI2_IRQHandler                          0x0800015f   Thumb Code     0  startup_stm32f10x_hd.o(.text)
    SPI3_IRQHandler                          0x0800015f   Thumb Code     0  startup_stm32f10x_hd.o(.text)
    TAMPER_IRQHandler                        0x0800015f   Thumb Code     0  startup_stm32f10x_hd.o(.text)
    TIM1_BRK_IRQHandler                      0x0800015f   Thumb Code     0  startup_stm32f10x_hd.o(.text)
    TIM1_CC_IRQHandler                       0x0800015f   Thumb Code     0  startup_stm32f10x_hd.o(.text)
    TIM1_TRG_COM_IRQHandler                  0x0800015f   Thumb Code     0  startup_stm32f10x_hd.o(.text)
    TIM1_UP_IRQHandler                       0x0800015f   Thumb Code     0  startup_stm32f10x_hd.o(.text)
    TIM2_IRQHandler                          0x0800015f   Thumb Code     0  startup_stm32f10x_hd.o(.text)
    TIM3_IRQHandler                          0x0800015f   Thumb Code     0  startup_stm32f10x_hd.o(.text)
    TIM4_IRQHandler                          0x0800015f   Thumb Code     0  startup_stm32f10x_hd.o(.text)
    TIM5_IRQHandler                          0x0800015f   Thumb Code     0  startup_stm32f10x_hd.o(.text)
    TIM6_IRQHandler                          0x0800015f   Thumb Code     0  startup_stm32f10x_hd.o(.text)
    TIM7_IRQHandler                          0x0800015f   Thumb Code     0  startup_stm32f10x_hd.o(.text)
    TIM8_BRK_IRQHandler                      0x0800015f   Thumb Code     0  startup_stm32f10x_hd.o(.text)
    TIM8_CC_IRQHandler                       0x0800015f   Thumb Code     0  startup_stm32f10x_hd.o(.text)
    TIM8_TRG_COM_IRQHandler                  0x0800015f   Thumb Code     0  startup_stm32f10x_hd.o(.text)
    TIM8_UP_IRQHandler                       0x0800015f   Thumb Code     0  startup_stm32f10x_hd.o(.text)
    UART4_IRQHandler                         0x0800015f   Thumb Code     0  startup_stm32f10x_hd.o(.text)
    UART5_IRQHandler                         0x0800015f   Thumb Code     0  startup_stm32f10x_hd.o(.text)
    USART2_IRQHandler                        0x0800015f   Thumb Code     0  startup_stm32f10x_hd.o(.text)
    USART3_IRQHandler                        0x0800015f   Thumb Code     0  startup_stm32f10x_hd.o(.text)
    USBWakeUp_IRQHandler                     0x0800015f   Thumb Code     0  startup_stm32f10x_hd.o(.text)
    USB_HP_CAN1_TX_IRQHandler                0x0800015f   Thumb Code     0  startup_stm32f10x_hd.o(.text)
    USB_LP_CAN1_RX0_IRQHandler               0x0800015f   Thumb Code     0  startup_stm32f10x_hd.o(.text)
    WWDG_IRQHandler                          0x0800015f   Thumb Code     0  startup_stm32f10x_hd.o(.text)
    CPU_IntDis                               0x08000169   Thumb Code     0  cpu_a.o(.text)
    CPU_IntEn                                0x0800016d   Thumb Code     0  cpu_a.o(.text)
    CPU_SR_Save                              0x08000171   Thumb Code     0  cpu_a.o(.text)
    CPU_SR_Restore                           0x08000179   Thumb Code     0  cpu_a.o(.text)
    CPU_WaitForInt                           0x0800017f   Thumb Code     0  cpu_a.o(.text)
    CPU_WaitForExcept                        0x08000183   Thumb Code     0  cpu_a.o(.text)
    CPU_CntLeadZeros                         0x08000187   Thumb Code     0  cpu_a.o(.text)
    CPU_CntTrailZeros                        0x0800018d   Thumb Code     0  cpu_a.o(.text)
    CPU_RevBits                              0x08000197   Thumb Code     0  cpu_a.o(.text)
    __aeabi_memcpy                           0x0800019d   Thumb Code    36  memcpya.o(.text)
    __aeabi_memcpy4                          0x0800019d   Thumb Code     0  memcpya.o(.text)
    __aeabi_memcpy8                          0x0800019d   Thumb Code     0  memcpya.o(.text)
    __aeabi_memset                           0x080001c1   Thumb Code    14  memseta.o(.text)
    __aeabi_memset4                          0x080001c1   Thumb Code     0  memseta.o(.text)
    __aeabi_memset8                          0x080001c1   Thumb Code     0  memseta.o(.text)
    __aeabi_memclr                           0x080001cf   Thumb Code     4  memseta.o(.text)
    __aeabi_memclr4                          0x080001cf   Thumb Code     0  memseta.o(.text)
    __aeabi_memclr8                          0x080001cf   Thumb Code     0  memseta.o(.text)
    _memset$wrapper                          0x080001d3   Thumb Code    18  memseta.o(.text)
    __aeabi_dadd                             0x080001e5   Thumb Code   322  dadd.o(.text)
    __aeabi_dsub                             0x08000327   Thumb Code     6  dadd.o(.text)
    __aeabi_drsub                            0x0800032d   Thumb Code     6  dadd.o(.text)
    __aeabi_dmul                             0x08000333   Thumb Code   228  dmul.o(.text)
    __aeabi_cdrcmple                         0x08000419   Thumb Code    48  cdrcmple.o(.text)
    __aeabi_uidiv                            0x08000449   Thumb Code     0  uidiv.o(.text)
    __aeabi_uidivmod                         0x08000449   Thumb Code    44  uidiv.o(.text)
    __aeabi_uldivmod                         0x08000475   Thumb Code    98  uldiv.o(.text)
    __aeabi_llsl                             0x080004d7   Thumb Code    30  llshl.o(.text)
    _ll_shift_l                              0x080004d7   Thumb Code     0  llshl.o(.text)
    __aeabi_llsr                             0x080004f5   Thumb Code    32  llushr.o(.text)
    _ll_ushift_r                             0x080004f5   Thumb Code     0  llushr.o(.text)
    __aeabi_lasr                             0x08000515   Thumb Code    36  llsshr.o(.text)
    _ll_sshift_r                             0x08000515   Thumb Code     0  llsshr.o(.text)
    __I$use$fp                               0x08000539   Thumb Code     0  iusefp.o(.text)
    _double_round                            0x08000539   Thumb Code    30  depilogue.o(.text)
    _double_epilogue                         0x08000557   Thumb Code   156  depilogue.o(.text)
    __aeabi_ddiv                             0x080005f3   Thumb Code   222  ddiv.o(.text)
    __aeabi_d2ulz                            0x080006d1   Thumb Code    48  dfixul.o(.text)
    __scatterload                            0x08000701   Thumb Code    28  init.o(.text)
    __scatterload_rt2                        0x08000701   Thumb Code     0  init.o(.text)
    OSStartHighRdy                           0x08000725   Thumb Code     0  os_cpu_a.o(CODE)
    OS_CPU_PendSVHandler                     0x08000747   Thumb Code     0  os_cpu_a.o(CODE)
    Array_to_structure                       0x08000bc9   Thumb Code   194  bsp_list.o(i.Array_to_structure)
    BSP_CPU_ClkFreq                          0x08000c8b   Thumb Code    16  bsp.o(i.BSP_CPU_ClkFreq)
    BSP_Init                                 0x08000c9d   Thumb Code    24  bsp.o(i.BSP_Init)
    BusFault_Handler                         0x08000cb9   Thumb Code     4  stm32f10x_it.o(i.BusFault_Handler)
    CPU_Init                                 0x08000cbd   Thumb Code    16  cpu_core.o(i.CPU_Init)
    CPU_IntDisMeasMaxCurGet                  0x08000d6d   Thumb Code    40  cpu_core.o(i.CPU_IntDisMeasMaxCurGet)
    CPU_IntDisMeasMaxCurReset                0x08000d99   Thumb Code    40  cpu_core.o(i.CPU_IntDisMeasMaxCurReset)
    CPU_IntDisMeasMaxGet                     0x08000dc5   Thumb Code    40  cpu_core.o(i.CPU_IntDisMeasMaxGet)
    CPU_IntDisMeasStart                      0x08000df1   Thumb Code    38  cpu_core.o(i.CPU_IntDisMeasStart)
    CPU_IntDisMeasStop                       0x08000e25   Thumb Code    62  cpu_core.o(i.CPU_IntDisMeasStop)
    CPU_NameClr                              0x08000e79   Thumb Code    50  cpu_core.o(i.CPU_NameClr)
    CPU_TS_TmrFreqSet                        0x08000ecd   Thumb Code     6  cpu_core.o(i.CPU_TS_TmrFreqSet)
    CPU_TS_TmrInit                           0x08000ed9   Thumb Code    44  bsp.o(i.CPU_TS_TmrInit)
    CPU_TS_TmrRd                             0x08000f0d   Thumb Code     6  bsp.o(i.CPU_TS_TmrRd)
    Creat_Cjson_Join                         0x08000f19   Thumb Code     6  bsp_cjosn.o(i.Creat_Cjson_Join)
    Creat_Cjson_Offline                      0x08000f1f   Thumb Code     2  bsp_cjosn.o(i.Creat_Cjson_Offline)
    Creat_Cjson_Report                       0x08000f21   Thumb Code     6  bsp_cjosn.o(i.Creat_Cjson_Report)
    DebugMon_Handler                         0x08000f27   Thumb Code     2  stm32f10x_it.o(i.DebugMon_Handler)
    Delete_Node                              0x08000f29   Thumb Code    66  bsp_list.o(i.Delete_Node)
    Find_Node                                0x08000f71   Thumb Code    30  bsp_list.o(i.Find_Node)
    GPIO_Init                                0x08000f95   Thumb Code   278  stm32f10x_gpio.o(i.GPIO_Init)
    GPIO_ReadOutputDataBit                   0x080010ab   Thumb Code    18  stm32f10x_gpio.o(i.GPIO_ReadOutputDataBit)
    GPIO_ResetBits                           0x080010bd   Thumb Code     4  stm32f10x_gpio.o(i.GPIO_ResetBits)
    GPIO_SetBits                             0x080010c1   Thumb Code     4  stm32f10x_gpio.o(i.GPIO_SetBits)
    HardFault_Handler                        0x080010c5   Thumb Code     4  stm32f10x_it.o(i.HardFault_Handler)
    Insert_Node                              0x080010c9   Thumb Code   178  bsp_list.o(i.Insert_Node)
    Key_Initial                              0x080011cd   Thumb Code    12  bsp_key.o(i.Key_Initial)
    LED_Init                                 0x08001235   Thumb Code    34  bsp_led.o(i.LED_Init)
    MemManage_Handler                        0x08001261   Thumb Code     4  stm32f10x_it.o(i.MemManage_Handler)
    Mem_Clr                                  0x08001265   Thumb Code    18  lib_mem.o(i.Mem_Clr)
    Mem_Init                                 0x08001279   Thumb Code    54  lib_mem.o(i.Mem_Init)
    Mem_Set                                  0x080012c1   Thumb Code    98  lib_mem.o(i.Mem_Set)
    NMI_Handler                              0x08001323   Thumb Code     2  stm32f10x_it.o(i.NMI_Handler)
    NVIC_Init                                0x08001325   Thumb Code   100  misc.o(i.NVIC_Init)
    NVIC_PriorityGroupConfig                 0x08001395   Thumb Code    10  misc.o(i.NVIC_PriorityGroupConfig)
    NodeCreat                                0x080013a9   Thumb Code    92  bsp_list.o(i.NodeCreat)
    OSCfg_Init                               0x08001411   Thumb Code     2  os_cfg_app.o(i.OSCfg_Init)
    OSIdleTaskHook                           0x08001415   Thumb Code    16  os_cpu_c.o(i.OSIdleTaskHook)
    OSInit                                   0x08001429   Thumb Code   300  os_core.o(i.OSInit)
    OSInitHook                               0x080015b5   Thumb Code    42  os_cpu_c.o(i.OSInitHook)
    OSIntEnter                               0x080015ed   Thumb Code    34  os_core.o(i.OSIntEnter)
    OSIntExit                                0x08001619   Thumb Code   192  os_core.o(i.OSIntExit)
    OSMemCreate                              0x080016fd   Thumb Code   326  os_mem.o(i.OSMemCreate)
    OSMemGet                                 0x08001855   Thumb Code   112  os_mem.o(i.OSMemGet)
    OSMemPut                                 0x080018c5   Thumb Code   124  os_mem.o(i.OSMemPut)
    OSMutexCreate                            0x08001941   Thumb Code   216  os_mutex.o(i.OSMutexCreate)
    OSMutexPend                              0x08001a29   Thumb Code   788  os_mutex.o(i.OSMutexPend)
    OSMutexPost                              0x08001d51   Thumb Code   646  os_mutex.o(i.OSMutexPost)
    OSSched                                  0x08001ff1   Thumb Code   134  os_core.o(i.OSSched)
    OSSchedLock                              0x08002099   Thumb Code   112  os_core.o(i.OSSchedLock)
    OSSchedRoundRobinCfg                     0x08002115   Thumb Code    96  os_core.o(i.OSSchedRoundRobinCfg)
    OSSchedUnlock                            0x08002181   Thumb Code   148  os_core.o(i.OSSchedUnlock)
    OSStart                                  0x08002221   Thumb Code    78  os_core.o(i.OSStart)
    OSStatReset                              0x08002289   Thumb Code   316  os_stat.o(i.OSStatReset)
    OSStatTaskCPUUsageInit                   0x080023f1   Thumb Code   228  os_stat.o(i.OSStatTaskCPUUsageInit)
    OSStatTaskHook                           0x080024f1   Thumb Code    16  os_cpu_c.o(i.OSStatTaskHook)
    OSTaskCreate                             0x08002505   Thumb Code   624  os_task.o(i.OSTaskCreate)
    OSTaskCreateHook                         0x08002799   Thumb Code    20  os_cpu_c.o(i.OSTaskCreateHook)
    OSTaskDel                                0x080027b1   Thumb Code   490  os_task.o(i.OSTaskDel)
    OSTaskDelHook                            0x080029b9   Thumb Code    20  os_cpu_c.o(i.OSTaskDelHook)
    OSTaskQPend                              0x080029d1   Thumb Code   572  os_task.o(i.OSTaskQPend)
    OSTaskQPost                              0x08002c19   Thumb Code   114  os_task.o(i.OSTaskQPost)
    OSTaskResume                             0x08002c95   Thumb Code   124  os_task.o(i.OSTaskResume)
    OSTaskReturnHook                         0x08002d1d   Thumb Code    20  os_cpu_c.o(i.OSTaskReturnHook)
    OSTaskSemPend                            0x08002d35   Thumb Code   578  os_task.o(i.OSTaskSemPend)
    OSTaskStkChk                             0x08002f85   Thumb Code   220  os_task.o(i.OSTaskStkChk)
    OSTaskStkInit                            0x08003069   Thumb Code   188  os_cpu_c.o(i.OSTaskStkInit)
    OSTaskSuspend                            0x08003129   Thumb Code    78  os_task.o(i.OSTaskSuspend)
    OSTaskSwHook                             0x08003189   Thumb Code   146  os_cpu_c.o(i.OSTaskSwHook)
    OSTimeDly                                0x0800322d   Thumb Code   322  os_time.o(i.OSTimeDly)
    OSTimeTick                               0x0800337d   Thumb Code    54  os_time.o(i.OSTimeTick)
    OSTimeTickHook                           0x080033c1   Thumb Code    16  os_cpu_c.o(i.OSTimeTickHook)
    OS_CPU_SysTickHandler                    0x080033d5   Thumb Code    60  os_cpu_c.o(i.OS_CPU_SysTickHandler)
    OS_CPU_SysTickInit                       0x08003415   Thumb Code    44  os_cpu_c.o(i.OS_CPU_SysTickInit)
    OS_Dbg_Init                              0x08003445   Thumb Code   150  os_dbg.o(i.OS_Dbg_Init)
    OS_FlagInit                              0x080035f9   Thumb Code    14  os_flag.o(i.OS_FlagInit)
    OS_FlagPost                              0x08003611   Thumb Code   626  os_flag.o(i.OS_FlagPost)
    OS_FlagTaskRdy                           0x0800388d   Thumb Code    86  os_flag.o(i.OS_FlagTaskRdy)
    OS_IdleTask                              0x080038e5   Thumb Code    68  os_core.o(i.OS_IdleTask)
    OS_IdleTaskInit                          0x08003931   Thumb Code    66  os_core.o(i.OS_IdleTaskInit)
    OS_IntQPost                              0x080039a1   Thumb Code   224  os_int.o(i.OS_IntQPost)
    OS_IntQRePost                            0x08003aa5   Thumb Code   360  os_int.o(i.OS_IntQRePost)
    OS_IntQTask                              0x08003c49   Thumb Code   182  os_int.o(i.OS_IntQTask)
    OS_IntQTaskInit                          0x08003d11   Thumb Code   206  os_int.o(i.OS_IntQTaskInit)
    OS_MemDbgListAdd                         0x08003e39   Thumb Code    34  os_mem.o(i.OS_MemDbgListAdd)
    OS_MemInit                               0x08003e61   Thumb Code    14  os_mem.o(i.OS_MemInit)
    OS_MsgPoolInit                           0x08003e79   Thumb Code   110  os_msg.o(i.OS_MsgPoolInit)
    OS_MsgQFreeAll                           0x08003ef5   Thumb Code    62  os_msg.o(i.OS_MsgQFreeAll)
    OS_MsgQGet                               0x08003f39   Thumb Code    98  os_msg.o(i.OS_MsgQGet)
    OS_MsgQInit                              0x08003fa1   Thumb Code    14  os_msg.o(i.OS_MsgQInit)
    OS_MsgQPut                               0x08003fb1   Thumb Code   254  os_msg.o(i.OS_MsgQPut)
    OS_MutexDbgListAdd                       0x080040b5   Thumb Code    38  os_mutex.o(i.OS_MutexDbgListAdd)
    OS_MutexInit                             0x080040e5   Thumb Code    14  os_mutex.o(i.OS_MutexInit)
    OS_Pend                                  0x080040fd   Thumb Code    98  os_core.o(i.OS_Pend)
    OS_PendDataInit                          0x08004165   Thumb Code    38  os_core.o(i.OS_PendDataInit)
    OS_PendDbgNameAdd                        0x0800418d   Thumb Code    66  os_core.o(i.OS_PendDbgNameAdd)
    OS_PendDbgNameRemove                     0x080041e9   Thumb Code    30  os_core.o(i.OS_PendDbgNameRemove)
    OS_PendListChangePrio                    0x0800420d   Thumb Code    70  os_core.o(i.OS_PendListChangePrio)
    OS_PendListInit                          0x08004253   Thumb Code    10  os_core.o(i.OS_PendListInit)
    OS_PendListInsertPrio                    0x0800425d   Thumb Code   102  os_core.o(i.OS_PendListInsertPrio)
    OS_PendListRemove                        0x080042c3   Thumb Code    48  os_core.o(i.OS_PendListRemove)
    OS_PendListRemove1                       0x080042f3   Thumb Code    66  os_core.o(i.OS_PendListRemove1)
    OS_Post                                  0x08004335   Thumb Code   192  os_core.o(i.OS_Post)
    OS_Post1                                 0x080043f5   Thumb Code    42  os_core.o(i.OS_Post1)
    OS_PrioGetHighest                        0x08004421   Thumb Code    36  os_prio.o(i.OS_PrioGetHighest)
    OS_PrioInit                              0x08004449   Thumb Code    20  os_prio.o(i.OS_PrioInit)
    OS_PrioInsert                            0x08004461   Thumb Code    32  os_prio.o(i.OS_PrioInsert)
    OS_PrioRemove                            0x08004485   Thumb Code    32  os_prio.o(i.OS_PrioRemove)
    OS_QInit                                 0x080044a9   Thumb Code    14  os_q.o(i.OS_QInit)
    OS_QPost                                 0x080044c1   Thumb Code   382  os_q.o(i.OS_QPost)
    OS_RdyListInit                           0x08004649   Thumb Code    32  os_core.o(i.OS_RdyListInit)
    OS_RdyListInsert                         0x0800466d   Thumb Code    40  os_core.o(i.OS_RdyListInsert)
    OS_RdyListInsertHead                     0x08004699   Thumb Code    58  os_core.o(i.OS_RdyListInsertHead)
    OS_RdyListInsertTail                     0x080046d9   Thumb Code    56  os_core.o(i.OS_RdyListInsertTail)
    OS_RdyListMoveHeadToTail                 0x08004715   Thumb Code    68  os_core.o(i.OS_RdyListMoveHeadToTail)
    OS_RdyListRemove                         0x08004759   Thumb Code    86  os_core.o(i.OS_RdyListRemove)
    OS_Sched0                                0x080047b5   Thumb Code    72  os_core.o(i.OS_Sched0)
    OS_SchedLockTimeMeasStart                0x08004811   Thumb Code    20  os_core.o(i.OS_SchedLockTimeMeasStart)
    OS_SchedLockTimeMeasStop                 0x0800482d   Thumb Code    44  os_core.o(i.OS_SchedLockTimeMeasStop)
    OS_SchedRoundRobin                       0x08004869   Thumb Code   218  os_core.o(i.OS_SchedRoundRobin)
    OS_SemInit                               0x08004955   Thumb Code    14  os_sem.o(i.OS_SemInit)
    OS_SemPost                               0x0800496d   Thumb Code   404  os_sem.o(i.OS_SemPost)
    OS_StatTask                              0x08004b05   Thumb Code   878  os_stat.o(i.OS_StatTask)
    OS_StatTaskInit                          0x08004ebd   Thumb Code   136  os_stat.o(i.OS_StatTaskInit)
    OS_TaskBlock                             0x08004f89   Thumb Code    56  os_core.o(i.OS_TaskBlock)
    OS_TaskDbgListAdd                        0x08004fc1   Thumb Code    42  os_task.o(i.OS_TaskDbgListAdd)
    OS_TaskDbgListRemove                     0x08004ff1   Thumb Code    64  os_task.o(i.OS_TaskDbgListRemove)
    OS_TaskInit                              0x08005035   Thumb Code    18  os_task.o(i.OS_TaskInit)
    OS_TaskInitTCB                           0x08005055   Thumb Code   194  os_task.o(i.OS_TaskInitTCB)
    OS_TaskQPost                             0x08005125   Thumb Code   606  os_task.o(i.OS_TaskQPost)
    OS_TaskRdy                               0x08005391   Thumb Code    28  os_core.o(i.OS_TaskRdy)
    OS_TaskResume                            0x080053ad   Thumb Code   374  os_task.o(i.OS_TaskResume)
    OS_TaskReturn                            0x08005529   Thumb Code    20  os_task.o(i.OS_TaskReturn)
    OS_TaskSemPost                           0x08005541   Thumb Code  1438  os_task.o(i.OS_TaskSemPost)
    OS_TaskSuspend                           0x08005ae9   Thumb Code   392  os_task.o(i.OS_TaskSuspend)
    OS_TickListInit                          0x08005c79   Thumb Code    32  os_tick.o(i.OS_TickListInit)
    OS_TickListInsert                        0x08005ca1   Thumb Code   430  os_tick.o(i.OS_TickListInsert)
    OS_TickListRemove                        0x08005e5d   Thumb Code    56  os_tick.o(i.OS_TickListRemove)
    OS_TickListResetPeak                     0x08005e95   Thumb Code    28  os_tick.o(i.OS_TickListResetPeak)
    OS_TickListUpdate                        0x08005eb9   Thumb Code   520  os_tick.o(i.OS_TickListUpdate)
    OS_TickTask                              0x080060d9   Thumb Code    38  os_tick.o(i.OS_TickTask)
    OS_TickTaskInit                          0x08006105   Thumb Code   128  os_tick.o(i.OS_TickTaskInit)
    OS_TmrInit                               0x080061bd   Thumb Code   206  os_tmr.o(i.OS_TmrInit)
    OS_TmrLink                               0x080062e5   Thumb Code   196  os_tmr.o(i.OS_TmrLink)
    OS_TmrResetPeak                          0x080063b5   Thumb Code    28  os_tmr.o(i.OS_TmrResetPeak)
    OS_TmrTask                               0x080063d9   Thumb Code   176  os_tmr.o(i.OS_TmrTask)
    OS_TmrUnlink                             0x08006499   Thumb Code    72  os_tmr.o(i.OS_TmrUnlink)
    RCC_APB2PeriphClockCmd                   0x080064e9   Thumb Code    26  stm32f10x_rcc.o(i.RCC_APB2PeriphClockCmd)
    RCC_GetClocksFreq                        0x08006509   Thumb Code   192  stm32f10x_rcc.o(i.RCC_GetClocksFreq)
    SVC_Handler                              0x080065dd   Thumb Code     2  stm32f10x_it.o(i.SVC_Handler)
    SystemInit                               0x080066c9   Thumb Code    78  system_stm32f10x.o(i.SystemInit)
    USART1_IRQHandler                        0x08006729   Thumb Code   208  stm32f10x_it.o(i.USART1_IRQHandler)
    USART1_Send_Data                         0x08006811   Thumb Code    60  bsp_usart1.o(i.USART1_Send_Data)
    USART_Cmd                                0x08006851   Thumb Code    24  stm32f10x_usart.o(i.USART_Cmd)
    USART_GetFlagStatus                      0x08006869   Thumb Code    26  stm32f10x_usart.o(i.USART_GetFlagStatus)
    USART_GetITStatus                        0x08006883   Thumb Code    84  stm32f10x_usart.o(i.USART_GetITStatus)
    USART_ITConfig                           0x080068d7   Thumb Code    74  stm32f10x_usart.o(i.USART_ITConfig)
    USART_Init                               0x08006921   Thumb Code   210  stm32f10x_usart.o(i.USART_Init)
    USART_ReceiveData                        0x080069f9   Thumb Code    10  stm32f10x_usart.o(i.USART_ReceiveData)
    USART_SendData                           0x08006a03   Thumb Code     8  stm32f10x_usart.o(i.USART_SendData)
    USARTx_Config                            0x08006a0d   Thumb Code   168  bsp_usart1.o(i.USARTx_Config)
    Updata_Node                              0x08006abd   Thumb Code   166  bsp_list.o(i.Updata_Node)
    UsageFault_Handler                       0x08006b69   Thumb Code     4  stm32f10x_it.o(i.UsageFault_Handler)
    __0printf                                0x08006b6d   Thumb Code    22  printfa.o(i.__0printf)
    __1printf                                0x08006b6d   Thumb Code     0  printfa.o(i.__0printf)
    __2printf                                0x08006b6d   Thumb Code     0  printfa.o(i.__0printf)
    __c89printf                              0x08006b6d   Thumb Code     0  printfa.o(i.__0printf)
    printf                                   0x08006b6d   Thumb Code     0  printfa.o(i.__0printf)
    __scatterload_copy                       0x08006b8d   Thumb Code    14  handlers.o(i.__scatterload_copy)
    __scatterload_null                       0x08006b9b   Thumb Code     2  handlers.o(i.__scatterload_null)
    __scatterload_zeroinit                   0x08006b9d   Thumb Code    14  handlers.o(i.__scatterload_zeroinit)
    fputc                                    0x08007441   Thumb Code    32  bsp_usart1.o(i.fputc)
    free                                     0x08007465   Thumb Code    76  malloc.o(i.free)
    main                                     0x080074b5   Thumb Code    68  app.o(i.main)
    malloc                                   0x08007515   Thumb Code    92  malloc.o(i.malloc)
    OSCfg_IdleTaskStkBasePtr                 0x08007580   Data           4  os_cfg_app.o(.constdata)
    OSCfg_IdleTaskStkLimit                   0x08007584   Data           4  os_cfg_app.o(.constdata)
    OSCfg_IdleTaskStkSize                    0x08007588   Data           4  os_cfg_app.o(.constdata)
    OSCfg_IdleTaskStkSizeRAM                 0x0800758c   Data           4  os_cfg_app.o(.constdata)
    OSCfg_IntQBasePtr                        0x08007590   Data           4  os_cfg_app.o(.constdata)
    OSCfg_IntQSize                           0x08007594   Data           2  os_cfg_app.o(.constdata)
    OSCfg_IntQSizeRAM                        0x08007598   Data           4  os_cfg_app.o(.constdata)
    OSCfg_IntQTaskStkBasePtr                 0x0800759c   Data           4  os_cfg_app.o(.constdata)
    OSCfg_IntQTaskStkLimit                   0x080075a0   Data           4  os_cfg_app.o(.constdata)
    OSCfg_IntQTaskStkSize                    0x080075a4   Data           4  os_cfg_app.o(.constdata)
    OSCfg_IntQTaskStkSizeRAM                 0x080075a8   Data           4  os_cfg_app.o(.constdata)
    OSCfg_ISRStkBasePtr                      0x080075ac   Data           4  os_cfg_app.o(.constdata)
    OSCfg_ISRStkSize                         0x080075b0   Data           4  os_cfg_app.o(.constdata)
    OSCfg_ISRStkSizeRAM                      0x080075b4   Data           4  os_cfg_app.o(.constdata)
    OSCfg_MsgPoolSize                        0x080075b8   Data           2  os_cfg_app.o(.constdata)
    OSCfg_MsgPoolSizeRAM                     0x080075bc   Data           4  os_cfg_app.o(.constdata)
    OSCfg_MsgPoolBasePtr                     0x080075c0   Data           4  os_cfg_app.o(.constdata)
    OSCfg_StatTaskPrio                       0x080075c4   Data           1  os_cfg_app.o(.constdata)
    OSCfg_StatTaskRate_Hz                    0x080075c8   Data           4  os_cfg_app.o(.constdata)
    OSCfg_StatTaskStkBasePtr                 0x080075cc   Data           4  os_cfg_app.o(.constdata)
    OSCfg_StatTaskStkLimit                   0x080075d0   Data           4  os_cfg_app.o(.constdata)
    OSCfg_StatTaskStkSize                    0x080075d4   Data           4  os_cfg_app.o(.constdata)
    OSCfg_StatTaskStkSizeRAM                 0x080075d8   Data           4  os_cfg_app.o(.constdata)
    OSCfg_StkSizeMin                         0x080075dc   Data           4  os_cfg_app.o(.constdata)
    OSCfg_TickRate_Hz                        0x080075e0   Data           4  os_cfg_app.o(.constdata)
    OSCfg_TickTaskPrio                       0x080075e4   Data           1  os_cfg_app.o(.constdata)
    OSCfg_TickTaskStkBasePtr                 0x080075e8   Data           4  os_cfg_app.o(.constdata)
    OSCfg_TickTaskStkLimit                   0x080075ec   Data           4  os_cfg_app.o(.constdata)
    OSCfg_TickTaskStkSize                    0x080075f0   Data           4  os_cfg_app.o(.constdata)
    OSCfg_TickTaskStkSizeRAM                 0x080075f4   Data           4  os_cfg_app.o(.constdata)
    OSCfg_TickWheelSize                      0x080075f8   Data           2  os_cfg_app.o(.constdata)
    OSCfg_TickWheelSizeRAM                   0x080075fc   Data           4  os_cfg_app.o(.constdata)
    OSCfg_TmrTaskPrio                        0x08007600   Data           1  os_cfg_app.o(.constdata)
    OSCfg_TmrTaskRate_Hz                     0x08007604   Data           4  os_cfg_app.o(.constdata)
    OSCfg_TmrTaskStkBasePtr                  0x08007608   Data           4  os_cfg_app.o(.constdata)
    OSCfg_TmrTaskStkLimit                    0x0800760c   Data           4  os_cfg_app.o(.constdata)
    OSCfg_TmrTaskStkSize                     0x08007610   Data           4  os_cfg_app.o(.constdata)
    OSCfg_TmrTaskStkSizeRAM                  0x08007614   Data           4  os_cfg_app.o(.constdata)
    OSCfg_TmrWheelSize                       0x08007618   Data           2  os_cfg_app.o(.constdata)
    OSCfg_TmrWheelSizeRAM                    0x0800761c   Data           4  os_cfg_app.o(.constdata)
    OSCfg_DataSizeRAM                        0x08007620   Data           4  os_cfg_app.o(.constdata)
    OSDbg_DbgEn                              0x08007624   Data           1  os_dbg.o(.constdata)
    OSDbg_ArgChkEn                           0x08007625   Data           1  os_dbg.o(.constdata)
    OSDbg_AppHooksEn                         0x08007626   Data           1  os_dbg.o(.constdata)
    OSDbg_EndiannessTest                     0x08007628   Data           4  os_dbg.o(.constdata)
    OSDbg_CalledFromISRChkEn                 0x0800762c   Data           1  os_dbg.o(.constdata)
    OSDbg_FlagEn                             0x0800762d   Data           1  os_dbg.o(.constdata)
    OSDbg_FlagGrp                            0x08007630   Data          40  os_dbg.o(.constdata)
    OSDbg_FlagDelEn                          0x08007658   Data           1  os_dbg.o(.constdata)
    OSDbg_FlagModeClrEn                      0x08007659   Data           1  os_dbg.o(.constdata)
    OSDbg_FlagPendAbortEn                    0x0800765a   Data           1  os_dbg.o(.constdata)
    OSDbg_FlagGrpSize                        0x0800765c   Data           2  os_dbg.o(.constdata)
    OSDbg_FlagWidth                          0x0800765e   Data           2  os_dbg.o(.constdata)
    OSDbg_IntQ                               0x08007660   Data           2  os_dbg.o(.constdata)
    OSDbg_ISRPostDeferredEn                  0x08007662   Data           1  os_dbg.o(.constdata)
    OSDbg_Mem                                0x08007664   Data          32  os_dbg.o(.constdata)
    OSDbg_MemEn                              0x08007684   Data           1  os_dbg.o(.constdata)
    OSDbg_MemSize                            0x08007686   Data           2  os_dbg.o(.constdata)
    OSDbg_MsgEn                              0x08007688   Data           1  os_dbg.o(.constdata)
    OSDbg_MsgSize                            0x0800768a   Data           2  os_dbg.o(.constdata)
    OSDbg_MsgPoolSize                        0x0800768c   Data           2  os_dbg.o(.constdata)
    OSDbg_MsgQSize                           0x0800768e   Data           2  os_dbg.o(.constdata)
    OSDbg_Mutex                              0x08007690   Data          44  os_dbg.o(.constdata)
    OSDbg_MutexEn                            0x080076bc   Data           1  os_dbg.o(.constdata)
    OSDbg_MutexDelEn                         0x080076bd   Data           1  os_dbg.o(.constdata)
    OSDbg_MutexPendAbortEn                   0x080076be   Data           1  os_dbg.o(.constdata)
    OSDbg_MutexSize                          0x080076c0   Data           2  os_dbg.o(.constdata)
    OSDbg_ObjTypeChkEn                       0x080076c2   Data           1  os_dbg.o(.constdata)
    OSDbg_PendMultiEn                        0x080076c3   Data           1  os_dbg.o(.constdata)
    OSDbg_PendDataSize                       0x080076c4   Data           2  os_dbg.o(.constdata)
    OSDbg_PendListSize                       0x080076c6   Data           2  os_dbg.o(.constdata)
    OSDbg_PendObjSize                        0x080076c8   Data           2  os_dbg.o(.constdata)
    OSDbg_PrioMax                            0x080076ca   Data           2  os_dbg.o(.constdata)
    OSDbg_PrioTblSize                        0x080076cc   Data           2  os_dbg.o(.constdata)
    OSDbg_PtrSize                            0x080076ce   Data           2  os_dbg.o(.constdata)
    OSDbg_Q                                  0x080076d0   Data          48  os_dbg.o(.constdata)
    OSDbg_QEn                                0x08007700   Data           1  os_dbg.o(.constdata)
    OSDbg_QDelEn                             0x08007701   Data           1  os_dbg.o(.constdata)
    OSDbg_QFlushEn                           0x08007702   Data           1  os_dbg.o(.constdata)
    OSDbg_QPendAbortEn                       0x08007703   Data           1  os_dbg.o(.constdata)
    OSDbg_QSize                              0x08007704   Data           2  os_dbg.o(.constdata)
    OSDbg_SchedRoundRobinEn                  0x08007706   Data           1  os_dbg.o(.constdata)
    OSDbg_Sem                                0x08007708   Data          40  os_dbg.o(.constdata)
    OSDbg_SemEn                              0x08007730   Data           1  os_dbg.o(.constdata)
    OSDbg_SemDelEn                           0x08007731   Data           1  os_dbg.o(.constdata)
    OSDbg_SemPendAbortEn                     0x08007732   Data           1  os_dbg.o(.constdata)
    OSDbg_SemSetEn                           0x08007733   Data           1  os_dbg.o(.constdata)
    OSDbg_SemSize                            0x08007734   Data           2  os_dbg.o(.constdata)
    OSDbg_RdyList                            0x08007736   Data           2  os_dbg.o(.constdata)
    OSDbg_RdyListSize                        0x08007738   Data           4  os_dbg.o(.constdata)
    OSDbg_StkWidth                           0x0800773c   Data           1  os_dbg.o(.constdata)
    OSDbg_StatTaskEn                         0x0800773d   Data           1  os_dbg.o(.constdata)
    OSDbg_StatTaskStkChkEn                   0x0800773e   Data           1  os_dbg.o(.constdata)
    OSDbg_TaskChangePrioEn                   0x0800773f   Data           1  os_dbg.o(.constdata)
    OSDbg_TaskDelEn                          0x08007740   Data           1  os_dbg.o(.constdata)
    OSDbg_TaskQEn                            0x08007741   Data           1  os_dbg.o(.constdata)
    OSDbg_TaskQPendAbortEn                   0x08007742   Data           1  os_dbg.o(.constdata)
    OSDbg_TaskProfileEn                      0x08007743   Data           1  os_dbg.o(.constdata)
    OSDbg_TaskRegTblSize                     0x08007744   Data           2  os_dbg.o(.constdata)
    OSDbg_TaskSemPendAbortEn                 0x08007746   Data           1  os_dbg.o(.constdata)
    OSDbg_TaskSuspendEn                      0x08007747   Data           1  os_dbg.o(.constdata)
    OSDbg_TCBSize                            0x08007748   Data           2  os_dbg.o(.constdata)
    OSDbg_TickSpokeSize                      0x0800774a   Data           2  os_dbg.o(.constdata)
    OSDbg_TimeDlyHMSMEn                      0x0800774c   Data           1  os_dbg.o(.constdata)
    OSDbg_TimeDlyResumeEn                    0x0800774d   Data           1  os_dbg.o(.constdata)
    OSDbg_TLS_TblSize                        0x0800774e   Data           2  os_dbg.o(.constdata)
    OSDbg_Tmr                                0x08007750   Data          52  os_dbg.o(.constdata)
    OSDbg_TmrEn                              0x08007784   Data           1  os_dbg.o(.constdata)
    OSDbg_TmrDelEn                           0x08007785   Data           1  os_dbg.o(.constdata)
    OSDbg_TmrSize                            0x08007786   Data           2  os_dbg.o(.constdata)
    OSDbg_TmrSpokeSize                       0x08007788   Data           2  os_dbg.o(.constdata)
    OSDbg_VersionNbr                         0x0800778a   Data           2  os_dbg.o(.constdata)
    OSDbg_DataSize                           0x0800778c   Data           4  os_dbg.o(.constdata)
    Region$$Table$$Base                      0x08007790   Number         0  anon$$obj.o(Region$$Table)
    Region$$Table$$Limit                     0x080077b0   Number         0  anon$$obj.o(Region$$Table)
    Mem_blk                                  0x20000014   Data           4  stm32f10x_it.o(.data)
    Re_Cnt                                   0x20000018   Data           1  stm32f10x_it.o(.data)
    Rx_Cnt                                   0x2000001c   Data           1  app.o(.data)
    Head                                     0x20000020   Data           4  app.o(.data)
    CPU_TS_TmrFreq_Hz                        0x20000024   Data           4  cpu_core.o(.data)
    CPU_IntDisMeasCtr                        0x20000028   Data           2  cpu_core.o(.data)
    CPU_IntDisNestCtr                        0x2000002a   Data           2  cpu_core.o(.data)
    CPU_IntDisMeasStart_cnts                 0x2000002c   Data           4  cpu_core.o(.data)
    CPU_IntDisMeasStop_cnts                  0x20000030   Data           4  cpu_core.o(.data)
    CPU_IntDisMeasOvrhd_cnts                 0x20000034   Data           4  cpu_core.o(.data)
    CPU_IntDisMeasMaxCur_cnts                0x20000038   Data           4  cpu_core.o(.data)
    CPU_IntDisMeasMax_cnts                   0x2000003c   Data           4  cpu_core.o(.data)
    Mem_PoolTbl                              0x20000040   Data           4  lib_mem.o(.data)
    OSPrioTbl                                0x20000044   Data           4  os_prio.o(.data)
    OS_AppTaskCreateHookPtr                  0x20000048   Data           4  os_var.o(.data)
    OS_AppTaskDelHookPtr                     0x2000004c   Data           4  os_var.o(.data)
    OS_AppTaskReturnHookPtr                  0x20000050   Data           4  os_var.o(.data)
    OS_AppIdleTaskHookPtr                    0x20000054   Data           4  os_var.o(.data)
    OS_AppStatTaskHookPtr                    0x20000058   Data           4  os_var.o(.data)
    OS_AppTaskSwHookPtr                      0x2000005c   Data           4  os_var.o(.data)
    OS_AppTimeTickHookPtr                    0x20000060   Data           4  os_var.o(.data)
    OSIdleTaskCtr                            0x20000064   Data           4  os_var.o(.data)
    OSIntNestingCtr                          0x20000068   Data           1  os_var.o(.data)
    OSIntDisTimeMax                          0x2000006c   Data           4  os_var.o(.data)
    OSRunning                                0x20000070   Data           1  os_var.o(.data)
    OSIntQInPtr                              0x20000074   Data           4  os_var.o(.data)
    OSIntQOutPtr                             0x20000078   Data           4  os_var.o(.data)
    OSIntQNbrEntries                         0x2000007c   Data           2  os_var.o(.data)
    OSIntQNbrEntriesMax                      0x2000007e   Data           2  os_var.o(.data)
    OSIntQOvfCtr                             0x20000080   Data           2  os_var.o(.data)
    OSIntQTaskTimeMax                        0x20000084   Data           4  os_var.o(.data)
    OSFlagDbgListPtr                         0x20000088   Data           4  os_var.o(.data)
    OSFlagQty                                0x2000008c   Data           2  os_var.o(.data)
    OSMemDbgListPtr                          0x20000090   Data           4  os_var.o(.data)
    OSMemQty                                 0x20000094   Data           2  os_var.o(.data)
    OSMutexDbgListPtr                        0x20000098   Data           4  os_var.o(.data)
    OSMutexQty                               0x2000009c   Data           2  os_var.o(.data)
    OSPrioCur                                0x2000009e   Data           1  os_var.o(.data)
    OSPrioHighRdy                            0x2000009f   Data           1  os_var.o(.data)
    OSPrioSaved                              0x200000a0   Data           1  os_var.o(.data)
    OSQDbgListPtr                            0x200000a4   Data           4  os_var.o(.data)
    OSQQty                                   0x200000a8   Data           2  os_var.o(.data)
    OSSchedLockTimeBegin                     0x200000ac   Data           4  os_var.o(.data)
    OSSchedLockTimeMax                       0x200000b0   Data           4  os_var.o(.data)
    OSSchedLockTimeMaxCur                    0x200000b4   Data           4  os_var.o(.data)
    OSSchedLockNestingCtr                    0x200000b8   Data           1  os_var.o(.data)
    OSSchedRoundRobinDfltTimeQuanta          0x200000bc   Data           4  os_var.o(.data)
    OSSchedRoundRobinEn                      0x200000c0   Data           1  os_var.o(.data)
    OSSemDbgListPtr                          0x200000c4   Data           4  os_var.o(.data)
    OSSemQty                                 0x200000c8   Data           2  os_var.o(.data)
    OSStatResetFlag                          0x200000ca   Data           1  os_var.o(.data)
    OSStatTaskCPUUsage                       0x200000cc   Data           2  os_var.o(.data)
    OSStatTaskCPUUsageMax                    0x200000ce   Data           2  os_var.o(.data)
    OSStatTaskCtr                            0x200000d0   Data           4  os_var.o(.data)
    OSStatTaskCtrMax                         0x200000d4   Data           4  os_var.o(.data)
    OSStatTaskCtrRun                         0x200000d8   Data           4  os_var.o(.data)
    OSStatTaskRdy                            0x200000dc   Data           1  os_var.o(.data)
    OSStatTaskTimeMax                        0x200000e0   Data           4  os_var.o(.data)
    OSTaskCtxSwCtr                           0x200000e4   Data           4  os_var.o(.data)
    OSTaskDbgListPtr                         0x200000e8   Data           4  os_var.o(.data)
    OSTaskQty                                0x200000ec   Data           2  os_var.o(.data)
    OSTaskRegNextAvailID                     0x200000ee   Data           1  os_var.o(.data)
    OSTickCtr                                0x200000f0   Data           4  os_var.o(.data)
    OSTickTaskTimeMax                        0x200000f4   Data           4  os_var.o(.data)
    OSTmrDbgListPtr                          0x200000f8   Data           4  os_var.o(.data)
    OSTmrQty                                 0x200000fc   Data           2  os_var.o(.data)
    OSTmrTaskTimeMax                         0x20000100   Data           4  os_var.o(.data)
    OSTmrTickCtr                             0x20000104   Data           4  os_var.o(.data)
    OSTmrUpdateCnt                           0x20000108   Data           4  os_var.o(.data)
    OSTmrUpdateCtr                           0x2000010c   Data           4  os_var.o(.data)
    OSTCBCurPtr                              0x20000110   Data           4  os_var.o(.data)
    OSTCBHighRdyPtr                          0x20000114   Data           4  os_var.o(.data)
    OS_CPU_ExceptStkBase                     0x20000118   Data           4  os_cpu_c.o(.data)
    __stdout                                 0x2000011c   Data           4  stdout.o(.data)
    __microlib_freelist                      0x20000120   Data           4  mvars.o(.data)
    __microlib_freelist_initialised          0x20000124   Data           4  mvars.o(.data)
    Re_Temp                                  0x20000128   Data          20  stm32f10x_it.o(.bss)
    List                                     0x2000013c   Data          44  app.o(.bss)
    SemOfPoll                                0x20000168   Data          40  app.o(.bss)
    Mem                                      0x20000190   Data          32  app.o(.bss)
    Array                                    0x200001b0   Data         300  app.o(.bss)
    Rx_Temp                                  0x200002dc   Data          20  app.o(.bss)
    AppTaskCheckDeviceTCB                    0x200003b8   Data         200  app.o(.bss)
    CPU_Name                                 0x20001748   Data          16  cpu_core.o(.bss)
    Mem_PoolHeap                             0x20001758   Data          72  lib_mem.o(.bss)
    Mem_Heap                                 0x200017a0   Data       27648  lib_mem.o(.bss)
    OSCfg_IdleTaskStk                        0x200083a0   Data         512  os_cfg_app.o(.bss)
    OSCfg_IntQ                               0x200085a0   Data         320  os_cfg_app.o(.bss)
    OSCfg_IntQTaskStk                        0x200086e0   Data         512  os_cfg_app.o(.bss)
    OSCfg_ISRStk                             0x200088e0   Data         512  os_cfg_app.o(.bss)
    OSCfg_MsgPool                            0x20008ae0   Data        1600  os_cfg_app.o(.bss)
    OSCfg_StatTaskStk                        0x20009120   Data         512  os_cfg_app.o(.bss)
    OSCfg_TickTaskStk                        0x20009320   Data         512  os_cfg_app.o(.bss)
    OSCfg_TickWheel                          0x20009520   Data         136  os_cfg_app.o(.bss)
    OSCfg_TmrTaskStk                         0x200095a8   Data         512  os_cfg_app.o(.bss)
    OSCfg_TmrWheel                           0x200097a8   Data         136  os_cfg_app.o(.bss)
    OSIdleTaskTCB                            0x20009830   Data         200  os_var.o(.bss)
    OSIntQTaskTCB                            0x200098f8   Data         200  os_var.o(.bss)
    OSMsgPool                                0x200099c0   Data          12  os_var.o(.bss)
    OSRdyList                                0x200099cc   Data         384  os_var.o(.bss)
    OSStatTaskTCB                            0x20009b4c   Data         200  os_var.o(.bss)
    OSTickTaskTCB                            0x20009c14   Data         200  os_var.o(.bss)
    OSTmrTaskTCB                             0x20009cdc   Data         200  os_var.o(.bss)
    __heap_base                              0x20009da8   Data           0  startup_stm32f10x_hd.o(HEAP)
    __heap_limit                             0x20009fa8   Data           0  startup_stm32f10x_hd.o(HEAP)
    __initial_sp                             0x2000a3a8   Data           0  startup_stm32f10x_hd.o(STACK)



==============================================================================

Memory Map of the image

  Image Entry point : 0x08000131

  Load Region LR_IROM1 (Base: 0x08000000, Size: 0x000078d8, Max: 0x00080000, ABSOLUTE)

    Execution Region ER_IROM1 (Base: 0x08000000, Size: 0x000077b0, Max: 0x00080000, ABSOLUTE)

    Base Addr    Size         Type   Attr      Idx    E Section Name        Object

    0x08000000   0x00000130   Data   RO            3    RESET               startup_stm32f10x_hd.o
    0x08000130   0x00000000   Code   RO         5894  * .ARM.Collect$$$$00000000  mc_w.l(entry.o)
    0x08000130   0x00000004   Code   RO         6243    .ARM.Collect$$$$00000001  mc_w.l(entry2.o)
    0x08000134   0x00000004   Code   RO         6246    .ARM.Collect$$$$00000004  mc_w.l(entry5.o)
    0x08000138   0x00000000   Code   RO         6248    .ARM.Collect$$$$00000008  mc_w.l(entry7b.o)
    0x08000138   0x00000000   Code   RO         6250    .ARM.Collect$$$$0000000A  mc_w.l(entry8b.o)
    0x08000138   0x00000008   Code   RO         6251    .ARM.Collect$$$$0000000B  mc_w.l(entry9a.o)
    0x08000140   0x00000000   Code   RO         6253    .ARM.Collect$$$$0000000D  mc_w.l(entry10a.o)
    0x08000140   0x00000000   Code   RO         6255    .ARM.Collect$$$$0000000F  mc_w.l(entry11a.o)
    0x08000140   0x00000004   Code   RO         6244    .ARM.Collect$$$$00002712  mc_w.l(entry2.o)
    0x08000144   0x00000024   Code   RO            4    .text               startup_stm32f10x_hd.o
    0x08000168   0x00000034   Code   RO         4200    .text               cpu_a.o
    0x0800019c   0x00000024   Code   RO         5899    .text               mc_w.l(memcpya.o)
    0x080001c0   0x00000024   Code   RO         5901    .text               mc_w.l(memseta.o)
    0x080001e4   0x0000014e   Code   RO         6202    .text               mf_w.l(dadd.o)
    0x08000332   0x000000e4   Code   RO         6204    .text               mf_w.l(dmul.o)
    0x08000416   0x00000002   PAD
    0x08000418   0x00000030   Code   RO         6214    .text               mf_w.l(cdrcmple.o)
    0x08000448   0x0000002c   Code   RO         6258    .text               mc_w.l(uidiv.o)
    0x08000474   0x00000062   Code   RO         6260    .text               mc_w.l(uldiv.o)
    0x080004d6   0x0000001e   Code   RO         6262    .text               mc_w.l(llshl.o)
    0x080004f4   0x00000020   Code   RO         6264    .text               mc_w.l(llushr.o)
    0x08000514   0x00000024   Code   RO         6266    .text               mc_w.l(llsshr.o)
    0x08000538   0x00000000   Code   RO         6277    .text               mc_w.l(iusefp.o)
    0x08000538   0x000000ba   Code   RO         6278    .text               mf_w.l(depilogue.o)
    0x080005f2   0x000000de   Code   RO         6280    .text               mf_w.l(ddiv.o)
    0x080006d0   0x00000030   Code   RO         6284    .text               mf_w.l(dfixul.o)
    0x08000700   0x00000024   Code   RO         6286    .text               mc_w.l(init.o)
    0x08000724   0x00000084   Code   RO         5799    CODE                os_cpu_a.o
    0x080007a8   0x000001cc   Code   RO         3266    i.AppTaskCheckDevice  app.o
    0x08000974   0x00000128   Code   RO         3267    i.AppTaskList       app.o
    0x08000a9c   0x0000012c   Code   RO         3268    i.AppTaskStart      app.o
    0x08000bc8   0x000000c2   Code   RO         3535    i.Array_to_structure  bsp_list.o
    0x08000c8a   0x00000010   Code   RO         3402    i.BSP_CPU_ClkFreq   bsp.o
    0x08000c9a   0x00000002   PAD
    0x08000c9c   0x0000001c   Code   RO         3403    i.BSP_Init          bsp.o
    0x08000cb8   0x00000004   Code   RO         3108    i.BusFault_Handler  stm32f10x_it.o
    0x08000cbc   0x00000010   Code   RO         4036    i.CPU_Init          cpu_core.o
    0x08000ccc   0x00000084   Code   RO         4037    i.CPU_IntDisMeasInit  cpu_core.o
    0x08000d50   0x0000001c   Code   RO         4038    i.CPU_IntDisMeasMaxCalc  cpu_core.o
    0x08000d6c   0x0000002c   Code   RO         4039    i.CPU_IntDisMeasMaxCurGet  cpu_core.o
    0x08000d98   0x0000002c   Code   RO         4040    i.CPU_IntDisMeasMaxCurReset  cpu_core.o
    0x08000dc4   0x0000002c   Code   RO         4041    i.CPU_IntDisMeasMaxGet  cpu_core.o
    0x08000df0   0x00000034   Code   RO         4042    i.CPU_IntDisMeasStart  cpu_core.o
    0x08000e24   0x00000054   Code   RO         4043    i.CPU_IntDisMeasStop  cpu_core.o
    0x08000e78   0x00000038   Code   RO         4044    i.CPU_NameClr       cpu_core.o
    0x08000eb0   0x00000008   Code   RO         4046    i.CPU_NameInit      cpu_core.o
    0x08000eb8   0x00000014   Code   RO         4050    i.CPU_TS_Init       cpu_core.o
    0x08000ecc   0x0000000c   Code   RO         4052    i.CPU_TS_TmrFreqSet  cpu_core.o
    0x08000ed8   0x00000034   Code   RO         3404    i.CPU_TS_TmrInit    bsp.o
    0x08000f0c   0x0000000c   Code   RO         3405    i.CPU_TS_TmrRd      bsp.o
    0x08000f18   0x00000006   Code   RO         3593    i.Creat_Cjson_Join  bsp_cjosn.o
    0x08000f1e   0x00000002   Code   RO         3594    i.Creat_Cjson_Offline  bsp_cjosn.o
    0x08000f20   0x00000006   Code   RO         3595    i.Creat_Cjson_Report  bsp_cjosn.o
    0x08000f26   0x00000002   Code   RO         3109    i.DebugMon_Handler  stm32f10x_it.o
    0x08000f28   0x00000048   Code   RO         3536    i.Delete_Node       bsp_list.o
    0x08000f70   0x00000024   Code   RO         3537    i.Find_Node         bsp_list.o
    0x08000f94   0x00000116   Code   RO         1292    i.GPIO_Init         stm32f10x_gpio.o
    0x080010aa   0x00000012   Code   RO         1298    i.GPIO_ReadOutputDataBit  stm32f10x_gpio.o
    0x080010bc   0x00000004   Code   RO         1299    i.GPIO_ResetBits    stm32f10x_gpio.o
    0x080010c0   0x00000004   Code   RO         1300    i.GPIO_SetBits      stm32f10x_gpio.o
    0x080010c4   0x00000004   Code   RO         3110    i.HardFault_Handler  stm32f10x_it.o
    0x080010c8   0x000000b8   Code   RO         3538    i.Insert_Node       bsp_list.o
    0x08001180   0x00000024   Code   RO         3501    i.Key1_Config       bsp_key.o
    0x080011a4   0x00000028   Code   RO         3502    i.Key2_Config       bsp_key.o
    0x080011cc   0x0000000c   Code   RO         3503    i.Key_Initial       bsp_key.o
    0x080011d8   0x0000005c   Code   RO         3438    i.LED_GPIO_Config   bsp_led.o
    0x08001234   0x0000002c   Code   RO         3439    i.LED_Init          bsp_led.o
    0x08001260   0x00000004   Code   RO         3111    i.MemManage_Handler  stm32f10x_it.o
    0x08001264   0x00000012   Code   RO         4392    i.Mem_Clr           lib_mem.o
    0x08001276   0x00000002   PAD
    0x08001278   0x00000048   Code   RO         4396    i.Mem_Init          lib_mem.o
    0x080012c0   0x00000062   Code   RO         4409    i.Mem_Set           lib_mem.o
    0x08001322   0x00000002   Code   RO         3112    i.NMI_Handler       stm32f10x_it.o
    0x08001324   0x00000070   Code   RO          137    i.NVIC_Init         misc.o
    0x08001394   0x00000014   Code   RO          138    i.NVIC_PriorityGroupConfig  misc.o
    0x080013a8   0x00000068   Code   RO         3539    i.NodeCreat         bsp_list.o
    0x08001410   0x00000002   Code   RO         4666    i.OSCfg_Init        os_cfg_app.o
    0x08001412   0x00000002   PAD
    0x08001414   0x00000014   Code   RO         5802    i.OSIdleTaskHook    os_cpu_c.o
    0x08001428   0x0000018c   Code   RO         4689    i.OSInit            os_core.o
    0x080015b4   0x00000038   Code   RO         5803    i.OSInitHook        os_cpu_c.o
    0x080015ec   0x0000002c   Code   RO         4690    i.OSIntEnter        os_core.o
    0x08001618   0x000000e4   Code   RO         4691    i.OSIntExit         os_core.o
    0x080016fc   0x00000158   Code   RO         5064    i.OSMemCreate       os_mem.o
    0x08001854   0x00000070   Code   RO         5065    i.OSMemGet          os_mem.o
    0x080018c4   0x0000007c   Code   RO         5066    i.OSMemPut          os_mem.o
    0x08001940   0x000000e8   Code   RO         5136    i.OSMutexCreate     os_mutex.o
    0x08001a28   0x00000328   Code   RO         5138    i.OSMutexPend       os_mutex.o
    0x08001d50   0x000002a0   Code   RO         5140    i.OSMutexPost       os_mutex.o
    0x08001ff0   0x000000a8   Code   RO         4692    i.OSSched           os_core.o
    0x08002098   0x0000007c   Code   RO         4693    i.OSSchedLock       os_core.o
    0x08002114   0x0000006c   Code   RO         4694    i.OSSchedRoundRobinCfg  os_core.o
    0x08002180   0x000000a0   Code   RO         4696    i.OSSchedUnlock     os_core.o
    0x08002220   0x00000068   Code   RO         4697    i.OSStart           os_core.o
    0x08002288   0x00000168   Code   RO         5407    i.OSStatReset       os_stat.o
    0x080023f0   0x00000100   Code   RO         5408    i.OSStatTaskCPUUsageInit  os_stat.o
    0x080024f0   0x00000014   Code   RO         5804    i.OSStatTaskHook    os_cpu_c.o
    0x08002504   0x00000294   Code   RO         5438    i.OSTaskCreate      os_task.o
    0x08002798   0x00000018   Code   RO         5805    i.OSTaskCreateHook  os_cpu_c.o
    0x080027b0   0x00000208   Code   RO         5439    i.OSTaskDel         os_task.o
    0x080029b8   0x00000018   Code   RO         5806    i.OSTaskDelHook     os_cpu_c.o
    0x080029d0   0x00000248   Code   RO         5441    i.OSTaskQPend       os_task.o
    0x08002c18   0x0000007c   Code   RO         5443    i.OSTaskQPost       os_task.o
    0x08002c94   0x00000088   Code   RO         5447    i.OSTaskResume      os_task.o
    0x08002d1c   0x00000018   Code   RO         5807    i.OSTaskReturnHook  os_cpu_c.o
    0x08002d34   0x00000250   Code   RO         5448    i.OSTaskSemPend     os_task.o
    0x08002f84   0x000000e4   Code   RO         5452    i.OSTaskStkChk      os_task.o
    0x08003068   0x000000c0   Code   RO         5808    i.OSTaskStkInit     os_cpu_c.o
    0x08003128   0x00000060   Code   RO         5453    i.OSTaskSuspend     os_task.o
    0x08003188   0x000000a4   Code   RO         5809    i.OSTaskSwHook      os_cpu_c.o
    0x0800322c   0x00000150   Code   RO         5653    i.OSTimeDly         os_time.o
    0x0800337c   0x00000044   Code   RO         5658    i.OSTimeTick        os_time.o
    0x080033c0   0x00000014   Code   RO         5810    i.OSTimeTickHook    os_cpu_c.o
    0x080033d4   0x00000040   Code   RO         5811    i.OS_CPU_SysTickHandler  os_cpu_c.o
    0x08003414   0x00000030   Code   RO         5812    i.OS_CPU_SysTickInit  os_cpu_c.o
    0x08003444   0x000001b4   Code   RO         4935    i.OS_Dbg_Init       os_dbg.o
    0x080035f8   0x00000018   Code   RO         4960    i.OS_FlagInit       os_flag.o
    0x08003610   0x0000027c   Code   RO         4961    i.OS_FlagPost       os_flag.o
    0x0800388c   0x00000056   Code   RO         4962    i.OS_FlagTaskRdy    os_flag.o
    0x080038e2   0x00000002   PAD
    0x080038e4   0x0000004c   Code   RO         4699    i.OS_IdleTask       os_core.o
    0x08003930   0x00000070   Code   RO         4700    i.OS_IdleTaskInit   os_core.o
    0x080039a0   0x00000104   Code   RO         5034    i.OS_IntQPost       os_int.o
    0x08003aa4   0x000001a4   Code   RO         5035    i.OS_IntQRePost     os_int.o
    0x08003c48   0x000000c8   Code   RO         5036    i.OS_IntQTask       os_int.o
    0x08003d10   0x00000128   Code   RO         5037    i.OS_IntQTaskInit   os_int.o
    0x08003e38   0x00000028   Code   RO         5067    i.OS_MemDbgListAdd  os_mem.o
    0x08003e60   0x00000018   Code   RO         5068    i.OS_MemInit        os_mem.o
    0x08003e78   0x0000007c   Code   RO         5100    i.OS_MsgPoolInit    os_msg.o
    0x08003ef4   0x00000044   Code   RO         5101    i.OS_MsgQFreeAll    os_msg.o
    0x08003f38   0x00000068   Code   RO         5102    i.OS_MsgQGet        os_msg.o
    0x08003fa0   0x0000000e   Code   RO         5103    i.OS_MsgQInit       os_msg.o
    0x08003fae   0x00000002   PAD
    0x08003fb0   0x00000104   Code   RO         5104    i.OS_MsgQPut        os_msg.o
    0x080040b4   0x00000030   Code   RO         5142    i.OS_MutexDbgListAdd  os_mutex.o
    0x080040e4   0x00000018   Code   RO         5144    i.OS_MutexInit      os_mutex.o
    0x080040fc   0x00000068   Code   RO         4701    i.OS_Pend           os_core.o
    0x08004164   0x00000026   Code   RO         4704    i.OS_PendDataInit   os_core.o
    0x0800418a   0x00000002   PAD
    0x0800418c   0x0000005c   Code   RO         4705    i.OS_PendDbgNameAdd  os_core.o
    0x080041e8   0x00000024   Code   RO         4706    i.OS_PendDbgNameRemove  os_core.o
    0x0800420c   0x00000046   Code   RO         4707    i.OS_PendListChangePrio  os_core.o
    0x08004252   0x0000000a   Code   RO         4708    i.OS_PendListInit   os_core.o
    0x0800425c   0x00000066   Code   RO         4710    i.OS_PendListInsertPrio  os_core.o
    0x080042c2   0x00000030   Code   RO         4711    i.OS_PendListRemove  os_core.o
    0x080042f2   0x00000042   Code   RO         4712    i.OS_PendListRemove1  os_core.o
    0x08004334   0x000000c0   Code   RO         4715    i.OS_Post           os_core.o
    0x080043f4   0x0000002a   Code   RO         4716    i.OS_Post1          os_core.o
    0x0800441e   0x00000002   PAD
    0x08004420   0x00000028   Code   RO         5226    i.OS_PrioGetHighest  os_prio.o
    0x08004448   0x00000018   Code   RO         5227    i.OS_PrioInit       os_prio.o
    0x08004460   0x00000024   Code   RO         5228    i.OS_PrioInsert     os_prio.o
    0x08004484   0x00000024   Code   RO         5229    i.OS_PrioRemove     os_prio.o
    0x080044a8   0x00000018   Code   RO         5272    i.OS_QInit          os_q.o
    0x080044c0   0x00000188   Code   RO         5273    i.OS_QPost          os_q.o
    0x08004648   0x00000024   Code   RO         4717    i.OS_RdyListInit    os_core.o
    0x0800466c   0x0000002c   Code   RO         4718    i.OS_RdyListInsert  os_core.o
    0x08004698   0x00000040   Code   RO         4719    i.OS_RdyListInsertHead  os_core.o
    0x080046d8   0x0000003c   Code   RO         4720    i.OS_RdyListInsertTail  os_core.o
    0x08004714   0x00000044   Code   RO         4721    i.OS_RdyListMoveHeadToTail  os_core.o
    0x08004758   0x0000005c   Code   RO         4722    i.OS_RdyListRemove  os_core.o
    0x080047b4   0x0000005c   Code   RO         4723    i.OS_Sched0         os_core.o
    0x08004810   0x0000001c   Code   RO         4724    i.OS_SchedLockTimeMeasStart  os_core.o
    0x0800482c   0x0000003c   Code   RO         4725    i.OS_SchedLockTimeMeasStop  os_core.o
    0x08004868   0x000000ec   Code   RO         4726    i.OS_SchedRoundRobin  os_core.o
    0x08004954   0x00000018   Code   RO         5344    i.OS_SemInit        os_sem.o
    0x0800496c   0x00000198   Code   RO         5345    i.OS_SemPost        os_sem.o
    0x08004b04   0x000003b8   Code   RO         5409    i.OS_StatTask       os_stat.o
    0x08004ebc   0x000000cc   Code   RO         5410    i.OS_StatTaskInit   os_stat.o
    0x08004f88   0x00000038   Code   RO         4727    i.OS_TaskBlock      os_core.o
    0x08004fc0   0x00000030   Code   RO         5455    i.OS_TaskDbgListAdd  os_task.o
    0x08004ff0   0x00000044   Code   RO         5456    i.OS_TaskDbgListRemove  os_task.o
    0x08005034   0x00000020   Code   RO         5457    i.OS_TaskInit       os_task.o
    0x08005054   0x000000d0   Code   RO         5458    i.OS_TaskInitTCB    os_task.o
    0x08005124   0x0000026c   Code   RO         5459    i.OS_TaskQPost      os_task.o
    0x08005390   0x0000001c   Code   RO         4728    i.OS_TaskRdy        os_core.o
    0x080053ac   0x0000017c   Code   RO         5460    i.OS_TaskResume     os_task.o
    0x08005528   0x00000018   Code   RO         5461    i.OS_TaskReturn     os_task.o
    0x08005540   0x000005a8   Code   RO         5462    i.OS_TaskSemPost    os_task.o
    0x08005ae8   0x00000190   Code   RO         5463    i.OS_TaskSuspend    os_task.o
    0x08005c78   0x00000028   Code   RO         5605    i.OS_TickListInit   os_tick.o
    0x08005ca0   0x000001bc   Code   RO         5606    i.OS_TickListInsert  os_tick.o
    0x08005e5c   0x00000038   Code   RO         5607    i.OS_TickListRemove  os_tick.o
    0x08005e94   0x00000024   Code   RO         5608    i.OS_TickListResetPeak  os_tick.o
    0x08005eb8   0x00000220   Code   RO         5609    i.OS_TickListUpdate  os_tick.o
    0x080060d8   0x0000002c   Code   RO         5610    i.OS_TickTask       os_tick.o
    0x08006104   0x000000b8   Code   RO         5611    i.OS_TickTaskInit   os_tick.o
    0x080061bc   0x00000128   Code   RO         5704    i.OS_TmrInit        os_tmr.o
    0x080062e4   0x000000d0   Code   RO         5705    i.OS_TmrLink        os_tmr.o
    0x080063b4   0x00000024   Code   RO         5706    i.OS_TmrResetPeak   os_tmr.o
    0x080063d8   0x000000c0   Code   RO         5707    i.OS_TmrTask        os_tmr.o
    0x08006498   0x00000050   Code   RO         5708    i.OS_TmrUnlink      os_tmr.o
    0x080064e8   0x00000020   Code   RO         1710    i.RCC_APB2PeriphClockCmd  stm32f10x_rcc.o
    0x08006508   0x000000d4   Code   RO         1718    i.RCC_GetClocksFreq  stm32f10x_rcc.o
    0x080065dc   0x00000002   Code   RO         3114    i.SVC_Handler       stm32f10x_it.o
    0x080065de   0x00000008   Code   RO           24    i.SetSysClock       system_stm32f10x.o
    0x080065e6   0x00000002   PAD
    0x080065e8   0x000000e0   Code   RO           25    i.SetSysClockTo72   system_stm32f10x.o
    0x080066c8   0x00000060   Code   RO           27    i.SystemInit        system_stm32f10x.o
    0x08006728   0x000000e8   Code   RO         3116    i.USART1_IRQHandler  stm32f10x_it.o
    0x08006810   0x00000040   Code   RO         3456    i.USART1_Send_Data  bsp_usart1.o
    0x08006850   0x00000018   Code   RO         2878    i.USART_Cmd         stm32f10x_usart.o
    0x08006868   0x0000001a   Code   RO         2881    i.USART_GetFlagStatus  stm32f10x_usart.o
    0x08006882   0x00000054   Code   RO         2882    i.USART_GetITStatus  stm32f10x_usart.o
    0x080068d6   0x0000004a   Code   RO         2884    i.USART_ITConfig    stm32f10x_usart.o
    0x08006920   0x000000d8   Code   RO         2885    i.USART_Init        stm32f10x_usart.o
    0x080069f8   0x0000000a   Code   RO         2892    i.USART_ReceiveData  stm32f10x_usart.o
    0x08006a02   0x00000008   Code   RO         2895    i.USART_SendData    stm32f10x_usart.o
    0x08006a0a   0x00000002   PAD
    0x08006a0c   0x000000b0   Code   RO         3458    i.USARTx_Config     bsp_usart1.o
    0x08006abc   0x000000ac   Code   RO         3541    i.Updata_Node       bsp_list.o
    0x08006b68   0x00000004   Code   RO         3117    i.UsageFault_Handler  stm32f10x_it.o
    0x08006b6c   0x00000020   Code   RO         6146    i.__0printf         mc_w.l(printfa.o)
    0x08006b8c   0x0000000e   Code   RO         6292    i.__scatterload_copy  mc_w.l(handlers.o)
    0x08006b9a   0x00000002   Code   RO         6293    i.__scatterload_null  mc_w.l(handlers.o)
    0x08006b9c   0x0000000e   Code   RO         6294    i.__scatterload_zeroinit  mc_w.l(handlers.o)
    0x08006baa   0x00000002   PAD
    0x08006bac   0x00000164   Code   RO         6153    i._fp_digits        mc_w.l(printfa.o)
    0x08006d10   0x000006dc   Code   RO         6154    i._printf_core      mc_w.l(printfa.o)
    0x080073ec   0x00000024   Code   RO         6155    i._printf_post_padding  mc_w.l(printfa.o)
    0x08007410   0x0000002e   Code   RO         6156    i._printf_pre_padding  mc_w.l(printfa.o)
    0x0800743e   0x00000002   PAD
    0x08007440   0x00000024   Code   RO         3460    i.fputc             bsp_usart1.o
    0x08007464   0x00000050   Code   RO         6174    i.free              mc_w.l(malloc.o)
    0x080074b4   0x00000060   Code   RO         3269    i.main              app.o
    0x08007514   0x0000006c   Code   RO         6175    i.malloc            mc_w.l(malloc.o)
    0x08007580   0x000000a4   Data   RO         4668    .constdata          os_cfg_app.o
    0x08007624   0x0000016c   Data   RO         4936    .constdata          os_dbg.o
    0x08007790   0x00000020   Data   RO         6290    Region$$Table       anon$$obj.o


    Execution Region RW_IRAM1 (Base: 0x20000000, Size: 0x0000a3a8, Max: 0x00010000, ABSOLUTE)

    Base Addr    Size         Type   Attr      Idx    E Section Name        Object

    0x20000000   0x00000014   Data   RW         1738    .data               stm32f10x_rcc.o
    0x20000014   0x00000005   Data   RW         3119    .data               stm32f10x_it.o
    0x20000019   0x00000003   PAD
    0x2000001c   0x00000008   Data   RW         3271    .data               app.o
    0x20000024   0x0000001c   Data   RW         4056    .data               cpu_core.o
    0x20000040   0x00000004   Data   RW         4411    .data               lib_mem.o
    0x20000044   0x00000004   Data   RW         5230    .data               os_prio.o
    0x20000048   0x000000d0   Data   RW         5786    .data               os_var.o
    0x20000118   0x00000004   Data   RW         5813    .data               os_cpu_c.o
    0x2000011c   0x00000004   Data   RW         6257    .data               mc_w.l(stdout.o)
    0x20000120   0x00000004   Data   RW         6268    .data               mc_w.l(mvars.o)
    0x20000124   0x00000004   Data   RW         6269    .data               mc_w.l(mvars.o)
    0x20000128   0x00000014   Zero   RW         3118    .bss                stm32f10x_it.o
    0x2000013c   0x0000160c   Zero   RW         3270    .bss                app.o
    0x20001748   0x00000010   Zero   RW         4054    .bss                cpu_core.o
    0x20001758   0x00006c48   Zero   RW         4410    .bss                lib_mem.o
    0x200083a0   0x00001490   Zero   RW         4667    .bss                os_cfg_app.o
    0x20009830   0x00000574   Zero   RW         5785    .bss                os_var.o
    0x20009da4   0x00000004   PAD
    0x20009da8   0x00000200   Zero   RW            2    HEAP                startup_stm32f10x_hd.o
    0x20009fa8   0x00000400   Zero   RW            1    STACK               startup_stm32f10x_hd.o


==============================================================================

Image component sizes


      Code (inc. data)   RO Data    RW Data    ZI Data      Debug   Object Name

      1152        174          0          8       5644      33399   app.o
       108         18          0          0          0       1889   bsp.o
        14          0          0          0          0       1814   bsp_cjosn.o
        88         10          0          0          0       1378   bsp_key.o
       136         18          0          0          0        951   bsp_led.o
       762         36          0          0          0       5282   bsp_list.o
       276         16          0          0          0       3431   bsp_usart1.o
         0          0          0          0          0       4528   core_cm3.o
        52          0          0          0          0        340   cpu_a.o
       540         98          0         28         16      16205   cpu_core.o
       188         18          0          4      27720      13463   lib_mem.o
       132         22          0          0          0       1531   misc.o
         2          0        164          0       5264      20910   os_cfg_app.o
      3184        424          0          0          0      21138   os_core.o
       132         32          0          0          0        384   os_cpu_a.o
       656         68          0          4          0       7949   os_cpu_c.o
       436        286        364          0          0       4769   os_dbg.o
       746         28          0          0          0       2973   os_flag.o
      1176        204          0          0          0       3354   os_int.o
       644         34          0          0          0       4036   os_mem.o
       570         32          0          0          0       3974   os_msg.o
      1784         90          0          0          0       4592   os_mutex.o
       136         16          0          4          0       2754   os_prio.o
       416         20          0          0          0       2126   os_q.o
       432         14          0          0          0       2150   os_sem.o
      1772        214          0          0          0       3951   os_stat.o
      6168        282          0          0          0      15272   os_task.o
      1348        124          0          0          0       5301   os_tick.o
       404         28          0          0          0       1681   os_time.o
       812        134          0          0          0       4028   os_tmr.o
         0          0          0        208       1396      19465   os_var.o
        36          8        304          0       1536        872   startup_stm32f10x_hd.o
       304          0          0          0          0       3629   stm32f10x_gpio.o
       254         24          0          5         20      45067   stm32f10x_it.o
       244         26          0         20          0       3857   stm32f10x_rcc.o
       442          6          0          0          0       6097   stm32f10x_usart.o
       328         28          0          0          0     229997   system_stm32f10x.o

    ----------------------------------------------------------------------
     25892       2532        864        284      41600     504537   Object Totals
         0          0         32          0          0          0   (incl. Generated)
        18          0          0          3          4          0   (incl. Padding)

    ----------------------------------------------------------------------

      Code (inc. data)   RO Data    RW Data    ZI Data      Debug   Library Member Name

         0          0          0          0          0          0   entry.o
         0          0          0          0          0          0   entry10a.o
         0          0          0          0          0          0   entry11a.o
         8          4          0          0          0          0   entry2.o
         4          0          0          0          0          0   entry5.o
         0          0          0          0          0          0   entry7b.o
         0          0          0          0          0          0   entry8b.o
         8          4          0          0          0          0   entry9a.o
        30          0          0          0          0          0   handlers.o
        36          8          0          0          0         68   init.o
         0          0          0          0          0          0   iusefp.o
        30          0          0          0          0         68   llshl.o
        36          0          0          0          0         68   llsshr.o
        32          0          0          0          0         68   llushr.o
       188         20          0          0          0        160   malloc.o
        36          0          0          0          0         68   memcpya.o
        36          0          0          0          0        108   memseta.o
         0          0          0          8          0          0   mvars.o
      2226         90          0          0          0        444   printfa.o
         0          0          0          4          0          0   stdout.o
        44          0          0          0          0         80   uidiv.o
        98          0          0          0          0         92   uldiv.o
        48          0          0          0          0         68   cdrcmple.o
       334          0          0          0          0        148   dadd.o
       222          0          0          0          0        100   ddiv.o
       186          0          0          0          0        176   depilogue.o
        48          0          0          0          0         68   dfixul.o
       228          0          0          0          0         96   dmul.o

    ----------------------------------------------------------------------
      3884        126          0         12          0       1880   Library Totals
         6          0          0          0          0          0   (incl. Padding)

    ----------------------------------------------------------------------

      Code (inc. data)   RO Data    RW Data    ZI Data      Debug   Library Name

      2812        126          0         12          0       1224   mc_w.l
      1066          0          0          0          0        656   mf_w.l

    ----------------------------------------------------------------------
      3884        126          0         12          0       1880   Library Totals

    ----------------------------------------------------------------------

==============================================================================


      Code (inc. data)   RO Data    RW Data    ZI Data      Debug   

     29776       2658        864        296      41600     496585   Grand Totals
     29776       2658        864        296      41600     496585   ELF Image Totals
     29776       2658        864        296          0          0   ROM Totals

==============================================================================

    Total RO  Size (Code + RO Data)                30640 (  29.92kB)
    Total RW  Size (RW Data + ZI Data)             41896 (  40.91kB)
    Total ROM Size (Code + RO Data + RW Data)      30936 (  30.21kB)

==============================================================================

