<html>
<body>
<pre>
<h1>µVision Build Log</h1>
<h2>Tool Versions:</h2>
IDE-Version: ¦ÌVision V5.15
Copyright (C) 2015 ARM Ltd and ARM Germany GmbH. All rights reserved.
License Information: Microsoft, Microsoft, LIC=R4HLQ-NT2PS-UKTB6-DQSTZ-CNL02-1BALT
 
Tool Versions:
Toolchain:       MDK-ARM Professional  Version: 5.15.0
Toolchain Path:  F:\Program Files\Keil_v5\ARM\ARMCC\Bin
C Compiler:      Armcc.exe V5.05 update 2 (build 169)
Assembler:       Armasm.exe V5.05 update 2 (build 169)
Linker/Locator:  ArmLink.exe V5.05 update 2 (build 169)
Library Manager: ArmAr.exe V5.05 update 2 (build 169)
Hex Converter:   FromElf.exe V5.05 update 2 (build 169)
CPU DLL:         SARMCM3.DLL V5.15.0
Dialog DLL:      DCM.DLL V1.13.2.0
Target DLL:      Segger\JL2CM3.dll V2.99.15.0
Dialog DLL:      TCM.DLL V1.14.5.0
 
<h2>Project:</h2>
C:\Users\Moonlight\Desktop\Polling\Project\RVMDK£¨uv5£©\ISO-STM32.uvprojx
Project File Date:  12/15/2017

<h2>Output:</h2>
*** Using Compiler 'V5.05 update 2 (build 169)', folder: 'F:\Program Files\Keil_v5\ARM\ARMCC\Bin'
Build target '²âÊÔº¯Êý'
compiling bsp_cjosn.c...
..\..\User\BSP\cjson\bsp_cjosn.c(60): warning:  #177-D: variable "err" was declared but never referenced
        OS_ERR      err;        
..\..\User\BSP\cjson\bsp_cjosn.c(61): warning:  #177-D: variable "cpu_sr" was declared but never referenced
                CPU_SR_ALLOC();
..\..\User\BSP\cjson\bsp_cjosn.c: 2 warnings, 0 errors
linking...
Program Size: Code=44848 RO-data=1092 RW-data=432 ZI-data=62336  
FromELF: creating hex file...
".\Objects\ISO-STM32.axf" - 0 Error(s), 2 Warning(s).

<h2>Collection of Component include folders:</h2>
  C:\Users\Moonlight\Desktop\Polling\Project\RVMDK£¨uv5£©\RTE
  F:\Program Files\Keil_v5\ARM\PACK\Keil\STM32F1xx_DFP\2.2.0\Device\Include

<h2>Collection of Component Files used:</h2>
</pre>
</body>
</html>
