<html>
<body>
<pre>
<h1>µVision Build Log</h1>
<h2>Tool Versions:</h2>
IDE-Version: ¦ÌVision V5.15
Copyright (C) 2015 ARM Ltd and ARM Germany GmbH. All rights reserved.
License Information: Microsoft, Microsoft, LIC=R4HLQ-NT2PS-UKTB6-DQSTZ-CNL02-1BALT
 
Tool Versions:
Toolchain:       MDK-ARM Professional  Version: 5.15.0
Toolchain Path:  F:\Program Files\Keil_v5\ARM\ARMCC\Bin
C Compiler:      Armcc.exe V5.05 update 2 (build 169)
Assembler:       Armasm.exe V5.05 update 2 (build 169)
Linker/Locator:  ArmLink.exe V5.05 update 2 (build 169)
Library Manager: ArmAr.exe V5.05 update 2 (build 169)
Hex Converter:   FromElf.exe V5.05 update 2 (build 169)
CPU DLL:         SARMCM3.DLL V5.15.0
Dialog DLL:      DCM.DLL V1.13.2.0
Target DLL:      Segger\JL2CM3.dll V2.99.15.0
Dialog DLL:      TCM.DLL V1.14.5.0
 
<h2>Project:</h2>
C:\Users\Moonlight\Desktop\Polling\Project\RVMDK£¨uv5£©\ISO-STM32.uvprojx
Project File Date:  12/12/2017

<h2>Output:</h2>
*** Using Compiler 'V5.05 update 2 (build 169)', folder: 'F:\Program Files\Keil_v5\ARM\ARMCC\Bin'
Rebuild target '²âÊÔº¯Êý'
assembling startup_stm32f10x_hd.s...
compiling core_cm3.c...
compiling system_stm32f10x.c...
compiling misc.c...
compiling stm32f10x_adc.c...
compiling stm32f10x_bkp.c...
compiling stm32f10x_can.c...
compiling stm32f10x_cec.c...
compiling stm32f10x_crc.c...
compiling stm32f10x_dac.c...
compiling stm32f10x_dbgmcu.c...
compiling stm32f10x_dma.c...
compiling stm32f10x_exti.c...
compiling stm32f10x_flash.c...
compiling stm32f10x_fsmc.c...
compiling stm32f10x_gpio.c...
compiling stm32f10x_i2c.c...
compiling stm32f10x_iwdg.c...
compiling stm32f10x_pwr.c...
compiling stm32f10x_rcc.c...
compiling stm32f10x_rtc.c...
compiling stm32f10x_sdio.c...
compiling stm32f10x_spi.c...
compiling stm32f10x_tim.c...
compiling stm32f10x_usart.c...
compiling stm32f10x_wwdg.c...
compiling stm32f10x_it.c...
compiling app.c...
compiling os_app_hooks.c...
compiling bsp.c...
compiling bsp_led.c...
compiling bsp_usart1.c...
compiling bsp_key.c...
compiling bsp_list.c...
..\..\User\BSP\List\bsp_list.c(175): warning:  #177-D: variable "Offline_Channel" was declared but never referenced
        uint8_t Offline_Channel[6]={0};
..\..\User\BSP\List\bsp_list.c(179): warning:  #550-D: variable "Cpa_Pre" was set but never used
        Node *Cpa_Pre=Head;
..\..\User\BSP\List\bsp_list.c: 2 warnings, 0 errors
compiling bsp_cjosn.c...
compiling cJSON.c...
..\..\User\BSP\cjson\cJSON.c(57): warning:  #1293-D: assignment in condition
        if (!(copy = (char*)cJSON_malloc(len))) return 0;
..\..\User\BSP\cjson\cJSON.c(223): warning:  #1293-D: assignment in condition
    while ((token=*ptr) && ++len) 
..\..\User\BSP\cjson\cJSON.c(341): warning:  #1293-D: assignment in condition
                if (!(new_item=cJSON_New_Item())) return 0;     /* memory fail */
..\..\User\BSP\cjson\cJSON.c(431): warning:  #1293-D: assignment in condition
                if (!(new_item=cJSON_New_Item()))       return 0; /* memory fail */
..\..\User\BSP\cjson\cJSON.c: 4 warnings, 0 errors
compiling malloc.c...
compiling bsp_I2C_EEPROM.c...
compiling bsp_I2C_GPIO.c...
compiling bsp_SPI.c...
compiling cpu_core.c...
assembling cpu_a.asm...
compiling cpu_c.c...
compiling lib_ascii.c...
compiling lib_math.c...
compiling lib_mem.c...
compiling lib_str.c...
assembling lib_mem_a.asm...
compiling os_cfg_app.c...
compiling os_core.c...
compiling os_dbg.c...
compiling os_flag.c...
compiling os_int.c...
compiling os_mem.c...
compiling os_msg.c...
compiling os_mutex.c...
compiling os_pend_multi.c...
compiling os_prio.c...
compiling os_q.c...
compiling os_sem.c...
compiling os_stat.c...
compiling os_task.c...
compiling os_tick.c...
compiling os_time.c...
compiling os_tmr.c...
compiling os_var.c...
assembling os_cpu_a.s...
compiling os_cpu_c.c...
compiling w5500_conf.c...
compiling w5500.c...
compiling socket.c...
compiling utility.c...
..\..\User\BSP\Ethernet\W5500\utility.c(19): warning:  #177-D: variable "fac_us" was declared but never referenced
  static u8  fac_us=0;                                                                                                                                                                                                          /*us??Ê±±¶????*/
..\..\User\BSP\Ethernet\W5500\utility.c(20): warning:  #177-D: variable "fac_ms" was declared but never referenced
  static u16 fac_ms=0;                                                                                                                                                                                                          /*ms??Ê±±¶????*/
..\..\User\BSP\Ethernet\W5500\utility.c: 2 warnings, 0 errors
compiling tcp_demo.c...
linking...
Program Size: Code=38884 RO-data=940 RW-data=392 ZI-data=63384  
FromELF: creating hex file...
".\Objects\ISO-STM32.axf" - 0 Error(s), 8 Warning(s).

<h2>Collection of Component include folders:</h2>
  C:\Users\Moonlight\Desktop\Polling\Project\RVMDK£¨uv5£©\RTE
  F:\Program Files\Keil_v5\ARM\PACK\Keil\STM32F1xx_DFP\2.2.0\Device\Include

<h2>Collection of Component Files used:</h2>
</pre>
</body>
</html>
